###############################################################################
#
# IAR ELF Linker V9.40.1.364/W64 for ARM                  19/Dec/2025  23:40:42
# Copyright 2007-2023 IAR Systems AB.
#
#    Output file  =
#        D:\CYT4BB7_Library-master\Seekfree_CYT4BB_Opensource_Library\project\iar\project_config\Debug_m7_0\Exe\cyt4bb7_cm_7_0.out
#    Map file     =
#        D:\CYT4BB7_Library-master\Seekfree_CYT4BB_Opensource_Library\project\iar\Debug_m7_0\List\cyt4bb7_cm_7_0.map
#    Command line =
#        -f
#        D:\CYT4BB7_Library-master\Seekfree_CYT4BB_Opensource_Library\project\iar\project_config\Debug_m7_0\Exe\cyt4bb7_cm_7_0.out.rsp
#        (D:\CYT4BB7_Library-master\Seekfree_CYT4BB_Opensource_Library\project\iar\Debug_m7_0\Obj\user_8514941877209965082.dir\cm7_0_isr.o
#        D:\CYT4BB7_Library-master\Seekfree_CYT4BB_Opensource_Library\project\iar\Debug_m7_0\Obj\adc_11722776235721520015.dir\cy_adc.o
#        D:\CYT4BB7_Library-master\Seekfree_CYT4BB_Opensource_Library\project\iar\Debug_m7_0\Obj\button_4990804375159372270.dir\cy_button.o
#        D:\CYT4BB7_Library-master\Seekfree_CYT4BB_Opensource_Library\project\iar\Debug_m7_0\Obj\canfd_1800690984773873875.dir\cy_canfd.o
#        D:\CYT4BB7_Library-master\Seekfree_CYT4BB_Opensource_Library\project\iar\Debug_m7_0\Obj\cpu_15938736945165268644.dir\cy_cpu.o
#        D:\CYT4BB7_Library-master\Seekfree_CYT4BB_Opensource_Library\project\iar\Debug_m7_0\Obj\crypto_1190170608956581615.dir\cy_crypto_config.o
#        D:\CYT4BB7_Library-master\Seekfree_CYT4BB_Opensource_Library\project\iar\Debug_m7_0\Obj\eth_phy_18133017486186456677.dir\cy_dp83867.o
#        D:\CYT4BB7_Library-master\Seekfree_CYT4BB_Opensource_Library\project\iar\Debug_m7_0\Obj\ethernet_6029839089178797009.dir\cy_ethif.o
#        D:\CYT4BB7_Library-master\Seekfree_CYT4BB_Opensource_Library\project\iar\Debug_m7_0\Obj\evtgen_3404189088603873129.dir\cy_evtgen.o
#        D:\CYT4BB7_Library-master\Seekfree_CYT4BB_Opensource_Library\project\iar\Debug_m7_0\Obj\flash_8529866181315662935.dir\cy_flash.o
#        D:\CYT4BB7_Library-master\Seekfree_CYT4BB_Opensource_Library\project\iar\Debug_m7_0\Obj\gpio_3999404635324069351.dir\cy_gpio.o
#        D:\CYT4BB7_Library-master\Seekfree_CYT4BB_Opensource_Library\project\iar\Debug_m7_0\Obj\audioss_1346650047966882938.dir\cy_i2s.o
#        D:\CYT4BB7_Library-master\Seekfree_CYT4BB_Opensource_Library\project\iar\Debug_m7_0\Obj\rev_b_6162237342861132223.dir\cy_interrupt_map.o
#        D:\CYT4BB7_Library-master\Seekfree_CYT4BB_Opensource_Library\project\iar\Debug_m7_0\Obj\ipc_10145506163450686023.dir\cy_ipc_drv.o
#        D:\CYT4BB7_Library-master\Seekfree_CYT4BB_Opensource_Library\project\iar\Debug_m7_0\Obj\ipc_10145506163450686023.dir\cy_ipc_pipe.o
#        D:\CYT4BB7_Library-master\Seekfree_CYT4BB_Opensource_Library\project\iar\Debug_m7_0\Obj\ipc_10145506163450686023.dir\cy_ipc_sema.o
#        D:\CYT4BB7_Library-master\Seekfree_CYT4BB_Opensource_Library\project\iar\Debug_m7_0\Obj\lin_18429031207028094880.dir\cy_lin.o
#        D:\CYT4BB7_Library-master\Seekfree_CYT4BB_Opensource_Library\project\iar\Debug_m7_0\Obj\lvd_6353935867039560245.dir\cy_lvd.o
#        D:\CYT4BB7_Library-master\Seekfree_CYT4BB_Opensource_Library\project\iar\Debug_m7_0\Obj\mcwdt_4052485907822033969.dir\cy_mcwdt.o
#        D:\CYT4BB7_Library-master\Seekfree_CYT4BB_Opensource_Library\project\iar\Debug_m7_0\Obj\dma_12106025507578611576.dir\cy_mdma.o
#        D:\CYT4BB7_Library-master\Seekfree_CYT4BB_Opensource_Library\project\iar\Debug_m7_0\Obj\mpu_5663187252346826382.dir\cy_mpu.o
#        D:\CYT4BB7_Library-master\Seekfree_CYT4BB_Opensource_Library\project\iar\Debug_m7_0\Obj\flash_864493325053435817.dir\cy_mw_flash.o
#        D:\CYT4BB7_Library-master\Seekfree_CYT4BB_Opensource_Library\project\iar\Debug_m7_0\Obj\dma_12106025507578611576.dir\cy_pdma.o
#        D:\CYT4BB7_Library-master\Seekfree_CYT4BB_Opensource_Library\project\iar\Debug_m7_0\Obj\power_14453085144426420577.dir\cy_power.o
#        D:\CYT4BB7_Library-master\Seekfree_CYT4BB_Opensource_Library\project\iar\Debug_m7_0\Obj\prot_10722960861768657883.dir\cy_prot.o
#        D:\CYT4BB7_Library-master\Seekfree_CYT4BB_Opensource_Library\project\iar\Debug_m7_0\Obj\scb_15490842639181808494.dir\cy_scb_common.o
#        D:\CYT4BB7_Library-master\Seekfree_CYT4BB_Opensource_Library\project\iar\Debug_m7_0\Obj\scb_15490842639181808494.dir\cy_scb_ezi2c.o
#        D:\CYT4BB7_Library-master\Seekfree_CYT4BB_Opensource_Library\project\iar\Debug_m7_0\Obj\scb_15490842639181808494.dir\cy_scb_i2c.o
#        D:\CYT4BB7_Library-master\Seekfree_CYT4BB_Opensource_Library\project\iar\Debug_m7_0\Obj\scb_15490842639181808494.dir\cy_scb_spi.o
#        D:\CYT4BB7_Library-master\Seekfree_CYT4BB_Opensource_Library\project\iar\Debug_m7_0\Obj\scb_15490842639181808494.dir\cy_scb_uart.o
#        D:\CYT4BB7_Library-master\Seekfree_CYT4BB_Opensource_Library\project\iar\Debug_m7_0\Obj\sd_host_2982766354293506895.dir\cy_sd_host.o
#        D:\CYT4BB7_Library-master\Seekfree_CYT4BB_Opensource_Library\project\iar\Debug_m7_0\Obj\semihosting_143864889731838620.dir\cy_semihosting.o
#        D:\CYT4BB7_Library-master\Seekfree_CYT4BB_Opensource_Library\project\iar\Debug_m7_0\Obj\smartio_5451710003740070188.dir\cy_smartio.o
#        D:\CYT4BB7_Library-master\Seekfree_CYT4BB_Opensource_Library\project\iar\Debug_m7_0\Obj\smif_427648126384146252.dir\cy_smif.o
#        D:\CYT4BB7_Library-master\Seekfree_CYT4BB_Opensource_Library\project\iar\Debug_m7_0\Obj\smif_mem_6470536964353725183.dir\cy_smif_device_common.o
#        D:\CYT4BB7_Library-master\Seekfree_CYT4BB_Opensource_Library\project\iar\Debug_m7_0\Obj\smif_mem_6470536964353725183.dir\cy_smif_hb_flash.o
#        D:\CYT4BB7_Library-master\Seekfree_CYT4BB_Opensource_Library\project\iar\Debug_m7_0\Obj\smif_427648126384146252.dir\cy_smif_memslot.o
#        D:\CYT4BB7_Library-master\Seekfree_CYT4BB_Opensource_Library\project\iar\Debug_m7_0\Obj\smif_mem_6470536964353725183.dir\cy_smif_s25fl.o
#        D:\CYT4BB7_Library-master\Seekfree_CYT4BB_Opensource_Library\project\iar\Debug_m7_0\Obj\smif_mem_6470536964353725183.dir\cy_smif_s25fs.o
#        D:\CYT4BB7_Library-master\Seekfree_CYT4BB_Opensource_Library\project\iar\Debug_m7_0\Obj\smif_mem_6470536964353725183.dir\cy_smif_semp.o
#        D:\CYT4BB7_Library-master\Seekfree_CYT4BB_Opensource_Library\project\iar\Debug_m7_0\Obj\smif_427648126384146252.dir\cy_smif_ver_specific.o
#        D:\CYT4BB7_Library-master\Seekfree_CYT4BB_Opensource_Library\project\iar\Debug_m7_0\Obj\srom_13018798572330080582.dir\cy_srom.o
#        D:\CYT4BB7_Library-master\Seekfree_CYT4BB_Opensource_Library\project\iar\Debug_m7_0\Obj\sw_timer_4215635015939382130.dir\cy_sw_tmr.o
#        D:\CYT4BB7_Library-master\Seekfree_CYT4BB_Opensource_Library\project\iar\Debug_m7_0\Obj\sysclk_16149231235676103872.dir\cy_sysclk.o
#        D:\CYT4BB7_Library-master\Seekfree_CYT4BB_Opensource_Library\project\iar\Debug_m7_0\Obj\sysflt_12293435975120599261.dir\cy_sysflt.o
#        D:\CYT4BB7_Library-master\Seekfree_CYT4BB_Opensource_Library\project\iar\Debug_m7_0\Obj\sysint_7435970359207984181.dir\cy_sysint.o
#        D:\CYT4BB7_Library-master\Seekfree_CYT4BB_Opensource_Library\project\iar\Debug_m7_0\Obj\syslib_16330585751512546975.dir\cy_syslib.o
#        D:\CYT4BB7_Library-master\Seekfree_CYT4BB_Opensource_Library\project\iar\Debug_m7_0\Obj\syslib_16330585751512546975.dir\cy_syslib_iar.o
#        D:\CYT4BB7_Library-master\Seekfree_CYT4BB_Opensource_Library\project\iar\Debug_m7_0\Obj\syspm_10887939769544754770.dir\cy_syspm.o
#        D:\CYT4BB7_Library-master\Seekfree_CYT4BB_Opensource_Library\project\iar\Debug_m7_0\Obj\sysreghc_17676636058511625587.dir\cy_sysreghc.o
#        D:\CYT4BB7_Library-master\Seekfree_CYT4BB_Opensource_Library\project\iar\Debug_m7_0\Obj\sysreset_14586141425677365288.dir\cy_sysreset.o
#        D:\CYT4BB7_Library-master\Seekfree_CYT4BB_Opensource_Library\project\iar\Debug_m7_0\Obj\sysrtc_10747768817563771611.dir\cy_sysrtc.o
#        D:\CYT4BB7_Library-master\Seekfree_CYT4BB_Opensource_Library\project\iar\Debug_m7_0\Obj\systick_16016591671695740695.dir\cy_systick.o
#        D:\CYT4BB7_Library-master\Seekfree_CYT4BB_Opensource_Library\project\iar\Debug_m7_0\Obj\syswdt_9118657615806274156.dir\cy_syswdt.o
#        D:\CYT4BB7_Library-master\Seekfree_CYT4BB_Opensource_Library\project\iar\Debug_m7_0\Obj\tcpwm_422923530147891246.dir\cy_tcpwm.o
#        D:\CYT4BB7_Library-master\Seekfree_CYT4BB_Opensource_Library\project\iar\Debug_m7_0\Obj\tcpwm_422923530147891246.dir\cy_tcpwm_counter.o
#        D:\CYT4BB7_Library-master\Seekfree_CYT4BB_Opensource_Library\project\iar\Debug_m7_0\Obj\tcpwm_422923530147891246.dir\cy_tcpwm_pwm.o
#        D:\CYT4BB7_Library-master\Seekfree_CYT4BB_Opensource_Library\project\iar\Debug_m7_0\Obj\tcpwm_422923530147891246.dir\cy_tcpwm_quaddec.o
#        D:\CYT4BB7_Library-master\Seekfree_CYT4BB_Opensource_Library\project\iar\Debug_m7_0\Obj\tcpwm_422923530147891246.dir\cy_tcpwm_sr.o
#        D:\CYT4BB7_Library-master\Seekfree_CYT4BB_Opensource_Library\project\iar\Debug_m7_0\Obj\trigmux_9729677290734583340.dir\cy_trigmux.o
#        D:\CYT4BB7_Library-master\Seekfree_CYT4BB_Opensource_Library\project\iar\Debug_m7_0\Obj\ethernet_6029839089178797009.dir\edd.o
#        D:\CYT4BB7_Library-master\Seekfree_CYT4BB_Opensource_Library\project\iar\Debug_m7_0\Obj\ethernet_6029839089178797009.dir\edd_rx.o
#        D:\CYT4BB7_Library-master\Seekfree_CYT4BB_Opensource_Library\project\iar\Debug_m7_0\Obj\ethernet_6029839089178797009.dir\edd_tx.o
#        D:\CYT4BB7_Library-master\Seekfree_CYT4BB_Opensource_Library\project\iar\Debug_m7_0\Obj\code_17896468042025673432.dir\encoder.o
#        D:\CYT4BB7_Library-master\Seekfree_CYT4BB_Opensource_Library\project\iar\Debug_m7_0\Obj\code_17896468042025673432.dir\key.o
#        D:\CYT4BB7_Library-master\Seekfree_CYT4BB_Opensource_Library\project\iar\Debug_m7_0\Obj\user_8514941877209965082.dir\main_cm7_0.o
#        D:\CYT4BB7_Library-master\Seekfree_CYT4BB_Opensource_Library\project\iar\Debug_m7_0\Obj\code_17896468042025673432.dir\motor.o
#        D:\CYT4BB7_Library-master\Seekfree_CYT4BB_Opensource_Library\project\iar\Debug_m7_0\Obj\zf_components_14936052685886095442.dir\seekfree_assistant.o
#        D:\CYT4BB7_Library-master\Seekfree_CYT4BB_Opensource_Library\project\iar\Debug_m7_0\Obj\zf_components_14936052685886095442.dir\seekfree_assistant_interface.o
#        D:\CYT4BB7_Library-master\Seekfree_CYT4BB_Opensource_Library\project\iar\Debug_m7_0\Obj\startup_479057977785470282.dir\startup.o
#        D:\CYT4BB7_Library-master\Seekfree_CYT4BB_Opensource_Library\project\iar\Debug_m7_0\Obj\startup_479057977785470282.dir\startup_cm7.o
#        D:\CYT4BB7_Library-master\Seekfree_CYT4BB_Opensource_Library\project\iar\Debug_m7_0\Obj\rev_b_4986922561640112550.dir\system_tviibh4m_cm7.o
#        D:\CYT4BB7_Library-master\Seekfree_CYT4BB_Opensource_Library\project\iar\Debug_m7_0\Obj\zf_common_1201165462030747823.dir\zf_common_clock.o
#        D:\CYT4BB7_Library-master\Seekfree_CYT4BB_Opensource_Library\project\iar\Debug_m7_0\Obj\zf_common_1201165462030747823.dir\zf_common_debug.o
#        D:\CYT4BB7_Library-master\Seekfree_CYT4BB_Opensource_Library\project\iar\Debug_m7_0\Obj\zf_common_1201165462030747823.dir\zf_common_fifo.o
#        D:\CYT4BB7_Library-master\Seekfree_CYT4BB_Opensource_Library\project\iar\Debug_m7_0\Obj\zf_common_1201165462030747823.dir\zf_common_font.o
#        D:\CYT4BB7_Library-master\Seekfree_CYT4BB_Opensource_Library\project\iar\Debug_m7_0\Obj\zf_common_1201165462030747823.dir\zf_common_function.o
#        D:\CYT4BB7_Library-master\Seekfree_CYT4BB_Opensource_Library\project\iar\Debug_m7_0\Obj\zf_common_1201165462030747823.dir\zf_common_interrupt.o
#        D:\CYT4BB7_Library-master\Seekfree_CYT4BB_Opensource_Library\project\iar\Debug_m7_0\Obj\zf_device_6570275422786408770.dir\zf_device_ble6a20.o
#        D:\CYT4BB7_Library-master\Seekfree_CYT4BB_Opensource_Library\project\iar\Debug_m7_0\Obj\zf_device_6570275422786408770.dir\zf_device_dl1a.o
#        D:\CYT4BB7_Library-master\Seekfree_CYT4BB_Opensource_Library\project\iar\Debug_m7_0\Obj\zf_device_6570275422786408770.dir\zf_device_dl1b.o
#        D:\CYT4BB7_Library-master\Seekfree_CYT4BB_Opensource_Library\project\iar\Debug_m7_0\Obj\zf_device_6570275422786408770.dir\zf_device_gnss.o
#        D:\CYT4BB7_Library-master\Seekfree_CYT4BB_Opensource_Library\project\iar\Debug_m7_0\Obj\zf_device_6570275422786408770.dir\zf_device_icm20602.o
#        D:\CYT4BB7_Library-master\Seekfree_CYT4BB_Opensource_Library\project\iar\Debug_m7_0\Obj\zf_device_6570275422786408770.dir\zf_device_imu660ra.o
#        D:\CYT4BB7_Library-master\Seekfree_CYT4BB_Opensource_Library\project\iar\Debug_m7_0\Obj\zf_device_6570275422786408770.dir\zf_device_imu963ra.o
#        D:\CYT4BB7_Library-master\Seekfree_CYT4BB_Opensource_Library\project\iar\Debug_m7_0\Obj\zf_device_6570275422786408770.dir\zf_device_ips114.o
#        D:\CYT4BB7_Library-master\Seekfree_CYT4BB_Opensource_Library\project\iar\Debug_m7_0\Obj\zf_device_6570275422786408770.dir\zf_device_ips200.o
#        D:\CYT4BB7_Library-master\Seekfree_CYT4BB_Opensource_Library\project\iar\Debug_m7_0\Obj\zf_device_6570275422786408770.dir\zf_device_ips200pro.o
#        D:\CYT4BB7_Library-master\Seekfree_CYT4BB_Opensource_Library\project\iar\Debug_m7_0\Obj\zf_device_6570275422786408770.dir\zf_device_key.o
#        D:\CYT4BB7_Library-master\Seekfree_CYT4BB_Opensource_Library\project\iar\Debug_m7_0\Obj\zf_device_6570275422786408770.dir\zf_device_menc15a.o
#        D:\CYT4BB7_Library-master\Seekfree_CYT4BB_Opensource_Library\project\iar\Debug_m7_0\Obj\zf_device_6570275422786408770.dir\zf_device_mt9v03x.o
#        D:\CYT4BB7_Library-master\Seekfree_CYT4BB_Opensource_Library\project\iar\Debug_m7_0\Obj\zf_device_6570275422786408770.dir\zf_device_oled.o
#        D:\CYT4BB7_Library-master\Seekfree_CYT4BB_Opensource_Library\project\iar\Debug_m7_0\Obj\zf_device_6570275422786408770.dir\zf_device_tft180.o
#        D:\CYT4BB7_Library-master\Seekfree_CYT4BB_Opensource_Library\project\iar\Debug_m7_0\Obj\zf_device_6570275422786408770.dir\zf_device_tsl1401.o
#        D:\CYT4BB7_Library-master\Seekfree_CYT4BB_Opensource_Library\project\iar\Debug_m7_0\Obj\zf_device_6570275422786408770.dir\zf_device_type.o
#        D:\CYT4BB7_Library-master\Seekfree_CYT4BB_Opensource_Library\project\iar\Debug_m7_0\Obj\zf_device_6570275422786408770.dir\zf_device_uart_receiver.o
#        D:\CYT4BB7_Library-master\Seekfree_CYT4BB_Opensource_Library\project\iar\Debug_m7_0\Obj\zf_device_6570275422786408770.dir\zf_device_wifi_spi.o
#        D:\CYT4BB7_Library-master\Seekfree_CYT4BB_Opensource_Library\project\iar\Debug_m7_0\Obj\zf_device_6570275422786408770.dir\zf_device_wifi_uart.o
#        D:\CYT4BB7_Library-master\Seekfree_CYT4BB_Opensource_Library\project\iar\Debug_m7_0\Obj\zf_device_6570275422786408770.dir\zf_device_wireless_uart.o
#        D:\CYT4BB7_Library-master\Seekfree_CYT4BB_Opensource_Library\project\iar\Debug_m7_0\Obj\zf_driver_11922370083829174090.dir\zf_driver_adc.o
#        D:\CYT4BB7_Library-master\Seekfree_CYT4BB_Opensource_Library\project\iar\Debug_m7_0\Obj\zf_driver_11922370083829174090.dir\zf_driver_delay.o
#        D:\CYT4BB7_Library-master\Seekfree_CYT4BB_Opensource_Library\project\iar\Debug_m7_0\Obj\zf_driver_11922370083829174090.dir\zf_driver_dma.o
#        D:\CYT4BB7_Library-master\Seekfree_CYT4BB_Opensource_Library\project\iar\Debug_m7_0\Obj\zf_driver_11922370083829174090.dir\zf_driver_encoder.o
#        D:\CYT4BB7_Library-master\Seekfree_CYT4BB_Opensource_Library\project\iar\Debug_m7_0\Obj\zf_driver_11922370083829174090.dir\zf_driver_exti.o
#        D:\CYT4BB7_Library-master\Seekfree_CYT4BB_Opensource_Library\project\iar\Debug_m7_0\Obj\zf_driver_11922370083829174090.dir\zf_driver_flash.o
#        D:\CYT4BB7_Library-master\Seekfree_CYT4BB_Opensource_Library\project\iar\Debug_m7_0\Obj\zf_driver_11922370083829174090.dir\zf_driver_gpio.o
#        D:\CYT4BB7_Library-master\Seekfree_CYT4BB_Opensource_Library\project\iar\Debug_m7_0\Obj\zf_driver_11922370083829174090.dir\zf_driver_ipc.o
#        D:\CYT4BB7_Library-master\Seekfree_CYT4BB_Opensource_Library\project\iar\Debug_m7_0\Obj\zf_driver_11922370083829174090.dir\zf_driver_pit.o
#        D:\CYT4BB7_Library-master\Seekfree_CYT4BB_Opensource_Library\project\iar\Debug_m7_0\Obj\zf_driver_11922370083829174090.dir\zf_driver_pwm.o
#        D:\CYT4BB7_Library-master\Seekfree_CYT4BB_Opensource_Library\project\iar\Debug_m7_0\Obj\zf_driver_11922370083829174090.dir\zf_driver_soft_iic.o
#        D:\CYT4BB7_Library-master\Seekfree_CYT4BB_Opensource_Library\project\iar\Debug_m7_0\Obj\zf_driver_11922370083829174090.dir\zf_driver_soft_spi.o
#        D:\CYT4BB7_Library-master\Seekfree_CYT4BB_Opensource_Library\project\iar\Debug_m7_0\Obj\zf_driver_11922370083829174090.dir\zf_driver_spi.o
#        D:\CYT4BB7_Library-master\Seekfree_CYT4BB_Opensource_Library\project\iar\Debug_m7_0\Obj\zf_driver_11922370083829174090.dir\zf_driver_timer.o
#        D:\CYT4BB7_Library-master\Seekfree_CYT4BB_Opensource_Library\project\iar\Debug_m7_0\Obj\zf_driver_11922370083829174090.dir\zf_driver_uart.o
#        --no_out_extension -o
#        D:\CYT4BB7_Library-master\Seekfree_CYT4BB_Opensource_Library\project\iar\project_config\Debug_m7_0\Exe\cyt4bb7_cm_7_0.out
#        --config_def _CORE_cm7_0_=0 --config_def _LINK_flash_=0 --map
#        D:\CYT4BB7_Library-master\Seekfree_CYT4BB_Opensource_Library\project\iar\Debug_m7_0\List\cyt4bb7_cm_7_0.map
#        --config
#        D:\CYT4BB7_Library-master\Seekfree_CYT4BB_Opensource_Library\project\iar\project_config\..\icf\linker_directives_tviibh.icf
#        --semihosting
#        D:\CYT4BB7_Library-master\Seekfree_CYT4BB_Opensource_Library\project\iar\project_config\..\..\..\libraries\sdk\tviibh4m\src\drivers\crypto\libs\libcrypto_server_cm0plus_iar.a
#        D:\CYT4BB7_Library-master\Seekfree_CYT4BB_Opensource_Library\project\iar\project_config\..\..\..\libraries\zf_device\zf_device_config.a
#        D:\CYT4BB7_Library-master\Seekfree_CYT4BB_Opensource_Library\project\iar\project_config\..\..\..\libraries\sdk\common\hdr\cmsis\dsp\iar_cortexM7lf_math.a
#        --entry __iar_program_start --vfe --text_out locale --cpu=Cortex-M7
#        --fpu=VFPv5_d16) --dependencies=n
#        D:\CYT4BB7_Library-master\Seekfree_CYT4BB_Opensource_Library\project\iar\project_config\Debug_m7_0\Exe\cyt4bb7_cm_7_0.out.iar_deps
#
###############################################################################

*******************************************************************************
*** RUNTIME MODEL ATTRIBUTES
***

CppFlavor       = *
__CPP_Runtime   = 1
__Heap_Handler  = Basic
__SystemLibrary = DLib
__dlib_version  = 6


*******************************************************************************
*** HEAP SELECTION
***

The basic heap was selected because --advanced_heap
was not specified and the application did not appear to
be primarily optimized for speed.


*******************************************************************************
*** PLACEMENT SUMMARY
***

"A0":  place at start of [from 0x1008'0000 to 0x1027'ffff] { section .intvec };
"P1":  place in [from 0x1008'0000 to 0x1027'ffff] { ro };
"P2":  place in [from 0x2802'0000 to 0x2807'ffff] { rw };
define block HEAP with size = 1K, alignment = 8 { };
define block CSTACK with size = 8K, alignment = 8 { };
define block HEAP_STACK { block HEAP, last block CSTACK };
"A1":  place at end of [from 0x2802'0000 to 0x2807'ffff] { block HEAP_STACK };
do not initialize { section .intvec_ram };
initialize by copy { rw };

No sections matched the following patterns:

  ro section .sflash_app_prot  in "P6"
  ro section .sflash_nar       in "P4"
  ro section .sflash_pkey      in "P5"
  ro section .sflash_toc2      in "P7"
  ro section .sflash_uf_rows   in "P3"
  ro section .work_flash       in "P8"
  section .global_ram_data     in "P9"


  Section            Kind         Address    Size  Object
  -------            ----         -------    ----  ------
"A0":                                        0x80
  .intvec            ro code  0x1008'0000    0x80  startup_cm7.o [31]
                            - 0x1008'0080    0x80

"P1":                                      0x6893
  .text              ro code  0x1008'0080   0xeae  xprintffull_nomb.o [50]
  .text              ro code  0x1008'0f2e    0x7e  lz77_init_single.o [52]
  .text              ro code  0x1008'0fac    0x16  strchr.o [52]
  .text              ro code  0x1008'0fc2     0xa  xsprout.o [50]
  .text              ro code  0x1008'0fcc    0x40  xfail_s.o [50]
  .text              ro code  0x1008'100c    0x36  strlen.o [52]
  .text              ro code  0x1008'1044    0x58  memchr.o [52]
  .text              ro code  0x1008'109c    0xa6  ABImemcpy.o [52]
  .text              ro code  0x1008'1144    0x70  frexp.o [51]
  .text              ro code  0x1008'11b4    0x34  DblCmpLe.o [51]
  .text              ro code  0x1008'11e8    0x34  DblCmpGe.o [51]
  .text              ro code  0x1008'121c   0x104  ldexp.o [51]
  .text              ro code  0x1008'1320     0xe  DblToS32.o [51]
  .text              ro code  0x1008'132e     0xe  S32ToDbl.o [51]
  .text              ro code  0x1008'133c    0x12  DblSub.o [51]
  .text              ro code  0x1008'134e    0x12  DblDiv.o [51]
  .text              ro code  0x1008'1360     0xe  DblToU32.o [51]
  .text              ro code  0x1008'136e     0xe  U32ToDbl.o [51]
  .text              ro code  0x1008'137c    0x12  DblMul.o [51]
  .text              ro code  0x1008'1390   0x230  I64DivMod.o [52]
  .text              ro code  0x1008'15c0     0x6  abort.o [50]
  .text              ro code  0x1008'15c8     0x2  I64DivZer.o [52]
  .text              ro code  0x1008'15cc    0x14  exit.o [53]
  .text              ro code  0x1008'15e0   0xe18  zf_driver_pwm.o [49]
  .text              ro code  0x1008'23f8   0x420  zf_common_debug.o [46]
  .text              ro code  0x1008'2818    0x66  ABImemset.o [52]
  .text              ro code  0x1008'2880   0x194  cy_gpio.o [14]
  .text              ro code  0x1008'2a14   0x20a  cy_tcpwm_pwm.o [43]
  .text              ro code  0x1008'2c1e    0x18  cy_tcpwm.o [43]
  .text              ro code  0x1008'2c38   0x808  zf_driver_uart.o [49]
  .text              ro code  0x1008'3440    0x40  sprintf.o [50]
  .text              ro code  0x1008'3480   0x448  zf_common_fifo.o [46]
  .text              ro code  0x1008'38c8    0xe2  zf_common_interrupt.o [46]
  .text              ro code  0x1008'39ac     0x6  ABImemclr4.o [52]
  .text              ro code  0x1008'39b4   0x314  cy_scb_uart.o [24]
  .text              ro code  0x1008'3cc8    0xac  cy_sysint.o [35]
  .text              ro code  0x1008'3d74    0x32  ABImemset48.o [52]
  .text              ro code  0x1008'3da8   0x8e8  cy_sysclk.o [33]
  .text              ro code  0x1008'4690    0x70  strncpy.o [52]
  .text              ro code  0x1008'4700    0xa8  cy_syslib.o [36]
  .text              ro code  0x1008'47a8     0x2  cy_syslib.o [36]
  .text              ro code  0x1008'47ac   0x40c  zf_driver_encoder.o [49]
  .text              ro code  0x1008'4bb8   0x1ae  cy_tcpwm_counter.o [43]
  .text              ro code  0x1008'4d68   0x110  zf_driver_gpio.o [49]
  .text              ro code  0x1008'4e78   0x190  cy_tcpwm_quaddec.o [43]
  .text              ro code  0x1008'5008   0x398  zf_driver_pit.o [49]
  .text              ro code  0x1008'53a0   0x284  zf_driver_delay.o [49]
  .text              ro code  0x1008'5624   0x208  cm7_0_isr.o [45]
  .text              ro code  0x1008'582c    0x40  encoder.o [5]
  .text              ro code  0x1008'586c    0x7c  zf_device_tsl1401.o [48]
  .text              ro code  0x1008'58e8   0x114  zf_device_gnss.o [48]
  .text              ro code  0x1008'59fc    0x74  zf_driver_adc.o [49]
  .text              ro code  0x1008'5a70    0x2a  strncmp.o [50]
  .text              ro code  0x1008'5a9c   0x204  startup.o [31]
  .text              ro code  0x1008'5ca0   0x150  system_tviibh4m_cm7.o [22]
  .text              ro code  0x1008'5df0     0x8  startup_cm7.o [31]
  .text              ro code  0x1008'5df8     0x6  startup_cm7.o [31]
  .text              ro code  0x1008'5e00   0x198  cy_interrupt_map.o [23]
  .text              ro code  0x1008'5f98    0xca  key.o [5]
  .text              ro code  0x1008'6064    0xb0  startup_cm7.o [31]
  .text              ro code  0x1008'6114    0xa4  motor.o [5]
  .rodata            const    0x1008'61b8    0x78  system_tviibh4m_cm7.o [22]
  .rodata            const    0x1008'6230    0x74  cy_sysclk.o [33]
  .rodata            const    0x1008'62a4    0x74  cy_sysclk.o [33]
  .text              ro code  0x1008'6318    0x74  main_cm7_0.o [45]
  .text              ro code  0x1008'638c    0x1c  zf_common_clock.o [46]
  .rodata            const    0x1008'63a8    0x64  zf_common_fifo.o [46]
  .rodata            const    0x1008'640c    0x64  zf_driver_pwm.o [49]
  .rodata            const    0x1008'6470    0x64  zf_driver_uart.o [49]
  .text              ro code  0x1008'64d4    0x38  zero_init3.o [52]
  .text              ro code  0x1008'650c    0x28  data_init.o [52]
  .text              ro code  0x1008'6534    0x22  fpinit_M.o [51]
  .iar.init_table    const    0x1008'6558    0x20  - Linker created -
  .text              ro code  0x1008'6578    0x20  startup_cm7.o [31]
  .text              ro code  0x1008'65a0    0x1e  cy_syslib_iar.o [36]
  .text              ro code  0x1008'65c0    0x1e  cmain.o [52]
  .text              ro code  0x1008'65e0     0x4  startup_cm7.o [31]
  .text              ro code  0x1008'65e4     0x4  exit.o [50]
  .text              ro code  0x1008'65e8     0xa  cexit.o [52]
  .rodata            const    0x1008'65f4    0x1c  zf_common_debug.o [46]
  .text              ro code  0x1008'6610    0x1c  startup_cm7.o [31]
  .text              ro code  0x1008'662c    0x1c  cstartup_M.o [52]
  .rodata            const    0x1008'6648    0x18  startup.o [31]
  .rodata            const    0x1008'6660    0x18  system_tviibh4m_cm7.o [22]
  .rodata            const    0x1008'6678    0x18  zf_common_debug.o [46]
  .rodata            const    0x1008'6690    0x10  zf_common_debug.o [46]
  .rodata            const    0x1008'66a0    0x10  zf_common_debug.o [46]
  .rodata            const    0x1008'66b0     0xc  zf_common_debug.o [46]
  .rodata            const    0x1008'66bc     0xc  zf_common_debug.o [46]
  .text              ro code  0x1008'66c8     0xc  cy_syslib.o [36]
  .rodata            const    0x1008'66d4     0x8  cy_sysclk.o [33]
  .rodata            const    0x1008'66dc     0x4  cy_interrupt_map.o [23]
  .rodata            const    0x1008'66e0     0x4  cy_interrupt_map.o [23]
  .rodata            const    0x1008'66e4     0x4  cy_interrupt_map.o [23]
  .rodata            const    0x1008'66e8     0x4  cy_interrupt_map.o [23]
  .rodata            const    0x1008'66ec     0x4  cy_interrupt_map.o [23]
  .rodata            const    0x1008'66f0     0x4  cy_interrupt_map.o [23]
  .rodata            const    0x1008'66f4     0x4  cy_interrupt_map.o [23]
  .rodata            const    0x1008'66f8     0x4  cy_interrupt_map.o [23]
  .rodata            const    0x1008'66fc     0x4  cy_scb_uart.o [24]
  .rodata            const    0x1008'6700     0x4  cy_scb_uart.o [24]
  .rodata            const    0x1008'6704     0x4  cy_scb_uart.o [24]
  .rodata            const    0x1008'6708     0x4  cy_scb_uart.o [24]
  .rodata            const    0x1008'670c     0x4  cy_scb_uart.o [24]
  .rodata            const    0x1008'6710     0x4  cy_scb_uart.o [24]
  .rodata            const    0x1008'6714     0x4  cy_scb_uart.o [24]
  .rodata            const    0x1008'6718     0x4  cy_scb_uart.o [24]
  .rodata            const    0x1008'671c     0x4  cy_scb_uart.o [24]
  .rodata            const    0x1008'6720     0x4  cy_scb_uart.o [24]
  .rodata            const    0x1008'6724     0x4  cy_sysint.o [35]
  .rodata            const    0x1008'6728     0x4  cy_sysint.o [35]
  .rodata            const    0x1008'672c     0x4  cy_tcpwm_counter.o [43]
  .rodata            const    0x1008'6730     0x4  cy_tcpwm_counter.o [43]
  .rodata            const    0x1008'6734     0x4  cy_tcpwm_counter.o [43]
  .rodata            const    0x1008'6738     0x4  cy_tcpwm_counter.o [43]
  .rodata            const    0x1008'673c     0x4  cy_tcpwm_counter.o [43]
  .rodata            const    0x1008'6740     0x4  cy_tcpwm_pwm.o [43]
  .rodata            const    0x1008'6744     0x4  cy_tcpwm_pwm.o [43]
  .rodata            const    0x1008'6748     0x4  cy_tcpwm_pwm.o [43]
  .rodata            const    0x1008'674c     0x4  cy_tcpwm_pwm.o [43]
  .rodata            const    0x1008'6750     0x4  cy_tcpwm_pwm.o [43]
  .rodata            const    0x1008'6754     0x4  cy_tcpwm_pwm.o [43]
  .rodata            const    0x1008'6758     0x4  cy_tcpwm_pwm.o [43]
  .rodata            const    0x1008'675c     0x4  cy_tcpwm_quaddec.o [43]
  .rodata            const    0x1008'6760     0x4  cy_tcpwm_quaddec.o [43]
  .rodata            const    0x1008'6764     0x4  cy_tcpwm_quaddec.o [43]
  .rodata            const    0x1008'6768     0x4  cy_tcpwm_quaddec.o [43]
  .rodata            const    0x1008'676c     0x4  cy_tcpwm_quaddec.o [43]
  .text              ro code  0x1008'6770     0x4  startup_cm7.o [31]
  .text              ro code  0x1008'6774     0x4  startup_cm7.o [31]
  .text              ro code  0x1008'6778     0x4  startup_cm7.o [31]
  .text              ro code  0x1008'677c     0x4  startup_cm7.o [31]
  .text              ro code  0x1008'6780     0x4  startup_cm7.o [31]
  .text              ro code  0x1008'6784     0x4  startup_cm7.o [31]
  .text              ro code  0x1008'6788     0x4  startup_cm7.o [31]
  .text              ro code  0x1008'678c     0x4  startup_cm7.o [31]
  .text              ro code  0x1008'6790     0x4  startup_cm7.o [31]
  .text              ro code  0x1008'6794     0x4  startup_cm7.o [31]
  .text              ro code  0x1008'6798     0x4  startup_cm7.o [31]
  .text              ro code  0x1008'679c     0x4  startup_cm7.o [31]
  .text              ro code  0x1008'67a0     0x4  startup_cm7.o [31]
  .text              ro code  0x1008'67a4     0x4  startup_cm7.o [31]
  .text              ro code  0x1008'67a8     0x4  startup_cm7.o [31]
  .text              ro code  0x1008'67ac     0x2  zf_device_type.o [48]
  .rodata            const    0x1008'67ae     0x0  zero_init3.o [52]
  .rodata            const    0x1008'67ae     0x0  lz77_init_single.o [52]
  Initializer bytes  const    0x1008'67ae    0xa1  <for P2-1>
                            - 0x1008'684f  0x67cf

"P2", part 1 of 3:                          0x784
  P2-1                        0x2802'0000   0x784  <Init block>
    .data            inited   0x2802'0000   0x6ec  cy_interrupt_map.o [23]
    .data            inited   0x2802'06ec     0x4  cy_interrupt_map.o [23]
    .data            inited   0x2802'06f0     0x4  zf_device_type.o [48]
    .data            inited   0x2802'06f4     0x4  zf_device_type.o [48]
    .data            inited   0x2802'06f8     0xc  zf_driver_adc.o [49]
    .data            inited   0x2802'0704     0x8  zf_driver_encoder.o [49]
    .data            inited   0x2802'070c    0x10  zf_driver_encoder.o [49]
    .data            inited   0x2802'071c    0x3c  zf_driver_pit.o [49]
    .data            inited   0x2802'0758    0x14  zf_driver_uart.o [49]
    .data            inited   0x2802'076c    0x14  zf_driver_uart.o [49]
    .data            inited   0x2802'0780     0x2  zf_driver_delay.o [49]
    .data            inited   0x2802'0782     0x1  zf_common_debug.o [46]
    .data            inited   0x2802'0783     0x1  zf_driver_delay.o [49]
                            - 0x2802'0784   0x784

"P2", part 2 of 3:                          0x63c
  .bss               zero     0x2802'0784   0x200  zf_device_tsl1401.o [48]
  .bss               zero     0x2802'0984   0x118  zf_driver_uart.o [49]
  .bss               zero     0x2802'0a9c    0x80  zf_device_gnss.o [48]
  .bss               zero     0x2802'0b1c    0x80  zf_device_gnss.o [48]
  .bss               zero     0x2802'0b9c    0x80  zf_device_gnss.o [48]
  .bss               zero     0x2802'0c1c    0x70  cy_syslib.o [36]
  .bss               zero     0x2802'0c8c    0x48  zf_driver_adc.o [49]
  .bss               zero     0x2802'0cd4    0x40  zf_common_debug.o [46]
  .bss               zero     0x2802'0d14    0x18  cy_sysclk.o [33]
  .bss               zero     0x2802'0d2c    0x18  cy_syslib.o [36]
  .bss               zero     0x2802'0d44    0x18  zf_common_debug.o [46]
  .bss               zero     0x2802'0d5c    0x18  zf_device_gnss.o [48]
  .bss               zero     0x2802'0d74    0x14  zf_common_debug.o [46]
  .bss               zero     0x2802'0d88     0x4  cy_syslib.o [36]
  .bss               zero     0x2802'0d8c     0x4  encoder.o [5]
  .bss               zero     0x2802'0d90     0x4  system_tviibh4m_cm7.o [22]
  .bss               zero     0x2802'0d94     0x4  system_tviibh4m_cm7.o [22]
  .bss               zero     0x2802'0d98     0x4  system_tviibh4m_cm7.o [22]
  .bss               zero     0x2802'0d9c     0x4  system_tviibh4m_cm7.o [22]
  .bss               zero     0x2802'0da0     0x4  system_tviibh4m_cm7.o [22]
  .bss               zero     0x2802'0da4     0x4  zf_common_clock.o [46]
  .bss               zero     0x2802'0da8     0x4  zf_common_interrupt.o [46]
  .bss               zero     0x2802'0dac     0x4  zf_driver_encoder.o [49]
  .bss               zero     0x2802'0db0     0x4  xfail_s.o [50]
  .bss               zero     0x2802'0db4     0x1  cy_sysclk.o [33]
  .bss               zero     0x2802'0db5     0x1  zf_common_debug.o [46]
  .bss               zero     0x2802'0db6     0x1  zf_common_debug.o [46]
  .bss               zero     0x2802'0db7     0x1  zf_common_debug.o [46]
  .bss               zero     0x2802'0db8     0x1  zf_device_gnss.o [48]
  .bss               zero     0x2802'0db9     0x1  zf_device_gnss.o [48]
  .bss               zero     0x2802'0dba     0x1  zf_device_gnss.o [48]
  .bss               zero     0x2802'0dbb     0x1  zf_device_gnss.o [48]
  .bss               zero     0x2802'0dbc     0x1  zf_device_gnss.o [48]
  .bss               zero     0x2802'0dbd     0x1  zf_device_tsl1401.o [48]
  .bss               zero     0x2802'0dbe     0x1  zf_device_tsl1401.o [48]
                            - 0x2802'0dbf   0x63b

"P2", part 3 of 3:                           0x80
  .intvec_ram        uninit   0x2802'0e00    0x80  startup_cm7.o [31]
                            - 0x2802'0e80    0x80

"A1":                                      0x2000
  HEAP_STACK                  0x2807'e000  0x2000  <Block>
    CSTACK                    0x2807'e000  0x2000  <Block>
      CSTACK         uninit   0x2807'e000  0x2000  <Block tail>
                            - 0x2808'0000  0x2000

Unused ranges:

         From           To       Size
         ----           --       ----
  0x1008'6913  0x1027'ffff  0x1f'96ed
  0x2802'0dc0  0x2802'0dff       0x40
  0x2802'0e80  0x2807'dfff   0x5'd180


*******************************************************************************
*** INIT TABLE
***

          Address      Size
          -------      ----
Zero (__iar_zero_init3)
    1 destination range, total size 0x63b:
          0x2802'0784  0x63b

Copy/lz77 (__iar_lz77_init_single3)
    1 source range, total size 0xa1 (8% of destination):
          0x1008'67ae   0xa1
    1 destination range, total size 0x784:
          0x2802'0000  0x784



*******************************************************************************
*** MODULE SUMMARY
***

    Module                 ro code  ro data  rw data
    ------                 -------  -------  -------
command line/config:
    ------------------------------------------------
    Total:

D:\CYT4BB7_Library-master\Seekfree_CYT4BB_Opensource_Library\project\iar\Debug_m7_0\Obj\adc_11722776235721520015.dir: [1]
    ------------------------------------------------
    Total:

D:\CYT4BB7_Library-master\Seekfree_CYT4BB_Opensource_Library\project\iar\Debug_m7_0\Obj\audioss_1346650047966882938.dir: [2]
    ------------------------------------------------
    Total:

D:\CYT4BB7_Library-master\Seekfree_CYT4BB_Opensource_Library\project\iar\Debug_m7_0\Obj\button_4990804375159372270.dir: [3]
    ------------------------------------------------
    Total:

D:\CYT4BB7_Library-master\Seekfree_CYT4BB_Opensource_Library\project\iar\Debug_m7_0\Obj\canfd_1800690984773873875.dir: [4]
    ------------------------------------------------
    Total:

D:\CYT4BB7_Library-master\Seekfree_CYT4BB_Opensource_Library\project\iar\Debug_m7_0\Obj\code_17896468042025673432.dir: [5]
    encoder.o                   64                 4
    key.o                      202
    motor.o                    164
    ------------------------------------------------
    Total:                     430                 4

D:\CYT4BB7_Library-master\Seekfree_CYT4BB_Opensource_Library\project\iar\Debug_m7_0\Obj\cpu_15938736945165268644.dir: [6]
    ------------------------------------------------
    Total:

D:\CYT4BB7_Library-master\Seekfree_CYT4BB_Opensource_Library\project\iar\Debug_m7_0\Obj\crypto_1190170608956581615.dir: [7]
    ------------------------------------------------
    Total:

D:\CYT4BB7_Library-master\Seekfree_CYT4BB_Opensource_Library\project\iar\Debug_m7_0\Obj\dma_12106025507578611576.dir: [8]
    ------------------------------------------------
    Total:

D:\CYT4BB7_Library-master\Seekfree_CYT4BB_Opensource_Library\project\iar\Debug_m7_0\Obj\eth_phy_18133017486186456677.dir: [9]
    ------------------------------------------------
    Total:

D:\CYT4BB7_Library-master\Seekfree_CYT4BB_Opensource_Library\project\iar\Debug_m7_0\Obj\ethernet_6029839089178797009.dir: [10]
    ------------------------------------------------
    Total:

D:\CYT4BB7_Library-master\Seekfree_CYT4BB_Opensource_Library\project\iar\Debug_m7_0\Obj\evtgen_3404189088603873129.dir: [11]
    ------------------------------------------------
    Total:

D:\CYT4BB7_Library-master\Seekfree_CYT4BB_Opensource_Library\project\iar\Debug_m7_0\Obj\flash_8529866181315662935.dir: [12]
    ------------------------------------------------
    Total:

D:\CYT4BB7_Library-master\Seekfree_CYT4BB_Opensource_Library\project\iar\Debug_m7_0\Obj\flash_864493325053435817.dir: [13]
    ------------------------------------------------
    Total:

D:\CYT4BB7_Library-master\Seekfree_CYT4BB_Opensource_Library\project\iar\Debug_m7_0\Obj\gpio_3999404635324069351.dir: [14]
    cy_gpio.o                  404
    ------------------------------------------------
    Total:                     404

D:\CYT4BB7_Library-master\Seekfree_CYT4BB_Opensource_Library\project\iar\Debug_m7_0\Obj\ipc_10145506163450686023.dir: [15]
    ------------------------------------------------
    Total:

D:\CYT4BB7_Library-master\Seekfree_CYT4BB_Opensource_Library\project\iar\Debug_m7_0\Obj\lin_18429031207028094880.dir: [16]
    ------------------------------------------------
    Total:

D:\CYT4BB7_Library-master\Seekfree_CYT4BB_Opensource_Library\project\iar\Debug_m7_0\Obj\lvd_6353935867039560245.dir: [17]
    ------------------------------------------------
    Total:

D:\CYT4BB7_Library-master\Seekfree_CYT4BB_Opensource_Library\project\iar\Debug_m7_0\Obj\mcwdt_4052485907822033969.dir: [18]
    ------------------------------------------------
    Total:

D:\CYT4BB7_Library-master\Seekfree_CYT4BB_Opensource_Library\project\iar\Debug_m7_0\Obj\mpu_5663187252346826382.dir: [19]
    ------------------------------------------------
    Total:

D:\CYT4BB7_Library-master\Seekfree_CYT4BB_Opensource_Library\project\iar\Debug_m7_0\Obj\power_14453085144426420577.dir: [20]
    ------------------------------------------------
    Total:

D:\CYT4BB7_Library-master\Seekfree_CYT4BB_Opensource_Library\project\iar\Debug_m7_0\Obj\prot_10722960861768657883.dir: [21]
    ------------------------------------------------
    Total:

D:\CYT4BB7_Library-master\Seekfree_CYT4BB_Opensource_Library\project\iar\Debug_m7_0\Obj\rev_b_4986922561640112550.dir: [22]
    system_tviibh4m_cm7.o      336      144       20
    ------------------------------------------------
    Total:                     336      144       20

D:\CYT4BB7_Library-master\Seekfree_CYT4BB_Opensource_Library\project\iar\Debug_m7_0\Obj\rev_b_6162237342861132223.dir: [23]
    cy_interrupt_map.o         408      180    1'776
    ------------------------------------------------
    Total:                     408      180    1'776

D:\CYT4BB7_Library-master\Seekfree_CYT4BB_Opensource_Library\project\iar\Debug_m7_0\Obj\scb_15490842639181808494.dir: [24]
    cy_scb_uart.o              788       40
    ------------------------------------------------
    Total:                     788       40

D:\CYT4BB7_Library-master\Seekfree_CYT4BB_Opensource_Library\project\iar\Debug_m7_0\Obj\sd_host_2982766354293506895.dir: [25]
    ------------------------------------------------
    Total:

D:\CYT4BB7_Library-master\Seekfree_CYT4BB_Opensource_Library\project\iar\Debug_m7_0\Obj\semihosting_143864889731838620.dir: [26]
    ------------------------------------------------
    Total:

D:\CYT4BB7_Library-master\Seekfree_CYT4BB_Opensource_Library\project\iar\Debug_m7_0\Obj\smartio_5451710003740070188.dir: [27]
    ------------------------------------------------
    Total:

D:\CYT4BB7_Library-master\Seekfree_CYT4BB_Opensource_Library\project\iar\Debug_m7_0\Obj\smif_427648126384146252.dir: [28]
    ------------------------------------------------
    Total:

D:\CYT4BB7_Library-master\Seekfree_CYT4BB_Opensource_Library\project\iar\Debug_m7_0\Obj\smif_mem_6470536964353725183.dir: [29]
    ------------------------------------------------
    Total:

D:\CYT4BB7_Library-master\Seekfree_CYT4BB_Opensource_Library\project\iar\Debug_m7_0\Obj\srom_13018798572330080582.dir: [30]
    ------------------------------------------------
    Total:

D:\CYT4BB7_Library-master\Seekfree_CYT4BB_Opensource_Library\project\iar\Debug_m7_0\Obj\startup_479057977785470282.dir: [31]
    startup.o                  516       24
    startup_cm7.o              442               128
    ------------------------------------------------
    Total:                     958       24      128

D:\CYT4BB7_Library-master\Seekfree_CYT4BB_Opensource_Library\project\iar\Debug_m7_0\Obj\sw_timer_4215635015939382130.dir: [32]
    ------------------------------------------------
    Total:

D:\CYT4BB7_Library-master\Seekfree_CYT4BB_Opensource_Library\project\iar\Debug_m7_0\Obj\sysclk_16149231235676103872.dir: [33]
    cy_sysclk.o              2'280      240       25
    ------------------------------------------------
    Total:                   2'280      240       25

D:\CYT4BB7_Library-master\Seekfree_CYT4BB_Opensource_Library\project\iar\Debug_m7_0\Obj\sysflt_12293435975120599261.dir: [34]
    ------------------------------------------------
    Total:

D:\CYT4BB7_Library-master\Seekfree_CYT4BB_Opensource_Library\project\iar\Debug_m7_0\Obj\sysint_7435970359207984181.dir: [35]
    cy_sysint.o                172        8
    ------------------------------------------------
    Total:                     172        8

D:\CYT4BB7_Library-master\Seekfree_CYT4BB_Opensource_Library\project\iar\Debug_m7_0\Obj\syslib_16330585751512546975.dir: [36]
    cy_syslib.o                182               140
    cy_syslib_iar.o             30
    ------------------------------------------------
    Total:                     212               140

D:\CYT4BB7_Library-master\Seekfree_CYT4BB_Opensource_Library\project\iar\Debug_m7_0\Obj\syspm_10887939769544754770.dir: [37]
    ------------------------------------------------
    Total:

D:\CYT4BB7_Library-master\Seekfree_CYT4BB_Opensource_Library\project\iar\Debug_m7_0\Obj\sysreghc_17676636058511625587.dir: [38]
    ------------------------------------------------
    Total:

D:\CYT4BB7_Library-master\Seekfree_CYT4BB_Opensource_Library\project\iar\Debug_m7_0\Obj\sysreset_14586141425677365288.dir: [39]
    ------------------------------------------------
    Total:

D:\CYT4BB7_Library-master\Seekfree_CYT4BB_Opensource_Library\project\iar\Debug_m7_0\Obj\sysrtc_10747768817563771611.dir: [40]
    ------------------------------------------------
    Total:

D:\CYT4BB7_Library-master\Seekfree_CYT4BB_Opensource_Library\project\iar\Debug_m7_0\Obj\systick_16016591671695740695.dir: [41]
    ------------------------------------------------
    Total:

D:\CYT4BB7_Library-master\Seekfree_CYT4BB_Opensource_Library\project\iar\Debug_m7_0\Obj\syswdt_9118657615806274156.dir: [42]
    ------------------------------------------------
    Total:

D:\CYT4BB7_Library-master\Seekfree_CYT4BB_Opensource_Library\project\iar\Debug_m7_0\Obj\tcpwm_422923530147891246.dir: [43]
    cy_tcpwm.o                  24
    cy_tcpwm_counter.o         430       20
    cy_tcpwm_pwm.o             522       28
    cy_tcpwm_quaddec.o         400       20
    ------------------------------------------------
    Total:                   1'376       68

D:\CYT4BB7_Library-master\Seekfree_CYT4BB_Opensource_Library\project\iar\Debug_m7_0\Obj\trigmux_9729677290734583340.dir: [44]
    ------------------------------------------------
    Total:

D:\CYT4BB7_Library-master\Seekfree_CYT4BB_Opensource_Library\project\iar\Debug_m7_0\Obj\user_8514941877209965082.dir: [45]
    cm7_0_isr.o                520
    main_cm7_0.o               116
    ------------------------------------------------
    Total:                     636

D:\CYT4BB7_Library-master\Seekfree_CYT4BB_Opensource_Library\project\iar\Debug_m7_0\Obj\zf_common_1201165462030747823.dir: [46]
    zf_common_clock.o           28                 4
    zf_common_debug.o        1'056      108      112
    zf_common_fifo.o         1'096      100
    zf_common_interrupt.o      226                 4
    ------------------------------------------------
    Total:                   2'406      208      120

D:\CYT4BB7_Library-master\Seekfree_CYT4BB_Opensource_Library\project\iar\Debug_m7_0\Obj\zf_components_14936052685886095442.dir: [47]
    ------------------------------------------------
    Total:

D:\CYT4BB7_Library-master\Seekfree_CYT4BB_Opensource_Library\project\iar\Debug_m7_0\Obj\zf_device_6570275422786408770.dir: [48]
    zf_device_gnss.o           276               413
    zf_device_tsl1401.o        124               514
    zf_device_type.o             2        1        8
    ------------------------------------------------
    Total:                     402        1      935

D:\CYT4BB7_Library-master\Seekfree_CYT4BB_Opensource_Library\project\iar\Debug_m7_0\Obj\zf_driver_11922370083829174090.dir: [49]
    zf_driver_adc.o            116        1       84
    zf_driver_delay.o          644        1        3
    zf_driver_encoder.o      1'036        2       28
    zf_driver_gpio.o           272
    zf_driver_pit.o            920        5       60
    zf_driver_pwm.o          3'608      100
    zf_driver_uart.o         2'056      103      320
    ------------------------------------------------
    Total:                   8'652      212      495

dl7M_tln.a: [50]
    abort.o                      6
    exit.o                       4
    sprintf.o                   64
    strncmp.o                   42
    xfail_s.o                   64                 4
    xprintffull_nomb.o       3'758
    xsprout.o                   10
    ------------------------------------------------
    Total:                   3'948                 4

m7M_tlv.a: [51]
    DblCmpGe.o                  52
    DblCmpLe.o                  52
    DblDiv.o                    18
    DblMul.o                    18
    DblSub.o                    18
    DblToS32.o                  14
    DblToU32.o                  14
    S32ToDbl.o                  14
    U32ToDbl.o                  14
    fpinit_M.o                  34
    frexp.o                    112
    ldexp.o                    260
    ------------------------------------------------
    Total:                     620

rt7M_tl.a: [52]
    ABImemclr4.o                 6
    ABImemcpy.o                166
    ABImemset.o                102
    ABImemset48.o               50
    I64DivMod.o                560
    I64DivZer.o                  2
    cexit.o                     10
    cmain.o                     30
    cstartup_M.o                28
    data_init.o                 40
    lz77_init_single.o         126
    memchr.o                    88
    strchr.o                    22
    strlen.o                    54
    strncpy.o                  112
    zero_init3.o                56
    ------------------------------------------------
    Total:                   1'452

shb_l.a: [53]
    exit.o                      20
    ------------------------------------------------
    Total:                      20

    Gaps                        42        4
    Linker created                       32    8'192
----------------------------------------------------
    Grand Total:            25'542    1'161   11'839


*******************************************************************************
*** ENTRY LIST
***

Entry                       Address   Size  Type      Object
-----                       -------   ----  ----      ------
.iar.init_table$$Base   0x1008'6558          --   Gb  - Linker created -
.iar.init_table$$Limit  0x1008'6578          --   Gb  - Linker created -
?main                   0x1008'65c1         Code  Gb  cmain.o [52]
BusFault_Handler        0x1008'6779         Code  Wk  startup_cm7.o [31]
CSTACK$$Base            0x2807'e000          --   Gb  - Linker created -
CSTACK$$Limit           0x2808'0000          --   Gb  - Linker created -
CopyVectorTable         0x1008'5c3d   0x34  Code  Lc  startup.o [31]
CpuUserInt0_Handler     0x1008'5e1f   0x26  Code  Gb  cy_interrupt_map.o [23]
CpuUserInt10_Handler    0x1008'6795         Code  Wk  startup_cm7.o [31]
CpuUserInt11_Handler    0x1008'6799         Code  Wk  startup_cm7.o [31]
CpuUserInt12_Handler    0x1008'679d         Code  Wk  startup_cm7.o [31]
CpuUserInt13_Handler    0x1008'67a1         Code  Wk  startup_cm7.o [31]
CpuUserInt14_Handler    0x1008'67a5         Code  Wk  startup_cm7.o [31]
CpuUserInt15_Handler    0x1008'67a9         Code  Wk  startup_cm7.o [31]
CpuUserInt1_Handler     0x1008'5e45   0x26  Code  Gb  cy_interrupt_map.o [23]
CpuUserInt2_Handler     0x1008'5e6b   0x26  Code  Gb  cy_interrupt_map.o [23]
CpuUserInt3_Handler     0x1008'5e91   0x26  Code  Gb  cy_interrupt_map.o [23]
CpuUserInt4_Handler     0x1008'5eb7   0x26  Code  Gb  cy_interrupt_map.o [23]
CpuUserInt5_Handler     0x1008'5edd   0x26  Code  Gb  cy_interrupt_map.o [23]
CpuUserInt6_Handler     0x1008'5f03   0x26  Code  Gb  cy_interrupt_map.o [23]
CpuUserInt7_Handler     0x1008'5f29   0x26  Code  Gb  cy_interrupt_map.o [23]
CpuUserInt8_Handler     0x1008'678d         Code  Wk  startup_cm7.o [31]
CpuUserInt9_Handler     0x1008'6791         Code  Wk  startup_cm7.o [31]
Cy_DefaultUserHandler   0x1008'5e1d    0x2  Code  Gb  cy_interrupt_map.o [23]
Cy_GPIO_ClearInterrupt  0x1008'2953    0xe  Code  Lc  cy_gpio.o [14]
Cy_GPIO_Clr             0x1008'4d7d    0xa  Code  Lc  zf_driver_gpio.o [49]
Cy_GPIO_Pin_Init        0x1008'2997   0x72  Code  Gb  cy_gpio.o [14]
Cy_GPIO_Read            0x1008'4d69    0xa  Code  Lc  zf_driver_gpio.o [49]
Cy_GPIO_Set             0x1008'4d73    0xa  Code  Lc  zf_driver_gpio.o [49]
Cy_GPIO_SetDriveSel     0x1008'2935   0x1e  Code  Lc  cy_gpio.o [14]
Cy_GPIO_SetDrivemode    0x1008'28e5   0x1c  Code  Lc  cy_gpio.o [14]
Cy_GPIO_SetHSIOM        0x1008'2881   0x4c  Code  Lc  cy_gpio.o [14]
Cy_GPIO_SetInterruptEdge
                        0x1008'297b   0x1c  Code  Lc  cy_gpio.o [14]
Cy_GPIO_SetInterruptMask
                        0x1008'2961   0x1a  Code  Lc  cy_gpio.o [14]
Cy_GPIO_SetSlewRate     0x1008'291b   0x1a  Code  Lc  cy_gpio.o [14]
Cy_GPIO_SetVtrip        0x1008'2901   0x1a  Code  Lc  cy_gpio.o [14]
Cy_GPIO_Write           0x1008'28cd   0x18  Code  Lc  cy_gpio.o [14]
Cy_RestoreIRQ           0x1008'5df9         Code  Gb  startup_cm7.o [31]
Cy_SCB_ClearRxInterrupt
                        0x1008'562b    0xa  Code  Lc  cm7_0_isr.o [45]
Cy_SCB_ClearTxInterrupt
                        0x1008'563b    0xa  Code  Lc  cm7_0_isr.o [45]
Cy_SCB_GetNumInRxFifo   0x1008'2de3    0xa  Code  Lc  zf_driver_uart.o [49]
Cy_SCB_GetNumInTxFifo   0x1008'2df3    0xa  Code  Lc  zf_driver_uart.o [49]
Cy_SCB_GetRxInterruptMask
                        0x1008'5625    0x6  Code  Lc  cm7_0_isr.o [45]
Cy_SCB_GetRxInterruptMask
                        0x1008'2e2f    0x6  Code  Lc  zf_driver_uart.o [49]
Cy_SCB_GetTxInterruptMask
                        0x1008'5635    0x6  Code  Lc  cm7_0_isr.o [45]
Cy_SCB_GetTxInterruptMask
                        0x1008'2e3b    0x6  Code  Lc  zf_driver_uart.o [49]
Cy_SCB_GetTxSrValid     0x1008'2dfd    0xa  Code  Lc  zf_driver_uart.o [49]
Cy_SCB_IsTxComplete     0x1008'2e07   0x22  Code  Lc  zf_driver_uart.o [49]
Cy_SCB_ReadRxFifo       0x1008'2ddd    0x6  Code  Lc  zf_driver_uart.o [49]
Cy_SCB_SetRxInterruptMask
                        0x1008'2e29    0x6  Code  Lc  zf_driver_uart.o [49]
Cy_SCB_SetTxInterruptMask
                        0x1008'2e35    0x6  Code  Lc  zf_driver_uart.o [49]
Cy_SCB_UART_DeInit      0x1008'3c39   0x5c  Code  Gb  cy_scb_uart.o [24]
Cy_SCB_UART_Enable      0x1008'2e41    0xa  Code  Lc  zf_driver_uart.o [49]
Cy_SCB_UART_Init        0x1008'39b5  0x284  Code  Gb  cy_scb_uart.o [24]
Cy_SCB_WriteTxFifo      0x1008'2ded    0x6  Code  Lc  zf_driver_uart.o [49]
Cy_SaveIRQ              0x1008'5df1         Code  Gb  startup_cm7.o [31]
Cy_SysClk_CheckDividerExisting
                        0x1008'53a1   0x2a  Code  Lc  zf_driver_delay.o [49]
Cy_SysClk_CheckDividerExisting
                        0x1008'47ad   0x2c  Code  Lc  zf_driver_encoder.o [49]
Cy_SysClk_CheckDividerExisting
                        0x1008'5009   0x2c  Code  Lc  zf_driver_pit.o [49]
Cy_SysClk_CheckDividerExisting
                        0x1008'15e1   0x2c  Code  Lc  zf_driver_pwm.o [49]
Cy_SysClk_CheckDividerExisting
                        0x1008'2c39   0x2c  Code  Lc  zf_driver_uart.o [49]
Cy_SysClk_ClkPathGetSource
                        0x1008'3f1d   0x54  Code  Gb  cy_sysclk.o [33]
Cy_SysClk_EcoGetStatus  0x1008'3da9   0x1a  Code  Lc  cy_sysclk.o [33]
Cy_SysClk_Fast0ClkGetDivider
                        0x1008'3ef1   0x16  Code  Lc  cy_sysclk.o [33]
Cy_SysClk_Fast1ClkGetDivider
                        0x1008'3f07   0x16  Code  Lc  cy_sysclk.o [33]
Cy_SysClk_FllGetConfiguration
                        0x1008'3f79   0x7e  Code  Gb  cy_sysclk.o [33]
Cy_SysClk_FllGetLockStatus
                        0x1008'3dc3    0xc  Code  Lc  cy_sysclk.o [33]
Cy_SysClk_GetClockGroup
                        0x1008'5449    0x8  Code  Lc  zf_driver_delay.o [49]
Cy_SysClk_GetClockGroup
                        0x1008'485b    0x8  Code  Lc  zf_driver_encoder.o [49]
Cy_SysClk_GetClockGroup
                        0x1008'50b7    0x8  Code  Lc  zf_driver_pit.o [49]
Cy_SysClk_GetClockGroup
                        0x1008'168f    0x8  Code  Lc  zf_driver_pwm.o [49]
Cy_SysClk_GetClockGroup
                        0x1008'2d1d    0x8  Code  Lc  zf_driver_uart.o [49]
Cy_SysClk_GetCoreFrequency
                        0x1008'463d   0x2a  Code  Gb  cy_sysclk.o [33]
Cy_SysClk_GetEcoFrequency
                        0x1008'4145   0x32  Code  Gb  cy_sysclk.o [33]
Cy_SysClk_GetExtFrequency
                        0x1008'4179   0x1e  Code  Gb  cy_sysclk.o [33]
Cy_SysClk_GetFast0Frequency
                        0x1008'4591   0x56  Code  Gb  cy_sysclk.o [33]
Cy_SysClk_GetFast1Frequency
                        0x1008'45e7   0x56  Code  Gb  cy_sysclk.o [33]
Cy_SysClk_GetFllInputFrequency
                        0x1008'4299    0xc  Code  Gb  cy_sysclk.o [33]
Cy_SysClk_GetFllOutputFrequency
                        0x1008'42c1   0x78  Code  Gb  cy_sysclk.o [33]
Cy_SysClk_GetHfClkFrequency
                        0x1008'4513   0x7a  Code  Gb  cy_sysclk.o [33]
Cy_SysClk_GetIlo0Frequency
                        0x1008'4197   0x32  Code  Gb  cy_sysclk.o [33]
Cy_SysClk_GetIlo1Frequency
                        0x1008'41c9   0x32  Code  Gb  cy_sysclk.o [33]
Cy_SysClk_GetImoFrequency
                        0x1008'4113   0x32  Code  Gb  cy_sysclk.o [33]
Cy_SysClk_GetPathFrequency
                        0x1008'44e1   0x32  Code  Gb  cy_sysclk.o [33]
Cy_SysClk_GetPathSourceFrequency
                        0x1008'4235   0x64  Code  Gb  cy_sysclk.o [33]
Cy_SysClk_GetPll400MNo  0x1008'3e0d   0x14  Code  Lc  cy_sysclk.o [33]
Cy_SysClk_GetPllInputFrequency
                        0x1008'42a5   0x1c  Code  Gb  cy_sysclk.o [33]
Cy_SysClk_GetPllNo      0x1008'3dd1   0x12  Code  Lc  cy_sysclk.o [33]
Cy_SysClk_GetPllOutputFrequency
                        0x1008'433d  0x1a0  Code  Gb  cy_sysclk.o [33]
Cy_SysClk_GetWcoFrequency
                        0x1008'41fb   0x32  Code  Gb  cy_sysclk.o [33]
Cy_SysClk_HfClockGetDivider
                        0x1008'3eaf   0x42  Code  Lc  cy_sysclk.o [33]
Cy_SysClk_HfClockGetSource
                        0x1008'3e5b   0x54  Code  Lc  cy_sysclk.o [33]
Cy_SysClk_InitGetFreqParams
                        0x1008'40f9   0x1a  Code  Gb  cy_sysclk.o [33]
Cy_SysClk_PeriphAssignDivider
                        0x1008'5451   0x68  Code  Lc  zf_driver_delay.o [49]
Cy_SysClk_PeriphAssignDivider
                        0x1008'4863   0x6a  Code  Lc  zf_driver_encoder.o [49]
Cy_SysClk_PeriphAssignDivider
                        0x1008'50bf   0x68  Code  Lc  zf_driver_pit.o [49]
Cy_SysClk_PeriphAssignDivider
                        0x1008'1697   0x6a  Code  Lc  zf_driver_pwm.o [49]
Cy_SysClk_PeriphAssignDivider
                        0x1008'2d25   0x6a  Code  Lc  zf_driver_uart.o [49]
Cy_SysClk_PeriphEnableDivider
                        0x1008'54b9   0x4c  Code  Lc  zf_driver_delay.o [49]
Cy_SysClk_PeriphEnableDivider
                        0x1008'48cd   0x4e  Code  Lc  zf_driver_encoder.o [49]
Cy_SysClk_PeriphEnableDivider
                        0x1008'5127   0x4c  Code  Lc  zf_driver_pit.o [49]
Cy_SysClk_PeriphEnableDivider
                        0x1008'1701   0x4e  Code  Lc  zf_driver_pwm.o [49]
Cy_SysClk_PeriphEnableDivider
                        0x1008'2d8f   0x4e  Code  Lc  zf_driver_uart.o [49]
Cy_SysClk_PeriphSetDivider
                        0x1008'53cb   0x7e  Code  Lc  zf_driver_delay.o [49]
Cy_SysClk_PeriphSetDivider
                        0x1008'47d9   0x82  Code  Lc  zf_driver_encoder.o [49]
Cy_SysClk_PeriphSetDivider
                        0x1008'5035   0x82  Code  Lc  zf_driver_pit.o [49]
Cy_SysClk_PeriphSetDivider
                        0x1008'160d   0x82  Code  Lc  zf_driver_pwm.o [49]
Cy_SysClk_PeriphSetFracDivider
                        0x1008'2c65   0xb8  Code  Lc  zf_driver_uart.o [49]
Cy_SysClk_Pll400MGetConfiguration
                        0x1008'4065   0x84  Code  Gb  cy_sysclk.o [33]
Cy_SysClk_Pll400MGetLockStatus
                        0x1008'3e21   0x2a  Code  Lc  cy_sysclk.o [33]
Cy_SysClk_PllGetConfiguration
                        0x1008'4011   0x48  Code  Gb  cy_sysclk.o [33]
Cy_SysClk_PllGetLockStatus
                        0x1008'3de3   0x28  Code  Lc  cy_sysclk.o [33]
Cy_SysClk_WcoOkay       0x1008'3e4d    0xe  Code  Lc  cy_sysclk.o [33]
Cy_SysInt_InitIRQ       0x1008'3cc9   0x7e  Code  Gb  cy_sysint.o [35]
Cy_SysInt_SetSystemIrqVector
                        0x1008'3d47   0x12  Code  Gb  cy_sysint.o [35]
Cy_SysInt_SystemIrqUserTableRamPointer
                        0x2802'06ec    0x4  Data  Gb  cy_interrupt_map.o [23]
Cy_SysLib_DelayCycles   0x1008'65a1         Code  Gb  cy_syslib_iar.o [36]
Cy_SysLib_EnterCriticalSection
                        0x1008'65b1         Code  Gb  cy_syslib_iar.o [36]
Cy_SysLib_ExitCriticalSection
                        0x1008'65b9         Code  Gb  cy_syslib_iar.o [36]
Cy_SysLib_FaultHandler  0x1008'4705   0x90  Code  Gb  cy_syslib.o [36]
Cy_SysLib_Halt          0x1008'4701    0x4  Code  Gb  cy_syslib.o [36]
Cy_SysLib_ProcessingFault
                        0x1008'47a9    0x2  Code  Wk  cy_syslib.o [36]
Cy_SysLib_SvcHandler    0x1008'66c9    0xc  Code  Wk  cy_syslib.o [36]
Cy_SystemInitFpuEnable  0x1008'5d91   0x1e  Code  Gb  system_tviibh4m_cm7.o [22]
Cy_SystemIrqUserTable   0x2802'0000  0x6ec  Data  Gb  cy_interrupt_map.o [23]
Cy_Tcpwm_Counter_ClearTC_Intr
                        0x1008'4d57   0x10  Code  Gb  cy_tcpwm_counter.o [43]
Cy_Tcpwm_Counter_Enable
                        0x1008'4d39    0xa  Code  Gb  cy_tcpwm_counter.o [43]
Cy_Tcpwm_Counter_GetCounter
                        0x1008'4d47    0x4  Code  Gb  cy_tcpwm_counter.o [43]
Cy_Tcpwm_Counter_Init   0x1008'4bb9  0x16c  Code  Gb  cy_tcpwm_counter.o [43]
Cy_Tcpwm_Counter_SetCounter
                        0x1008'4d43    0x4  Code  Gb  cy_tcpwm_counter.o [43]
Cy_Tcpwm_Counter_SetTC_IntrMask
                        0x1008'4d4b    0xc  Code  Gb  cy_tcpwm_counter.o [43]
Cy_Tcpwm_Pwm_Enable     0x1008'2c15    0xa  Code  Gb  cy_tcpwm_pwm.o [43]
Cy_Tcpwm_Pwm_Init       0x1008'2a15  0x1e4  Code  Gb  cy_tcpwm_pwm.o [43]
Cy_Tcpwm_QuadDec_DeInit
                        0x1008'4fb9   0x3e  Code  Gb  cy_tcpwm_quaddec.o [43]
Cy_Tcpwm_QuadDec_Enable
                        0x1008'4ff7    0xa  Code  Gb  cy_tcpwm_quaddec.o [43]
Cy_Tcpwm_QuadDec_GetCounter
                        0x1008'5005    0x4  Code  Gb  cy_tcpwm_quaddec.o [43]
Cy_Tcpwm_QuadDec_Init   0x1008'4e79  0x12a  Code  Gb  cy_tcpwm_quaddec.o [43]
Cy_Tcpwm_QuadDec_SetCounter
                        0x1008'5001    0x4  Code  Gb  cy_tcpwm_quaddec.o [43]
Cy_Tcpwm_TriggerReloadOrIndex
                        0x1008'2c2b    0xc  Code  Gb  cy_tcpwm.o [43]
Cy_Tcpwm_TriggerStart   0x1008'2c1f    0xc  Code  Gb  cy_tcpwm.o [43]
Cy_u32StartupStackEndAddress
                        0x1008'6110         Data  Gb  startup_cm7.o [31]
Cy_u32StartupStackStartAddress
                        0x1008'610c         Data  Gb  startup_cm7.o [31]
DebugMon_Handler        0x1008'6781         Code  Wk  startup_cm7.o [31]
HEAP_STACK$$Base        0x2807'e000          --   Gb  - Linker created -
HEAP_STACK$$Limit       0x2808'0000          --   Gb  - Linker created -
HardFault_Handler       0x1008'6579         Code  Wk  startup_cm7.o [31]
InitRamEcc              0x1008'5b2b  0x100  Code  Lc  startup.o [31]
InitRamEccClearArea     0x1008'5c2b   0x12  Code  Lc  startup.o [31]
MemManage_Handler       0x1008'6775         Code  Wk  startup_cm7.o [31]
NMI_Handler             0x1008'6771         Code  Wk  startup_cm7.o [31]
PendSV_Handler          0x1008'6785         Code  Wk  startup_cm7.o [31]
Region$$Table$$Base     0x1008'6558          --   Gb  - Linker created -
Region$$Table$$Limit    0x1008'6578          --   Gb  - Linker created -
Reset_Handler           0x1008'6065         Code  Wk  startup_cm7.o [31]
SVC_Handler             0x1008'6611         Code  Wk  startup_cm7.o [31]
Startup_Init            0x1008'5a9d   0x8e  Code  Gb  startup.o [31]
SysTick_Handler         0x1008'6789         Code  Wk  startup_cm7.o [31]
SystemCoreClock         0x2802'0d90    0x4  Data  Gb  system_tviibh4m_cm7.o [22]
SystemCoreClockUpdate   0x1008'5cfd   0x94  Code  Gb  system_tviibh4m_cm7.o [22]
SystemInit              0x1008'5ca1   0x5c  Code  Gb  system_tviibh4m_cm7.o [22]
UsageFault_Handler      0x1008'677d         Code  Wk  startup_cm7.o [31]
_LC                     0x1008'0081    0x6  Code  Lc  xprintffull_nomb.o [50]
_LitobFullNoMb          0x1008'0d4d  0x114  Code  Lc  xprintffull_nomb.o [50]
_PrintfFullNoMb         0x1008'0087  0xc98  Code  Gb  xprintffull_nomb.o [50]
_PutcharsFullNoMb       0x1008'0eb9   0x2e  Code  Lc  xprintffull_nomb.o [50]
_SProut                 0x1008'0fc3    0xa  Code  Gb  xsprout.o [50]
__NVIC_ClearPendingIRQ  0x1008'5e01   0x1c  Code  Lc  cy_interrupt_map.o [23]
__NVIC_ClearPendingIRQ  0x1008'38e5   0x1c  Code  Lc  zf_common_interrupt.o [46]
__NVIC_EnableIRQ        0x1008'38c9   0x1c  Code  Lc  zf_common_interrupt.o [46]
__NVIC_SetPriority      0x1008'3901   0x24  Code  Lc  zf_common_interrupt.o [46]
__Vectors               0x1008'0000          --   Gb  startup_cm7.o [31]
__Vectors_End           0x1008'0080         Data  Gb  startup_cm7.o [31]
__Vectors_Size {Abs}           0x80          --   Gb  startup_cm7.o [31]
__aeabi_cdcmple         0x1008'11b5         Code  Gb  DblCmpLe.o [51]
__aeabi_cdrcmple        0x1008'11e9         Code  Gb  DblCmpGe.o [51]
__aeabi_d2iz            0x1008'1321    0xe  Code  Gb  DblToS32.o [51]
__aeabi_d2uiz           0x1008'1361    0xe  Code  Gb  DblToU32.o [51]
__aeabi_ddiv            0x1008'134f   0x12  Code  Gb  DblDiv.o [51]
__aeabi_dmul            0x1008'137d   0x12  Code  Gb  DblMul.o [51]
__aeabi_dsub            0x1008'133d   0x12  Code  Gb  DblSub.o [51]
__aeabi_i2d             0x1008'132f    0xe  Code  Gb  S32ToDbl.o [51]
__aeabi_ldiv0           0x1008'15c9         Code  Gb  I64DivZer.o [52]
__aeabi_memclr4         0x1008'39ad         Code  Gb  ABImemclr4.o [52]
__aeabi_memcpy          0x1008'109d         Code  Gb  ABImemcpy.o [52]
__aeabi_memcpy4         0x1008'10bd         Code  Gb  ABImemcpy.o [52]
__aeabi_memcpy8         0x1008'10bd         Code  Gb  ABImemcpy.o [52]
__aeabi_memset          0x1008'2819         Code  Gb  ABImemset.o [52]
__aeabi_ui2d            0x1008'136f    0xe  Code  Gb  U32ToDbl.o [51]
__aeabi_uldivmod        0x1008'1391         Code  Gb  I64DivMod.o [52]
__cmain                 0x1008'65c1         Code  Gb  cmain.o [52]
__ecc_init_dtcm_end_address {Abs}
                        0x2000'3fff         Data  Gb  <internal module>
__ecc_init_dtcm_start_address {Abs}
                        0x2000'0000         Data  Gb  <internal module>
__ecc_init_itcm_end_address {Abs}
                             0x3fff         Data  Gb  <internal module>
__ecc_init_itcm_start_address {Abs}
                                0x0         Data  Gb  <internal module>
__ecc_init_sram_end_address {Abs}
                        0x2807'ffff         Data  Gb  <internal module>
__ecc_init_sram_start_address {Abs}
                        0x2802'0000         Data  Gb  <internal module>
__exit                  0x1008'15cd   0x14  Code  Gb  exit.o [53]
__iar_Fail_s            0x1008'0fcd   0x1c  Code  Gb  xfail_s.o [50]
__iar_Memchr            0x1008'1045         Code  Gb  memchr.o [52]
__iar_Memset            0x1008'2819         Code  Gb  ABImemset.o [52]
__iar_Memset4_word      0x1008'3d75         Code  Gb  ABImemset48.o [52]
__iar_Memset8_word      0x1008'3d75         Code  Gb  ABImemset48.o [52]
__iar_Memset_word       0x1008'2821         Code  Gb  ABImemset.o [52]
__iar_Strchr            0x1008'0fad         Code  Gb  strchr.o [52]
__iar_data_init3        0x1008'650d   0x28  Code  Gb  data_init.o [52]
__iar_frexp             0x1008'1151         Code  Gb  frexp.o [51]
__iar_frexpl            0x1008'1151         Code  Gb  frexp.o [51]
__iar_init_vfp          0x1008'6535         Code  Gb  fpinit_M.o [51]
__iar_ldexp64           0x1008'1231         Code  Gb  ldexp.o [51]
__iar_lz77_init_single3
                        0x1008'0f2f   0x7e  Code  Gb  lz77_init_single.o [52]
__iar_program_start     0x1008'662d         Code  Gb  cstartup_M.o [52]
__iar_scalbln64         0x1008'1231         Code  Gb  ldexp.o [51]
__iar_scalbn64          0x1008'1231         Code  Gb  ldexp.o [51]
__iar_softfp___iar_frexp64
                        0x1008'1145         Code  Gb  frexp.o [51]
__iar_softfp___iar_ldexp64
                        0x1008'121d         Code  Gb  ldexp.o [51]
__iar_softfp___iar_scalbln64
                        0x1008'121d         Code  Gb  ldexp.o [51]
__iar_softfp___iar_scalbn64
                        0x1008'121d         Code  Gb  ldexp.o [51]
__iar_softfp_frexp      0x1008'1145         Code  Gb  frexp.o [51]
__iar_softfp_frexpl     0x1008'1145         Code  Gb  frexp.o [51]
__iar_softfp_ldexp      0x1008'121d         Code  Gb  ldexp.o [51]
__iar_softfp_ldexpl     0x1008'121d         Code  Gb  ldexp.o [51]
__iar_softfp_scalbln    0x1008'121d         Code  Gb  ldexp.o [51]
__iar_softfp_scalblnl   0x1008'121d         Code  Gb  ldexp.o [51]
__iar_softfp_scalbn     0x1008'121d         Code  Gb  ldexp.o [51]
__iar_softfp_scalbnl    0x1008'121d         Code  Gb  ldexp.o [51]
__iar_zero_init3        0x1008'64d5   0x38  Code  Gb  zero_init3.o [52]
__low_level_init        0x1008'65e1         Code  Gb  startup_cm7.o [31]
__ramVectors            0x2802'0e00         Data  Gb  startup_cm7.o [31]
__vector_table          0x1008'0000         Data  Gb  startup_cm7.o [31]
__vector_table_0x1c     0x1008'001c         Data  Gb  startup_cm7.o [31]
_call_main              0x1008'65cd         Code  Gb  cmain.o [52]
_exit                   0x1008'65e9         Code  Gb  cexit.o [52]
abort                   0x1008'15c1    0x6  Code  Gb  abort.o [50]
adc_convert             0x1008'59fd   0x6c  Code  Gb  zf_driver_adc.o [49]
adc_resolution          0x2802'0c8c   0x48  Data  Lc  zf_driver_adc.o [49]
assert_interrupt_config
                        0x1008'395d    0xc  Code  Gb  zf_common_interrupt.o [46]
clock_init              0x1008'638d   0x16  Code  Gb  zf_common_clock.o [46]
cy_assertFileName       0x2802'0d2c   0x18  Data  Gb  cy_syslib.o [36]
cy_assertLine           0x2802'0d88    0x4  Data  Gb  cy_syslib.o [36]
cy_delay32kMs           0x2802'0da0    0x4  Data  Gb  system_tviibh4m_cm7.o [22]
cy_delayFreqHz          0x2802'0d94    0x4  Data  Gb  system_tviibh4m_cm7.o [22]
cy_delayFreqKhz         0x2802'0d98    0x4  Data  Gb  system_tviibh4m_cm7.o [22]
cy_delayFreqMhz         0x2802'0d9c    0x4  Data  Gb  system_tviibh4m_cm7.o [22]
cy_faultFrame           0x2802'0c1c   0x70  Data  Gb  cy_syslib.o [36]
debug_assert_handler    0x1008'2717   0x3c  Code  Gb  zf_common_debug.o [46]
debug_assert_handler::assert_nest_index
                        0x2802'0db7    0x1  Data  Lc  zf_common_debug.o [46]
debug_delay             0x1008'23f9   0x36  Code  Lc  zf_common_debug.o [46]
debug_info_init         0x1008'279d   0x18  Code  Gb  zf_common_debug.o [46]
debug_init              0x1008'27b5   0x2a  Code  Gb  zf_common_debug.o [46]
debug_interrupr_handler
                        0x1008'26f7   0x20  Code  Gb  zf_common_debug.o [46]
debug_output            0x1008'243b  0x2bc  Code  Lc  zf_common_debug.o [46]
debug_output_info       0x2802'0d74   0x14  Data  Lc  zf_common_debug.o [46]
debug_output_init       0x1008'2773   0x2a  Code  Gb  zf_common_debug.o [46]
debug_output_struct_init
                        0x1008'2753   0x20  Code  Gb  zf_common_debug.o [46]
debug_uart_buffer       0x2802'0cd4   0x40  Data  Gb  zf_common_debug.o [46]
debug_uart_data         0x2802'0db6    0x1  Data  Gb  zf_common_debug.o [46]
debug_uart_fifo         0x2802'0d44   0x18  Data  Gb  zf_common_debug.o [46]
debug_uart_str_output   0x1008'242f    0xc  Code  Lc  zf_common_debug.o [46]
delay_clk               0x2802'0780    0x2  Data  Lc  zf_driver_delay.o [49]
divNumLocator           0x1008'66d4    0x8  Data  Gb  cy_sysclk.o [33]
encoder_clear_count     0x1008'4a13   0x2e  Code  Gb  zf_driver_encoder.o [49]
encoder_clk             0x2802'0704    0x8  Data  Gb  zf_driver_encoder.o [49]
encoder_data_dir        0x2802'0d8c    0x4  Data  Gb  encoder.o [5]
encoder_get_count       0x1008'49b3   0x60  Code  Gb  zf_driver_encoder.o [49]
encoder_init            0x1008'582d   0x18  Code  Gb  encoder.o [5]
encoder_mode            0x2802'0dac    0x4  Data  Lc  zf_driver_encoder.o [49]
encoder_module          0x2802'070c   0x10  Data  Gb  zf_driver_encoder.o [49]
encoder_quad_get_count  0x1008'5845   0x24  Code  Gb  encoder.o [5]
encoder_quad_init       0x1008'4a41  0x15a  Code  Gb  zf_driver_encoder.o [49]
exit                    0x1008'65e5    0x4  Code  Gb  exit.o [50]
fifo_clear              0x1008'34b5   0x74  Code  Gb  zf_common_fifo.o [46]
fifo_end_offset         0x1008'349b   0x1a  Code  Lc  zf_common_fifo.o [46]
fifo_head_offset        0x1008'3481   0x1a  Code  Lc  zf_common_fifo.o [46]
fifo_init               0x1008'388b   0x3a  Code  Gb  zf_common_fifo.o [46]
fifo_read_buffer        0x1008'36eb  0x1a0  Code  Gb  zf_common_fifo.o [46]
fifo_used               0x1008'3529   0x22  Code  Gb  zf_common_fifo.o [46]
fifo_write_buffer       0x1008'354b  0x1a0  Code  Gb  zf_common_fifo.o [46]
get_ch1_hsiom           0x1008'4941   0x26  Code  Lc  zf_driver_encoder.o [49]
get_ch1_pin             0x1008'491b   0x26  Code  Lc  zf_driver_encoder.o [49]
get_ch2_hsiom           0x1008'498d   0x26  Code  Lc  zf_driver_encoder.o [49]
get_ch2_pin             0x1008'4967   0x26  Code  Lc  zf_driver_encoder.o [49]
get_pwm_ch              0x1008'1e29  0x368  Code  Lc  zf_driver_pwm.o [49]
get_pwm_pin             0x1008'174f  0x368  Code  Lc  zf_driver_pwm.o [49]
get_pwm_pin_hsiom       0x1008'1ab7  0x36a  Code  Lc  zf_driver_pwm.o [49]
get_scb_module          0x1008'2f97   0x44  Code  Gb  zf_driver_uart.o [49]
get_uart_config         0x1008'2e4b  0x14c  Code  Lc  zf_driver_uart.o [49]
gnss_flag               0x2802'0db8    0x1  Data  Gb  zf_device_gnss.o [48]
gnss_gga_state          0x2802'0dba    0x1  Data  Lc  zf_device_gnss.o [48]
gnss_receiver_fifo      0x2802'0d5c   0x18  Data  Lc  zf_device_gnss.o [48]
gnss_rmc_state          0x2802'0dbb    0x1  Data  Lc  zf_device_gnss.o [48]
gnss_state              0x2802'0db9    0x1  Data  Lc  zf_device_gnss.o [48]
gnss_ths_state          0x2802'0dbc    0x1  Data  Lc  zf_device_gnss.o [48]
gnss_uart_callback      0x1008'58e9   0xe2  Code  Gb  zf_device_gnss.o [48]
gpio_get_level          0x1008'4dcb   0x22  Code  Gb  zf_driver_gpio.o [49]
gpio_init               0x1008'4ded   0x88  Code  Gb  zf_driver_gpio.o [49]
gpio_set_level          0x1008'4d87   0x44  Code  Gb  zf_driver_gpio.o [49]
gps_gga_buffer          0x2802'0a9c   0x80  Data  Lc  zf_device_gnss.o [48]
gps_rmc_buffer          0x2802'0b1c   0x80  Data  Lc  zf_device_gnss.o [48]
gps_ths_buffer          0x2802'0b9c   0x80  Data  Lc  zf_device_gnss.o [48]
intFreqInitialized      0x2802'0db4    0x1  Data  Gb  cy_sysclk.o [33]
internalBaseFreqInfo    0x2802'0d14   0x18  Data  Gb  cy_sysclk.o [33]
interrupt_global_disable
                        0x1008'3935   0x14  Code  Gb  zf_common_interrupt.o [46]
interrupt_global_enable
                        0x1008'3925   0x10  Code  Gb  zf_common_interrupt.o [46]
interrupt_global_flag   0x2802'0da8    0x4  Data  Lc  zf_common_interrupt.o [46]
interrupt_init          0x1008'3975   0x36  Code  Gb  zf_common_interrupt.o [46]
interrupt_set_priority  0x1008'3969    0xc  Code  Gb  zf_common_interrupt.o [46]
key_gpio_init           0x1008'5f99   0x34  Code  Gb  key.o [5]
key_scan                0x1008'5fcd   0x96  Code  Gb  key.o [5]
ldexp                   0x1008'1231         Code  Gb  ldexp.o [51]
ldexpl                  0x1008'1231         Code  Gb  ldexp.o [51]
main                    0x1008'6319   0x74  Code  Gb  main_cm7_0.o [45]
memchr                  0x1008'1045         Code  Gb  memchr.o [52]
motor_init              0x1008'6115   0x34  Code  Gb  motor.o [5]
motor_set_speed         0x1008'6149   0x70  Code  Gb  motor.o [5]
pit0_ch0_isr            0x1008'5645    0xe  Code  Gb  cm7_0_isr.o [45]
pit0_ch10_isr           0x1008'5667    0xa  Code  Gb  cm7_0_isr.o [45]
pit0_ch11_isr           0x1008'5671    0xa  Code  Gb  cm7_0_isr.o [45]
pit0_ch12_isr           0x1008'567b    0xa  Code  Gb  cm7_0_isr.o [45]
pit0_ch13_isr           0x1008'5685    0xa  Code  Gb  cm7_0_isr.o [45]
pit0_ch14_isr           0x1008'568f    0xa  Code  Gb  cm7_0_isr.o [45]
pit0_ch15_isr           0x1008'5699    0xa  Code  Gb  cm7_0_isr.o [45]
pit0_ch16_isr           0x1008'56a3    0xa  Code  Gb  cm7_0_isr.o [45]
pit0_ch17_isr           0x1008'56ad    0xa  Code  Gb  cm7_0_isr.o [45]
pit0_ch18_isr           0x1008'56b7    0xa  Code  Gb  cm7_0_isr.o [45]
pit0_ch19_isr           0x1008'56c1    0xa  Code  Gb  cm7_0_isr.o [45]
pit0_ch1_isr            0x1008'5653    0xa  Code  Gb  cm7_0_isr.o [45]
pit0_ch20_isr           0x1008'56cb    0xa  Code  Gb  cm7_0_isr.o [45]
pit0_ch21_isr           0x1008'56d5    0xe  Code  Gb  cm7_0_isr.o [45]
pit0_ch2_isr            0x1008'565d    0xa  Code  Gb  cm7_0_isr.o [45]
pit_init                0x1008'519d  0x1ee  Code  Gb  zf_driver_pit.o [49]
pit_isr_flag_clear      0x1008'5173   0x2a  Code  Gb  zf_driver_pit.o [49]
pit_isr_func            0x2802'071c   0x3c  Data  Gb  zf_driver_pit.o [49]
pwm_all_channel_close   0x1008'2191   0x1a  Code  Gb  zf_driver_pwm.o [49]
pwm_init                0x1008'2205  0x1e4  Code  Gb  zf_driver_pwm.o [49]
pwm_set_duty            0x1008'21ab   0x5a  Code  Gb  zf_driver_pwm.o [49]
sar_adc                 0x2802'06f8    0xc  Data  Lc  zf_driver_adc.o [49]
scalbln                 0x1008'1231         Code  Gb  ldexp.o [51]
scalblnl                0x1008'1231         Code  Gb  ldexp.o [51]
scalbn                  0x1008'1231         Code  Gb  ldexp.o [51]
scalbnl                 0x1008'1231         Code  Gb  ldexp.o [51]
scale                   0x1008'0e61   0x46  Code  Lc  xprintffull_nomb.o [50]
scb_module              0x2802'076c   0x14  Data  Gb  zf_driver_uart.o [49]
sec_hand                0x2802'0db0    0x4  Data  Lc  xfail_s.o [50]
sprintf                 0x1008'3441   0x40  Code  Gb  sprintf.o [50]
strchr                  0x1008'0fad         Code  Gb  strchr.o [52]
strlen                  0x1008'100d         Code  Gb  strlen.o [52]
strncmp                 0x1008'5a71   0x2a  Code  Gb  strncmp.o [50]
strncpy                 0x1008'4691         Code  Gb  strncpy.o [52]
system_clock            0x2802'0da4    0x4  Data  Gb  zf_common_clock.o [46]
system_delay_init       0x1008'5563   0xa6  Code  Gb  zf_driver_delay.o [49]
system_delay_ms         0x1008'5505   0x5e  Code  Gb  zf_driver_delay.o [49]
timer_ch                0x2802'0783    0x1  Data  Lc  zf_driver_delay.o [49]
tsl1401_collect_pit_handler
                        0x1008'586d   0x68  Code  Gb  zf_device_tsl1401.o [48]
tsl1401_data            0x2802'0784  0x200  Data  Gb  zf_device_tsl1401.o [48]
tsl1401_finish_flag     0x2802'0dbe    0x1  Data  Gb  zf_device_tsl1401.o [48]
tsl1401_init_state      0x2802'0dbd    0x1  Data  Lc  zf_device_tsl1401.o [48]
type_default_callback   0x1008'67ad    0x2  Code  Lc  zf_device_type.o [48]
uart0_isr               0x1008'56e3   0x40  Code  Gb  cm7_0_isr.o [45]
uart1_isr               0x1008'5723   0x42  Code  Gb  cm7_0_isr.o [45]
uart2_isr               0x1008'5765   0x40  Code  Gb  cm7_0_isr.o [45]
uart3_isr               0x1008'57a5   0x3c  Code  Gb  cm7_0_isr.o [45]
uart4_isr               0x1008'57e1   0x42  Code  Gb  cm7_0_isr.o [45]
uart_context            0x2802'0984  0x118  Data  Gb  zf_driver_uart.o [49]
uart_init               0x1008'326b  0x190  Code  Gb  zf_driver_uart.o [49]
uart_isr_func           0x2802'0758   0x14  Data  Gb  zf_driver_uart.o [49]
uart_query_byte         0x1008'301f   0x32  Code  Gb  zf_driver_uart.o [49]
uart_receiver_handler   0x2802'06f4    0x4  Data  Gb  zf_device_type.o [48]
uart_rx_interrupt       0x1008'316d   0xfe  Code  Gb  zf_driver_uart.o [49]
uart_tx_interrupt       0x1008'3051  0x11c  Code  Gb  zf_driver_uart.o [49]
uart_write_byte         0x1008'2fdb   0x28  Code  Gb  zf_driver_uart.o [49]
uart_write_string       0x1008'3003   0x1c  Code  Gb  zf_driver_uart.o [49]
wireless_module_uart_handler
                        0x2802'06f0    0x4  Data  Gb  zf_device_type.o [48]
zf_debug_assert_enable  0x2802'0782    0x1  Data  Lc  zf_common_debug.o [46]
zf_debug_init_flag      0x2802'0db5    0x1  Data  Lc  zf_common_debug.o [46]


[1] = D:\CYT4BB7_Library-master\Seekfree_CYT4BB_Opensource_Library\project\iar\Debug_m7_0\Obj\adc_11722776235721520015.dir
[2] = D:\CYT4BB7_Library-master\Seekfree_CYT4BB_Opensource_Library\project\iar\Debug_m7_0\Obj\audioss_1346650047966882938.dir
[3] = D:\CYT4BB7_Library-master\Seekfree_CYT4BB_Opensource_Library\project\iar\Debug_m7_0\Obj\button_4990804375159372270.dir
[4] = D:\CYT4BB7_Library-master\Seekfree_CYT4BB_Opensource_Library\project\iar\Debug_m7_0\Obj\canfd_1800690984773873875.dir
[5] = D:\CYT4BB7_Library-master\Seekfree_CYT4BB_Opensource_Library\project\iar\Debug_m7_0\Obj\code_17896468042025673432.dir
[6] = D:\CYT4BB7_Library-master\Seekfree_CYT4BB_Opensource_Library\project\iar\Debug_m7_0\Obj\cpu_15938736945165268644.dir
[7] = D:\CYT4BB7_Library-master\Seekfree_CYT4BB_Opensource_Library\project\iar\Debug_m7_0\Obj\crypto_1190170608956581615.dir
[8] = D:\CYT4BB7_Library-master\Seekfree_CYT4BB_Opensource_Library\project\iar\Debug_m7_0\Obj\dma_12106025507578611576.dir
[9] = D:\CYT4BB7_Library-master\Seekfree_CYT4BB_Opensource_Library\project\iar\Debug_m7_0\Obj\eth_phy_18133017486186456677.dir
[10] = D:\CYT4BB7_Library-master\Seekfree_CYT4BB_Opensource_Library\project\iar\Debug_m7_0\Obj\ethernet_6029839089178797009.dir
[11] = D:\CYT4BB7_Library-master\Seekfree_CYT4BB_Opensource_Library\project\iar\Debug_m7_0\Obj\evtgen_3404189088603873129.dir
[12] = D:\CYT4BB7_Library-master\Seekfree_CYT4BB_Opensource_Library\project\iar\Debug_m7_0\Obj\flash_8529866181315662935.dir
[13] = D:\CYT4BB7_Library-master\Seekfree_CYT4BB_Opensource_Library\project\iar\Debug_m7_0\Obj\flash_864493325053435817.dir
[14] = D:\CYT4BB7_Library-master\Seekfree_CYT4BB_Opensource_Library\project\iar\Debug_m7_0\Obj\gpio_3999404635324069351.dir
[15] = D:\CYT4BB7_Library-master\Seekfree_CYT4BB_Opensource_Library\project\iar\Debug_m7_0\Obj\ipc_10145506163450686023.dir
[16] = D:\CYT4BB7_Library-master\Seekfree_CYT4BB_Opensource_Library\project\iar\Debug_m7_0\Obj\lin_18429031207028094880.dir
[17] = D:\CYT4BB7_Library-master\Seekfree_CYT4BB_Opensource_Library\project\iar\Debug_m7_0\Obj\lvd_6353935867039560245.dir
[18] = D:\CYT4BB7_Library-master\Seekfree_CYT4BB_Opensource_Library\project\iar\Debug_m7_0\Obj\mcwdt_4052485907822033969.dir
[19] = D:\CYT4BB7_Library-master\Seekfree_CYT4BB_Opensource_Library\project\iar\Debug_m7_0\Obj\mpu_5663187252346826382.dir
[20] = D:\CYT4BB7_Library-master\Seekfree_CYT4BB_Opensource_Library\project\iar\Debug_m7_0\Obj\power_14453085144426420577.dir
[21] = D:\CYT4BB7_Library-master\Seekfree_CYT4BB_Opensource_Library\project\iar\Debug_m7_0\Obj\prot_10722960861768657883.dir
[22] = D:\CYT4BB7_Library-master\Seekfree_CYT4BB_Opensource_Library\project\iar\Debug_m7_0\Obj\rev_b_4986922561640112550.dir
[23] = D:\CYT4BB7_Library-master\Seekfree_CYT4BB_Opensource_Library\project\iar\Debug_m7_0\Obj\rev_b_6162237342861132223.dir
[24] = D:\CYT4BB7_Library-master\Seekfree_CYT4BB_Opensource_Library\project\iar\Debug_m7_0\Obj\scb_15490842639181808494.dir
[25] = D:\CYT4BB7_Library-master\Seekfree_CYT4BB_Opensource_Library\project\iar\Debug_m7_0\Obj\sd_host_2982766354293506895.dir
[26] = D:\CYT4BB7_Library-master\Seekfree_CYT4BB_Opensource_Library\project\iar\Debug_m7_0\Obj\semihosting_143864889731838620.dir
[27] = D:\CYT4BB7_Library-master\Seekfree_CYT4BB_Opensource_Library\project\iar\Debug_m7_0\Obj\smartio_5451710003740070188.dir
[28] = D:\CYT4BB7_Library-master\Seekfree_CYT4BB_Opensource_Library\project\iar\Debug_m7_0\Obj\smif_427648126384146252.dir
[29] = D:\CYT4BB7_Library-master\Seekfree_CYT4BB_Opensource_Library\project\iar\Debug_m7_0\Obj\smif_mem_6470536964353725183.dir
[30] = D:\CYT4BB7_Library-master\Seekfree_CYT4BB_Opensource_Library\project\iar\Debug_m7_0\Obj\srom_13018798572330080582.dir
[31] = D:\CYT4BB7_Library-master\Seekfree_CYT4BB_Opensource_Library\project\iar\Debug_m7_0\Obj\startup_479057977785470282.dir
[32] = D:\CYT4BB7_Library-master\Seekfree_CYT4BB_Opensource_Library\project\iar\Debug_m7_0\Obj\sw_timer_4215635015939382130.dir
[33] = D:\CYT4BB7_Library-master\Seekfree_CYT4BB_Opensource_Library\project\iar\Debug_m7_0\Obj\sysclk_16149231235676103872.dir
[34] = D:\CYT4BB7_Library-master\Seekfree_CYT4BB_Opensource_Library\project\iar\Debug_m7_0\Obj\sysflt_12293435975120599261.dir
[35] = D:\CYT4BB7_Library-master\Seekfree_CYT4BB_Opensource_Library\project\iar\Debug_m7_0\Obj\sysint_7435970359207984181.dir
[36] = D:\CYT4BB7_Library-master\Seekfree_CYT4BB_Opensource_Library\project\iar\Debug_m7_0\Obj\syslib_16330585751512546975.dir
[37] = D:\CYT4BB7_Library-master\Seekfree_CYT4BB_Opensource_Library\project\iar\Debug_m7_0\Obj\syspm_10887939769544754770.dir
[38] = D:\CYT4BB7_Library-master\Seekfree_CYT4BB_Opensource_Library\project\iar\Debug_m7_0\Obj\sysreghc_17676636058511625587.dir
[39] = D:\CYT4BB7_Library-master\Seekfree_CYT4BB_Opensource_Library\project\iar\Debug_m7_0\Obj\sysreset_14586141425677365288.dir
[40] = D:\CYT4BB7_Library-master\Seekfree_CYT4BB_Opensource_Library\project\iar\Debug_m7_0\Obj\sysrtc_10747768817563771611.dir
[41] = D:\CYT4BB7_Library-master\Seekfree_CYT4BB_Opensource_Library\project\iar\Debug_m7_0\Obj\systick_16016591671695740695.dir
[42] = D:\CYT4BB7_Library-master\Seekfree_CYT4BB_Opensource_Library\project\iar\Debug_m7_0\Obj\syswdt_9118657615806274156.dir
[43] = D:\CYT4BB7_Library-master\Seekfree_CYT4BB_Opensource_Library\project\iar\Debug_m7_0\Obj\tcpwm_422923530147891246.dir
[44] = D:\CYT4BB7_Library-master\Seekfree_CYT4BB_Opensource_Library\project\iar\Debug_m7_0\Obj\trigmux_9729677290734583340.dir
[45] = D:\CYT4BB7_Library-master\Seekfree_CYT4BB_Opensource_Library\project\iar\Debug_m7_0\Obj\user_8514941877209965082.dir
[46] = D:\CYT4BB7_Library-master\Seekfree_CYT4BB_Opensource_Library\project\iar\Debug_m7_0\Obj\zf_common_1201165462030747823.dir
[47] = D:\CYT4BB7_Library-master\Seekfree_CYT4BB_Opensource_Library\project\iar\Debug_m7_0\Obj\zf_components_14936052685886095442.dir
[48] = D:\CYT4BB7_Library-master\Seekfree_CYT4BB_Opensource_Library\project\iar\Debug_m7_0\Obj\zf_device_6570275422786408770.dir
[49] = D:\CYT4BB7_Library-master\Seekfree_CYT4BB_Opensource_Library\project\iar\Debug_m7_0\Obj\zf_driver_11922370083829174090.dir
[50] = dl7M_tln.a
[51] = m7M_tlv.a
[52] = rt7M_tl.a
[53] = shb_l.a
[54] = zf_device_config.a

  25'542 bytes of readonly  code memory
   1'161 bytes of readonly  data memory
  11'839 bytes of readwrite data memory

Errors: none
Warnings: none
