###############################################################################
#
# IAR ELF Linker V9.40.1.364/W64 for ARM                  19/Dec/2025  21:52:52
# Copyright 2007-2023 IAR Systems AB.
#
#    Output file  =
#        D:\CYT4BB7_Library-master\Seekfree_CYT4BB_Opensource_Library\project\iar\project_config\Debug_m7_0\Exe\cyt4bb7_cm_7_0.out
#    Map file     =
#        D:\CYT4BB7_Library-master\Seekfree_CYT4BB_Opensource_Library\project\iar\Debug_m7_0\List\cyt4bb7_cm_7_0.map
#    Command line =
#        -f
#        D:\CYT4BB7_Library-master\Seekfree_CYT4BB_Opensource_Library\project\iar\project_config\Debug_m7_0\Exe\cyt4bb7_cm_7_0.out.rsp
#        (D:\CYT4BB7_Library-master\Seekfree_CYT4BB_Opensource_Library\project\iar\Debug_m7_0\Obj\user_8514941877209965082.dir\cm7_0_isr.o
#        D:\CYT4BB7_Library-master\Seekfree_CYT4BB_Opensource_Library\project\iar\Debug_m7_0\Obj\adc_11722776235721520015.dir\cy_adc.o
#        D:\CYT4BB7_Library-master\Seekfree_CYT4BB_Opensource_Library\project\iar\Debug_m7_0\Obj\button_4990804375159372270.dir\cy_button.o
#        D:\CYT4BB7_Library-master\Seekfree_CYT4BB_Opensource_Library\project\iar\Debug_m7_0\Obj\canfd_1800690984773873875.dir\cy_canfd.o
#        D:\CYT4BB7_Library-master\Seekfree_CYT4BB_Opensource_Library\project\iar\Debug_m7_0\Obj\cpu_15938736945165268644.dir\cy_cpu.o
#        D:\CYT4BB7_Library-master\Seekfree_CYT4BB_Opensource_Library\project\iar\Debug_m7_0\Obj\crypto_1190170608956581615.dir\cy_crypto_config.o
#        D:\CYT4BB7_Library-master\Seekfree_CYT4BB_Opensource_Library\project\iar\Debug_m7_0\Obj\eth_phy_18133017486186456677.dir\cy_dp83867.o
#        D:\CYT4BB7_Library-master\Seekfree_CYT4BB_Opensource_Library\project\iar\Debug_m7_0\Obj\ethernet_6029839089178797009.dir\cy_ethif.o
#        D:\CYT4BB7_Library-master\Seekfree_CYT4BB_Opensource_Library\project\iar\Debug_m7_0\Obj\evtgen_3404189088603873129.dir\cy_evtgen.o
#        D:\CYT4BB7_Library-master\Seekfree_CYT4BB_Opensource_Library\project\iar\Debug_m7_0\Obj\flash_8529866181315662935.dir\cy_flash.o
#        D:\CYT4BB7_Library-master\Seekfree_CYT4BB_Opensource_Library\project\iar\Debug_m7_0\Obj\gpio_3999404635324069351.dir\cy_gpio.o
#        D:\CYT4BB7_Library-master\Seekfree_CYT4BB_Opensource_Library\project\iar\Debug_m7_0\Obj\audioss_1346650047966882938.dir\cy_i2s.o
#        D:\CYT4BB7_Library-master\Seekfree_CYT4BB_Opensource_Library\project\iar\Debug_m7_0\Obj\rev_b_6162237342861132223.dir\cy_interrupt_map.o
#        D:\CYT4BB7_Library-master\Seekfree_CYT4BB_Opensource_Library\project\iar\Debug_m7_0\Obj\ipc_10145506163450686023.dir\cy_ipc_drv.o
#        D:\CYT4BB7_Library-master\Seekfree_CYT4BB_Opensource_Library\project\iar\Debug_m7_0\Obj\ipc_10145506163450686023.dir\cy_ipc_pipe.o
#        D:\CYT4BB7_Library-master\Seekfree_CYT4BB_Opensource_Library\project\iar\Debug_m7_0\Obj\ipc_10145506163450686023.dir\cy_ipc_sema.o
#        D:\CYT4BB7_Library-master\Seekfree_CYT4BB_Opensource_Library\project\iar\Debug_m7_0\Obj\lin_18429031207028094880.dir\cy_lin.o
#        D:\CYT4BB7_Library-master\Seekfree_CYT4BB_Opensource_Library\project\iar\Debug_m7_0\Obj\lvd_6353935867039560245.dir\cy_lvd.o
#        D:\CYT4BB7_Library-master\Seekfree_CYT4BB_Opensource_Library\project\iar\Debug_m7_0\Obj\mcwdt_4052485907822033969.dir\cy_mcwdt.o
#        D:\CYT4BB7_Library-master\Seekfree_CYT4BB_Opensource_Library\project\iar\Debug_m7_0\Obj\dma_12106025507578611576.dir\cy_mdma.o
#        D:\CYT4BB7_Library-master\Seekfree_CYT4BB_Opensource_Library\project\iar\Debug_m7_0\Obj\mpu_5663187252346826382.dir\cy_mpu.o
#        D:\CYT4BB7_Library-master\Seekfree_CYT4BB_Opensource_Library\project\iar\Debug_m7_0\Obj\flash_864493325053435817.dir\cy_mw_flash.o
#        D:\CYT4BB7_Library-master\Seekfree_CYT4BB_Opensource_Library\project\iar\Debug_m7_0\Obj\dma_12106025507578611576.dir\cy_pdma.o
#        D:\CYT4BB7_Library-master\Seekfree_CYT4BB_Opensource_Library\project\iar\Debug_m7_0\Obj\power_14453085144426420577.dir\cy_power.o
#        D:\CYT4BB7_Library-master\Seekfree_CYT4BB_Opensource_Library\project\iar\Debug_m7_0\Obj\prot_10722960861768657883.dir\cy_prot.o
#        D:\CYT4BB7_Library-master\Seekfree_CYT4BB_Opensource_Library\project\iar\Debug_m7_0\Obj\scb_15490842639181808494.dir\cy_scb_common.o
#        D:\CYT4BB7_Library-master\Seekfree_CYT4BB_Opensource_Library\project\iar\Debug_m7_0\Obj\scb_15490842639181808494.dir\cy_scb_ezi2c.o
#        D:\CYT4BB7_Library-master\Seekfree_CYT4BB_Opensource_Library\project\iar\Debug_m7_0\Obj\scb_15490842639181808494.dir\cy_scb_i2c.o
#        D:\CYT4BB7_Library-master\Seekfree_CYT4BB_Opensource_Library\project\iar\Debug_m7_0\Obj\scb_15490842639181808494.dir\cy_scb_spi.o
#        D:\CYT4BB7_Library-master\Seekfree_CYT4BB_Opensource_Library\project\iar\Debug_m7_0\Obj\scb_15490842639181808494.dir\cy_scb_uart.o
#        D:\CYT4BB7_Library-master\Seekfree_CYT4BB_Opensource_Library\project\iar\Debug_m7_0\Obj\sd_host_2982766354293506895.dir\cy_sd_host.o
#        D:\CYT4BB7_Library-master\Seekfree_CYT4BB_Opensource_Library\project\iar\Debug_m7_0\Obj\semihosting_143864889731838620.dir\cy_semihosting.o
#        D:\CYT4BB7_Library-master\Seekfree_CYT4BB_Opensource_Library\project\iar\Debug_m7_0\Obj\smartio_5451710003740070188.dir\cy_smartio.o
#        D:\CYT4BB7_Library-master\Seekfree_CYT4BB_Opensource_Library\project\iar\Debug_m7_0\Obj\smif_427648126384146252.dir\cy_smif.o
#        D:\CYT4BB7_Library-master\Seekfree_CYT4BB_Opensource_Library\project\iar\Debug_m7_0\Obj\smif_mem_6470536964353725183.dir\cy_smif_device_common.o
#        D:\CYT4BB7_Library-master\Seekfree_CYT4BB_Opensource_Library\project\iar\Debug_m7_0\Obj\smif_mem_6470536964353725183.dir\cy_smif_hb_flash.o
#        D:\CYT4BB7_Library-master\Seekfree_CYT4BB_Opensource_Library\project\iar\Debug_m7_0\Obj\smif_427648126384146252.dir\cy_smif_memslot.o
#        D:\CYT4BB7_Library-master\Seekfree_CYT4BB_Opensource_Library\project\iar\Debug_m7_0\Obj\smif_mem_6470536964353725183.dir\cy_smif_s25fl.o
#        D:\CYT4BB7_Library-master\Seekfree_CYT4BB_Opensource_Library\project\iar\Debug_m7_0\Obj\smif_mem_6470536964353725183.dir\cy_smif_s25fs.o
#        D:\CYT4BB7_Library-master\Seekfree_CYT4BB_Opensource_Library\project\iar\Debug_m7_0\Obj\smif_mem_6470536964353725183.dir\cy_smif_semp.o
#        D:\CYT4BB7_Library-master\Seekfree_CYT4BB_Opensource_Library\project\iar\Debug_m7_0\Obj\smif_427648126384146252.dir\cy_smif_ver_specific.o
#        D:\CYT4BB7_Library-master\Seekfree_CYT4BB_Opensource_Library\project\iar\Debug_m7_0\Obj\srom_13018798572330080582.dir\cy_srom.o
#        D:\CYT4BB7_Library-master\Seekfree_CYT4BB_Opensource_Library\project\iar\Debug_m7_0\Obj\sw_timer_4215635015939382130.dir\cy_sw_tmr.o
#        D:\CYT4BB7_Library-master\Seekfree_CYT4BB_Opensource_Library\project\iar\Debug_m7_0\Obj\sysclk_16149231235676103872.dir\cy_sysclk.o
#        D:\CYT4BB7_Library-master\Seekfree_CYT4BB_Opensource_Library\project\iar\Debug_m7_0\Obj\sysflt_12293435975120599261.dir\cy_sysflt.o
#        D:\CYT4BB7_Library-master\Seekfree_CYT4BB_Opensource_Library\project\iar\Debug_m7_0\Obj\sysint_7435970359207984181.dir\cy_sysint.o
#        D:\CYT4BB7_Library-master\Seekfree_CYT4BB_Opensource_Library\project\iar\Debug_m7_0\Obj\syslib_16330585751512546975.dir\cy_syslib.o
#        D:\CYT4BB7_Library-master\Seekfree_CYT4BB_Opensource_Library\project\iar\Debug_m7_0\Obj\syslib_16330585751512546975.dir\cy_syslib_iar.o
#        D:\CYT4BB7_Library-master\Seekfree_CYT4BB_Opensource_Library\project\iar\Debug_m7_0\Obj\syspm_10887939769544754770.dir\cy_syspm.o
#        D:\CYT4BB7_Library-master\Seekfree_CYT4BB_Opensource_Library\project\iar\Debug_m7_0\Obj\sysreghc_17676636058511625587.dir\cy_sysreghc.o
#        D:\CYT4BB7_Library-master\Seekfree_CYT4BB_Opensource_Library\project\iar\Debug_m7_0\Obj\sysreset_14586141425677365288.dir\cy_sysreset.o
#        D:\CYT4BB7_Library-master\Seekfree_CYT4BB_Opensource_Library\project\iar\Debug_m7_0\Obj\sysrtc_10747768817563771611.dir\cy_sysrtc.o
#        D:\CYT4BB7_Library-master\Seekfree_CYT4BB_Opensource_Library\project\iar\Debug_m7_0\Obj\systick_16016591671695740695.dir\cy_systick.o
#        D:\CYT4BB7_Library-master\Seekfree_CYT4BB_Opensource_Library\project\iar\Debug_m7_0\Obj\syswdt_9118657615806274156.dir\cy_syswdt.o
#        D:\CYT4BB7_Library-master\Seekfree_CYT4BB_Opensource_Library\project\iar\Debug_m7_0\Obj\tcpwm_422923530147891246.dir\cy_tcpwm.o
#        D:\CYT4BB7_Library-master\Seekfree_CYT4BB_Opensource_Library\project\iar\Debug_m7_0\Obj\tcpwm_422923530147891246.dir\cy_tcpwm_counter.o
#        D:\CYT4BB7_Library-master\Seekfree_CYT4BB_Opensource_Library\project\iar\Debug_m7_0\Obj\tcpwm_422923530147891246.dir\cy_tcpwm_pwm.o
#        D:\CYT4BB7_Library-master\Seekfree_CYT4BB_Opensource_Library\project\iar\Debug_m7_0\Obj\tcpwm_422923530147891246.dir\cy_tcpwm_quaddec.o
#        D:\CYT4BB7_Library-master\Seekfree_CYT4BB_Opensource_Library\project\iar\Debug_m7_0\Obj\tcpwm_422923530147891246.dir\cy_tcpwm_sr.o
#        D:\CYT4BB7_Library-master\Seekfree_CYT4BB_Opensource_Library\project\iar\Debug_m7_0\Obj\trigmux_9729677290734583340.dir\cy_trigmux.o
#        D:\CYT4BB7_Library-master\Seekfree_CYT4BB_Opensource_Library\project\iar\Debug_m7_0\Obj\ethernet_6029839089178797009.dir\edd.o
#        D:\CYT4BB7_Library-master\Seekfree_CYT4BB_Opensource_Library\project\iar\Debug_m7_0\Obj\ethernet_6029839089178797009.dir\edd_rx.o
#        D:\CYT4BB7_Library-master\Seekfree_CYT4BB_Opensource_Library\project\iar\Debug_m7_0\Obj\ethernet_6029839089178797009.dir\edd_tx.o
#        D:\CYT4BB7_Library-master\Seekfree_CYT4BB_Opensource_Library\project\iar\Debug_m7_0\Obj\code_17896468042025673432.dir\encoder.o
#        D:\CYT4BB7_Library-master\Seekfree_CYT4BB_Opensource_Library\project\iar\Debug_m7_0\Obj\user_8514941877209965082.dir\main_cm7_0.o
#        D:\CYT4BB7_Library-master\Seekfree_CYT4BB_Opensource_Library\project\iar\Debug_m7_0\Obj\zf_components_14936052685886095442.dir\seekfree_assistant.o
#        D:\CYT4BB7_Library-master\Seekfree_CYT4BB_Opensource_Library\project\iar\Debug_m7_0\Obj\zf_components_14936052685886095442.dir\seekfree_assistant_interface.o
#        D:\CYT4BB7_Library-master\Seekfree_CYT4BB_Opensource_Library\project\iar\Debug_m7_0\Obj\startup_479057977785470282.dir\startup.o
#        D:\CYT4BB7_Library-master\Seekfree_CYT4BB_Opensource_Library\project\iar\Debug_m7_0\Obj\startup_479057977785470282.dir\startup_cm7.o
#        D:\CYT4BB7_Library-master\Seekfree_CYT4BB_Opensource_Library\project\iar\Debug_m7_0\Obj\rev_b_4986922561640112550.dir\system_tviibh4m_cm7.o
#        D:\CYT4BB7_Library-master\Seekfree_CYT4BB_Opensource_Library\project\iar\Debug_m7_0\Obj\zf_common_1201165462030747823.dir\zf_common_clock.o
#        D:\CYT4BB7_Library-master\Seekfree_CYT4BB_Opensource_Library\project\iar\Debug_m7_0\Obj\zf_common_1201165462030747823.dir\zf_common_debug.o
#        D:\CYT4BB7_Library-master\Seekfree_CYT4BB_Opensource_Library\project\iar\Debug_m7_0\Obj\zf_common_1201165462030747823.dir\zf_common_fifo.o
#        D:\CYT4BB7_Library-master\Seekfree_CYT4BB_Opensource_Library\project\iar\Debug_m7_0\Obj\zf_common_1201165462030747823.dir\zf_common_font.o
#        D:\CYT4BB7_Library-master\Seekfree_CYT4BB_Opensource_Library\project\iar\Debug_m7_0\Obj\zf_common_1201165462030747823.dir\zf_common_function.o
#        D:\CYT4BB7_Library-master\Seekfree_CYT4BB_Opensource_Library\project\iar\Debug_m7_0\Obj\zf_common_1201165462030747823.dir\zf_common_interrupt.o
#        D:\CYT4BB7_Library-master\Seekfree_CYT4BB_Opensource_Library\project\iar\Debug_m7_0\Obj\zf_device_6570275422786408770.dir\zf_device_ble6a20.o
#        D:\CYT4BB7_Library-master\Seekfree_CYT4BB_Opensource_Library\project\iar\Debug_m7_0\Obj\zf_device_6570275422786408770.dir\zf_device_dl1a.o
#        D:\CYT4BB7_Library-master\Seekfree_CYT4BB_Opensource_Library\project\iar\Debug_m7_0\Obj\zf_device_6570275422786408770.dir\zf_device_dl1b.o
#        D:\CYT4BB7_Library-master\Seekfree_CYT4BB_Opensource_Library\project\iar\Debug_m7_0\Obj\zf_device_6570275422786408770.dir\zf_device_gnss.o
#        D:\CYT4BB7_Library-master\Seekfree_CYT4BB_Opensource_Library\project\iar\Debug_m7_0\Obj\zf_device_6570275422786408770.dir\zf_device_icm20602.o
#        D:\CYT4BB7_Library-master\Seekfree_CYT4BB_Opensource_Library\project\iar\Debug_m7_0\Obj\zf_device_6570275422786408770.dir\zf_device_imu660ra.o
#        D:\CYT4BB7_Library-master\Seekfree_CYT4BB_Opensource_Library\project\iar\Debug_m7_0\Obj\zf_device_6570275422786408770.dir\zf_device_imu963ra.o
#        D:\CYT4BB7_Library-master\Seekfree_CYT4BB_Opensource_Library\project\iar\Debug_m7_0\Obj\zf_device_6570275422786408770.dir\zf_device_ips114.o
#        D:\CYT4BB7_Library-master\Seekfree_CYT4BB_Opensource_Library\project\iar\Debug_m7_0\Obj\zf_device_6570275422786408770.dir\zf_device_ips200.o
#        D:\CYT4BB7_Library-master\Seekfree_CYT4BB_Opensource_Library\project\iar\Debug_m7_0\Obj\zf_device_6570275422786408770.dir\zf_device_ips200pro.o
#        D:\CYT4BB7_Library-master\Seekfree_CYT4BB_Opensource_Library\project\iar\Debug_m7_0\Obj\zf_device_6570275422786408770.dir\zf_device_key.o
#        D:\CYT4BB7_Library-master\Seekfree_CYT4BB_Opensource_Library\project\iar\Debug_m7_0\Obj\zf_device_6570275422786408770.dir\zf_device_menc15a.o
#        D:\CYT4BB7_Library-master\Seekfree_CYT4BB_Opensource_Library\project\iar\Debug_m7_0\Obj\zf_device_6570275422786408770.dir\zf_device_mt9v03x.o
#        D:\CYT4BB7_Library-master\Seekfree_CYT4BB_Opensource_Library\project\iar\Debug_m7_0\Obj\zf_device_6570275422786408770.dir\zf_device_oled.o
#        D:\CYT4BB7_Library-master\Seekfree_CYT4BB_Opensource_Library\project\iar\Debug_m7_0\Obj\zf_device_6570275422786408770.dir\zf_device_tft180.o
#        D:\CYT4BB7_Library-master\Seekfree_CYT4BB_Opensource_Library\project\iar\Debug_m7_0\Obj\zf_device_6570275422786408770.dir\zf_device_tsl1401.o
#        D:\CYT4BB7_Library-master\Seekfree_CYT4BB_Opensource_Library\project\iar\Debug_m7_0\Obj\zf_device_6570275422786408770.dir\zf_device_type.o
#        D:\CYT4BB7_Library-master\Seekfree_CYT4BB_Opensource_Library\project\iar\Debug_m7_0\Obj\zf_device_6570275422786408770.dir\zf_device_uart_receiver.o
#        D:\CYT4BB7_Library-master\Seekfree_CYT4BB_Opensource_Library\project\iar\Debug_m7_0\Obj\zf_device_6570275422786408770.dir\zf_device_wifi_spi.o
#        D:\CYT4BB7_Library-master\Seekfree_CYT4BB_Opensource_Library\project\iar\Debug_m7_0\Obj\zf_device_6570275422786408770.dir\zf_device_wifi_uart.o
#        D:\CYT4BB7_Library-master\Seekfree_CYT4BB_Opensource_Library\project\iar\Debug_m7_0\Obj\zf_device_6570275422786408770.dir\zf_device_wireless_uart.o
#        D:\CYT4BB7_Library-master\Seekfree_CYT4BB_Opensource_Library\project\iar\Debug_m7_0\Obj\zf_driver_11922370083829174090.dir\zf_driver_adc.o
#        D:\CYT4BB7_Library-master\Seekfree_CYT4BB_Opensource_Library\project\iar\Debug_m7_0\Obj\zf_driver_11922370083829174090.dir\zf_driver_delay.o
#        D:\CYT4BB7_Library-master\Seekfree_CYT4BB_Opensource_Library\project\iar\Debug_m7_0\Obj\zf_driver_11922370083829174090.dir\zf_driver_dma.o
#        D:\CYT4BB7_Library-master\Seekfree_CYT4BB_Opensource_Library\project\iar\Debug_m7_0\Obj\zf_driver_11922370083829174090.dir\zf_driver_encoder.o
#        D:\CYT4BB7_Library-master\Seekfree_CYT4BB_Opensource_Library\project\iar\Debug_m7_0\Obj\zf_driver_11922370083829174090.dir\zf_driver_exti.o
#        D:\CYT4BB7_Library-master\Seekfree_CYT4BB_Opensource_Library\project\iar\Debug_m7_0\Obj\zf_driver_11922370083829174090.dir\zf_driver_flash.o
#        D:\CYT4BB7_Library-master\Seekfree_CYT4BB_Opensource_Library\project\iar\Debug_m7_0\Obj\zf_driver_11922370083829174090.dir\zf_driver_gpio.o
#        D:\CYT4BB7_Library-master\Seekfree_CYT4BB_Opensource_Library\project\iar\Debug_m7_0\Obj\zf_driver_11922370083829174090.dir\zf_driver_ipc.o
#        D:\CYT4BB7_Library-master\Seekfree_CYT4BB_Opensource_Library\project\iar\Debug_m7_0\Obj\zf_driver_11922370083829174090.dir\zf_driver_pit.o
#        D:\CYT4BB7_Library-master\Seekfree_CYT4BB_Opensource_Library\project\iar\Debug_m7_0\Obj\zf_driver_11922370083829174090.dir\zf_driver_pwm.o
#        D:\CYT4BB7_Library-master\Seekfree_CYT4BB_Opensource_Library\project\iar\Debug_m7_0\Obj\zf_driver_11922370083829174090.dir\zf_driver_soft_iic.o
#        D:\CYT4BB7_Library-master\Seekfree_CYT4BB_Opensource_Library\project\iar\Debug_m7_0\Obj\zf_driver_11922370083829174090.dir\zf_driver_soft_spi.o
#        D:\CYT4BB7_Library-master\Seekfree_CYT4BB_Opensource_Library\project\iar\Debug_m7_0\Obj\zf_driver_11922370083829174090.dir\zf_driver_spi.o
#        D:\CYT4BB7_Library-master\Seekfree_CYT4BB_Opensource_Library\project\iar\Debug_m7_0\Obj\zf_driver_11922370083829174090.dir\zf_driver_timer.o
#        D:\CYT4BB7_Library-master\Seekfree_CYT4BB_Opensource_Library\project\iar\Debug_m7_0\Obj\zf_driver_11922370083829174090.dir\zf_driver_uart.o
#        --no_out_extension -o
#        D:\CYT4BB7_Library-master\Seekfree_CYT4BB_Opensource_Library\project\iar\project_config\Debug_m7_0\Exe\cyt4bb7_cm_7_0.out
#        --config_def _CORE_cm7_0_=0 --config_def _LINK_flash_=0 --map
#        D:\CYT4BB7_Library-master\Seekfree_CYT4BB_Opensource_Library\project\iar\Debug_m7_0\List\cyt4bb7_cm_7_0.map
#        --config
#        D:\CYT4BB7_Library-master\Seekfree_CYT4BB_Opensource_Library\project\iar\project_config\..\icf\linker_directives_tviibh.icf
#        --semihosting
#        D:\CYT4BB7_Library-master\Seekfree_CYT4BB_Opensource_Library\project\iar\project_config\..\..\..\libraries\sdk\tviibh4m\src\drivers\crypto\libs\libcrypto_server_cm0plus_iar.a
#        D:\CYT4BB7_Library-master\Seekfree_CYT4BB_Opensource_Library\project\iar\project_config\..\..\..\libraries\zf_device\zf_device_config.a
#        D:\CYT4BB7_Library-master\Seekfree_CYT4BB_Opensource_Library\project\iar\project_config\..\..\..\libraries\sdk\common\hdr\cmsis\dsp\iar_cortexM7lf_math.a
#        --entry __iar_program_start --vfe --text_out locale --cpu=Cortex-M7
#        --fpu=VFPv5_d16) --dependencies=n
#        D:\CYT4BB7_Library-master\Seekfree_CYT4BB_Opensource_Library\project\iar\project_config\Debug_m7_0\Exe\cyt4bb7_cm_7_0.out.iar_deps
#
###############################################################################

*******************************************************************************
*** RUNTIME MODEL ATTRIBUTES
***

CppFlavor       = *
__CPP_Runtime   = 1
__Heap_Handler  = Basic
__SystemLibrary = DLib
__dlib_version  = 6


*******************************************************************************
*** HEAP SELECTION
***

The basic heap was selected because --advanced_heap
was not specified and the application did not appear to
be primarily optimized for speed.


*******************************************************************************
*** PLACEMENT SUMMARY
***

"A0":  place at start of [from 0x1008'0000 to 0x1027'ffff] { section .intvec };
"P1":  place in [from 0x1008'0000 to 0x1027'ffff] { ro };
"P2":  place in [from 0x2802'0000 to 0x2807'ffff] { rw };
define block HEAP with size = 1K, alignment = 8 { };
define block CSTACK with size = 8K, alignment = 8 { };
define block HEAP_STACK { block HEAP, last block CSTACK };
"A1":  place at end of [from 0x2802'0000 to 0x2807'ffff] { block HEAP_STACK };
do not initialize { section .intvec_ram };
initialize by copy { rw };

No sections matched the following patterns:

  ro section .sflash_app_prot  in "P6"
  ro section .sflash_nar       in "P4"
  ro section .sflash_pkey      in "P5"
  ro section .sflash_toc2      in "P7"
  ro section .sflash_uf_rows   in "P3"
  ro section .work_flash       in "P8"
  section .global_ram_data     in "P9"


  Section            Kind         Address    Size  Object
  -------            ----         -------    ----  ------
"A0":                                        0x80
  .intvec            ro code  0x1008'0000    0x80  startup_cm7.o [31]
                            - 0x1008'0080    0x80

"P1":                                      0x565f
  .text              ro code  0x1008'0080   0xeae  xprintffull_nomb.o [50]
  .text              ro code  0x1008'0f2e    0x7e  lz77_init_single.o [52]
  .text              ro code  0x1008'0fac    0x16  strchr.o [52]
  .text              ro code  0x1008'0fc2     0xa  xsprout.o [50]
  .text              ro code  0x1008'0fcc    0x40  xfail_s.o [50]
  .text              ro code  0x1008'100c    0x36  strlen.o [52]
  .text              ro code  0x1008'1044    0x58  memchr.o [52]
  .text              ro code  0x1008'109c    0xa6  ABImemcpy.o [52]
  .text              ro code  0x1008'1144    0x70  frexp.o [51]
  .text              ro code  0x1008'11b4    0x34  DblCmpLe.o [51]
  .text              ro code  0x1008'11e8    0x34  DblCmpGe.o [51]
  .text              ro code  0x1008'121c   0x104  ldexp.o [51]
  .text              ro code  0x1008'1320     0xe  DblToS32.o [51]
  .text              ro code  0x1008'132e     0xe  S32ToDbl.o [51]
  .text              ro code  0x1008'133c    0x12  DblSub.o [51]
  .text              ro code  0x1008'134e    0x12  DblDiv.o [51]
  .text              ro code  0x1008'1360     0xe  DblToU32.o [51]
  .text              ro code  0x1008'136e     0xe  U32ToDbl.o [51]
  .text              ro code  0x1008'137c    0x12  DblMul.o [51]
  .text              ro code  0x1008'1390   0x230  I64DivMod.o [52]
  .text              ro code  0x1008'15c0     0x6  abort.o [50]
  .text              ro code  0x1008'15c8     0x2  I64DivZer.o [52]
  .text              ro code  0x1008'15cc    0x14  exit.o [53]
  .text              ro code  0x1008'15e0   0x8e8  cy_sysclk.o [33]
  .text              ro code  0x1008'1ec8    0x70  strncpy.o [52]
  .text              ro code  0x1008'1f38    0xa8  cy_syslib.o [36]
  .text              ro code  0x1008'1fe0    0x66  ABImemset.o [52]
  .text              ro code  0x1008'2046     0x2  cy_syslib.o [36]
  .text              ro code  0x1008'2048   0x828  zf_driver_uart.o [49]
  .text              ro code  0x1008'2870   0x430  zf_common_debug.o [46]
  .text              ro code  0x1008'2ca0     0x6  ABImemclr4.o [52]
  .text              ro code  0x1008'2ca8   0x194  cy_gpio.o [14]
  .text              ro code  0x1008'2e3c   0x314  cy_scb_uart.o [24]
  .text              ro code  0x1008'3150    0xe2  zf_common_interrupt.o [46]
  .text              ro code  0x1008'3234    0x40  sprintf.o [50]
  .text              ro code  0x1008'3274   0x448  zf_common_fifo.o [46]
  .text              ro code  0x1008'36bc    0x32  ABImemset48.o [52]
  .text              ro code  0x1008'36f0    0x20  zf_driver_pwm.o [49]
  .text              ro code  0x1008'3710    0xac  cy_sysint.o [35]
  .text              ro code  0x1008'37bc   0x40c  zf_driver_encoder.o [49]
  .text              ro code  0x1008'3bc8   0x1ae  cy_tcpwm_counter.o [43]
  .text              ro code  0x1008'3d78    0x30  zf_driver_gpio.o [49]
  .text              ro code  0x1008'3da8   0x190  cy_tcpwm_quaddec.o [43]
  .text              ro code  0x1008'3f38    0x18  cy_tcpwm.o [43]
  .text              ro code  0x1008'3f50   0x398  zf_driver_pit.o [49]
  .text              ro code  0x1008'42e8   0x284  zf_driver_delay.o [49]
  .text              ro code  0x1008'456c   0x208  cm7_0_isr.o [45]
  .text              ro code  0x1008'4774    0x40  encoder.o [5]
  .text              ro code  0x1008'47b4    0x7c  zf_device_tsl1401.o [48]
  .text              ro code  0x1008'4830   0x114  zf_device_gnss.o [48]
  .text              ro code  0x1008'4944    0x74  zf_driver_adc.o [49]
  .text              ro code  0x1008'49b8    0x2a  strncmp.o [50]
  .text              ro code  0x1008'49e4   0x204  startup.o [31]
  .text              ro code  0x1008'4be8   0x150  system_tviibh4m_cm7.o [22]
  .text              ro code  0x1008'4d38     0x8  startup_cm7.o [31]
  .text              ro code  0x1008'4d40     0x6  startup_cm7.o [31]
  .text              ro code  0x1008'4d48   0x198  cy_interrupt_map.o [23]
  .text              ro code  0x1008'4ee0    0xb0  startup_cm7.o [31]
  .rodata            const    0x1008'4f90    0x78  system_tviibh4m_cm7.o [22]
  .rodata            const    0x1008'5008    0x74  cy_sysclk.o [33]
  .rodata            const    0x1008'507c    0x74  cy_sysclk.o [33]
  .rodata            const    0x1008'50f0    0x64  zf_common_fifo.o [46]
  .rodata            const    0x1008'5154    0x64  zf_driver_uart.o [49]
  .text              ro code  0x1008'51b8    0x48  main_cm7_0.o [45]
  .text              ro code  0x1008'5200    0x1c  zf_common_clock.o [46]
  .text              ro code  0x1008'521c    0x28  printf.o [50]
  .text              ro code  0x1008'5244    0x38  zero_init3.o [52]
  .text              ro code  0x1008'527c    0x28  data_init.o [52]
  .text              ro code  0x1008'52a4    0x22  fpinit_M.o [51]
  .iar.init_table    const    0x1008'52c8    0x20  - Linker created -
  .rodata            const    0x1008'52e8    0x20  main_cm7_0.o [45]
  .rodata            const    0x1008'5308    0x20  main_cm7_0.o [45]
  .text              ro code  0x1008'5328    0x20  startup_cm7.o [31]
  .text              ro code  0x1008'5348    0x20  putchar.o [50]
  .text              ro code  0x1008'5370    0x1e  cy_syslib_iar.o [36]
  .text              ro code  0x1008'5390    0x1e  cmain.o [52]
  .text              ro code  0x1008'53b0     0x4  startup_cm7.o [31]
  .text              ro code  0x1008'53b4     0x4  exit.o [50]
  .text              ro code  0x1008'53b8     0xa  cexit.o [52]
  .rodata            const    0x1008'53c4    0x1c  zf_common_debug.o [46]
  .text              ro code  0x1008'53e0    0x1c  startup_cm7.o [31]
  .text              ro code  0x1008'53fc    0x1c  cstartup_M.o [52]
  .rodata            const    0x1008'5418    0x18  startup.o [31]
  .rodata            const    0x1008'5430    0x18  system_tviibh4m_cm7.o [22]
  .rodata            const    0x1008'5448    0x18  zf_common_debug.o [46]
  .text              ro code  0x1008'5460    0x16  xprout.o [50]
  .rodata            const    0x1008'5478    0x10  zf_common_debug.o [46]
  .rodata            const    0x1008'5488    0x10  zf_common_debug.o [46]
  .rodata            const    0x1008'5498     0xc  zf_common_debug.o [46]
  .rodata            const    0x1008'54a4     0xc  zf_common_debug.o [46]
  .text              ro code  0x1008'54b0     0xc  cy_syslib.o [36]
  .rodata            const    0x1008'54bc     0x8  cy_sysclk.o [33]
  .rodata            const    0x1008'54c4     0x4  cy_interrupt_map.o [23]
  .rodata            const    0x1008'54c8     0x4  cy_interrupt_map.o [23]
  .rodata            const    0x1008'54cc     0x4  cy_interrupt_map.o [23]
  .rodata            const    0x1008'54d0     0x4  cy_interrupt_map.o [23]
  .rodata            const    0x1008'54d4     0x4  cy_interrupt_map.o [23]
  .rodata            const    0x1008'54d8     0x4  cy_interrupt_map.o [23]
  .rodata            const    0x1008'54dc     0x4  cy_interrupt_map.o [23]
  .rodata            const    0x1008'54e0     0x4  cy_interrupt_map.o [23]
  .rodata            const    0x1008'54e4     0x4  cy_scb_uart.o [24]
  .rodata            const    0x1008'54e8     0x4  cy_scb_uart.o [24]
  .rodata            const    0x1008'54ec     0x4  cy_scb_uart.o [24]
  .rodata            const    0x1008'54f0     0x4  cy_scb_uart.o [24]
  .rodata            const    0x1008'54f4     0x4  cy_scb_uart.o [24]
  .rodata            const    0x1008'54f8     0x4  cy_scb_uart.o [24]
  .rodata            const    0x1008'54fc     0x4  cy_scb_uart.o [24]
  .rodata            const    0x1008'5500     0x4  cy_scb_uart.o [24]
  .rodata            const    0x1008'5504     0x4  cy_scb_uart.o [24]
  .rodata            const    0x1008'5508     0x4  cy_scb_uart.o [24]
  .rodata            const    0x1008'550c     0x4  cy_sysint.o [35]
  .rodata            const    0x1008'5510     0x4  cy_sysint.o [35]
  .rodata            const    0x1008'5514     0x4  cy_tcpwm_counter.o [43]
  .rodata            const    0x1008'5518     0x4  cy_tcpwm_counter.o [43]
  .rodata            const    0x1008'551c     0x4  cy_tcpwm_counter.o [43]
  .rodata            const    0x1008'5520     0x4  cy_tcpwm_counter.o [43]
  .rodata            const    0x1008'5524     0x4  cy_tcpwm_counter.o [43]
  .rodata            const    0x1008'5528     0x4  cy_tcpwm_quaddec.o [43]
  .rodata            const    0x1008'552c     0x4  cy_tcpwm_quaddec.o [43]
  .rodata            const    0x1008'5530     0x4  cy_tcpwm_quaddec.o [43]
  .rodata            const    0x1008'5534     0x4  cy_tcpwm_quaddec.o [43]
  .rodata            const    0x1008'5538     0x4  cy_tcpwm_quaddec.o [43]
  .text              ro code  0x1008'553c     0x4  startup_cm7.o [31]
  .text              ro code  0x1008'5540     0x4  startup_cm7.o [31]
  .text              ro code  0x1008'5544     0x4  startup_cm7.o [31]
  .text              ro code  0x1008'5548     0x4  startup_cm7.o [31]
  .text              ro code  0x1008'554c     0x4  startup_cm7.o [31]
  .text              ro code  0x1008'5550     0x4  startup_cm7.o [31]
  .text              ro code  0x1008'5554     0x4  startup_cm7.o [31]
  .text              ro code  0x1008'5558     0x4  startup_cm7.o [31]
  .text              ro code  0x1008'555c     0x4  startup_cm7.o [31]
  .text              ro code  0x1008'5560     0x4  startup_cm7.o [31]
  .text              ro code  0x1008'5564     0x4  startup_cm7.o [31]
  .text              ro code  0x1008'5568     0x4  startup_cm7.o [31]
  .text              ro code  0x1008'556c     0x4  startup_cm7.o [31]
  .text              ro code  0x1008'5570     0x4  startup_cm7.o [31]
  .text              ro code  0x1008'5574     0x4  startup_cm7.o [31]
  .text              ro code  0x1008'5578     0x2  zf_device_type.o [48]
  .rodata            const    0x1008'557a     0x0  zero_init3.o [52]
  .rodata            const    0x1008'557a     0x0  lz77_init_single.o [52]
  Initializer bytes  const    0x1008'557a    0xa0  <for P2-1>
                            - 0x1008'561a  0x559a

"P2", part 1 of 3:                          0x784
  P2-1                        0x2802'0000   0x784  <Init block>
    .data            inited   0x2802'0000   0x6ec  cy_interrupt_map.o [23]
    .data            inited   0x2802'06ec     0x4  cy_interrupt_map.o [23]
    .data            inited   0x2802'06f0     0x4  zf_device_type.o [48]
    .data            inited   0x2802'06f4     0x4  zf_device_type.o [48]
    .data            inited   0x2802'06f8     0xc  zf_driver_adc.o [49]
    .data            inited   0x2802'0704     0x8  zf_driver_encoder.o [49]
    .data            inited   0x2802'070c    0x10  zf_driver_encoder.o [49]
    .data            inited   0x2802'071c    0x3c  zf_driver_pit.o [49]
    .data            inited   0x2802'0758    0x14  zf_driver_uart.o [49]
    .data            inited   0x2802'076c    0x14  zf_driver_uart.o [49]
    .data            inited   0x2802'0780     0x2  zf_driver_delay.o [49]
    .data            inited   0x2802'0782     0x1  zf_common_debug.o [46]
    .data            inited   0x2802'0783     0x1  zf_driver_delay.o [49]
                            - 0x2802'0784   0x784

"P2", part 2 of 3:                          0x63c
  .bss               zero     0x2802'0784   0x200  zf_device_tsl1401.o [48]
  .bss               zero     0x2802'0984   0x118  zf_driver_uart.o [49]
  .bss               zero     0x2802'0a9c    0x80  zf_device_gnss.o [48]
  .bss               zero     0x2802'0b1c    0x80  zf_device_gnss.o [48]
  .bss               zero     0x2802'0b9c    0x80  zf_device_gnss.o [48]
  .bss               zero     0x2802'0c1c    0x70  cy_syslib.o [36]
  .bss               zero     0x2802'0c8c    0x48  zf_driver_adc.o [49]
  .bss               zero     0x2802'0cd4    0x40  zf_common_debug.o [46]
  .bss               zero     0x2802'0d14    0x18  cy_sysclk.o [33]
  .bss               zero     0x2802'0d2c    0x18  cy_syslib.o [36]
  .bss               zero     0x2802'0d44    0x18  zf_common_debug.o [46]
  .bss               zero     0x2802'0d5c    0x18  zf_device_gnss.o [48]
  .bss               zero     0x2802'0d74    0x14  zf_common_debug.o [46]
  .bss               zero     0x2802'0d88     0x4  cy_syslib.o [36]
  .bss               zero     0x2802'0d8c     0x4  encoder.o [5]
  .bss               zero     0x2802'0d90     0x4  system_tviibh4m_cm7.o [22]
  .bss               zero     0x2802'0d94     0x4  system_tviibh4m_cm7.o [22]
  .bss               zero     0x2802'0d98     0x4  system_tviibh4m_cm7.o [22]
  .bss               zero     0x2802'0d9c     0x4  system_tviibh4m_cm7.o [22]
  .bss               zero     0x2802'0da0     0x4  system_tviibh4m_cm7.o [22]
  .bss               zero     0x2802'0da4     0x4  zf_common_clock.o [46]
  .bss               zero     0x2802'0da8     0x4  zf_common_interrupt.o [46]
  .bss               zero     0x2802'0dac     0x4  zf_driver_encoder.o [49]
  .bss               zero     0x2802'0db0     0x4  xfail_s.o [50]
  .bss               zero     0x2802'0db4     0x1  cy_sysclk.o [33]
  .bss               zero     0x2802'0db5     0x1  zf_common_debug.o [46]
  .bss               zero     0x2802'0db6     0x1  zf_common_debug.o [46]
  .bss               zero     0x2802'0db7     0x1  zf_common_debug.o [46]
  .bss               zero     0x2802'0db8     0x1  zf_device_gnss.o [48]
  .bss               zero     0x2802'0db9     0x1  zf_device_gnss.o [48]
  .bss               zero     0x2802'0dba     0x1  zf_device_gnss.o [48]
  .bss               zero     0x2802'0dbb     0x1  zf_device_gnss.o [48]
  .bss               zero     0x2802'0dbc     0x1  zf_device_gnss.o [48]
  .bss               zero     0x2802'0dbd     0x1  zf_device_tsl1401.o [48]
  .bss               zero     0x2802'0dbe     0x1  zf_device_tsl1401.o [48]
                            - 0x2802'0dbf   0x63b

"P2", part 3 of 3:                           0x80
  .intvec_ram        uninit   0x2802'0e00    0x80  startup_cm7.o [31]
                            - 0x2802'0e80    0x80

"A1":                                      0x2000
  HEAP_STACK                  0x2807'e000  0x2000  <Block>
    CSTACK                    0x2807'e000  0x2000  <Block>
      CSTACK         uninit   0x2807'e000  0x2000  <Block tail>
                            - 0x2808'0000  0x2000

Unused ranges:

         From           To       Size
         ----           --       ----
  0x1008'56df  0x1027'ffff  0x1f'a921
  0x2802'0dc0  0x2802'0dff       0x40
  0x2802'0e80  0x2807'dfff   0x5'd180


*******************************************************************************
*** INIT TABLE
***

          Address      Size
          -------      ----
Zero (__iar_zero_init3)
    1 destination range, total size 0x63b:
          0x2802'0784  0x63b

Copy/lz77 (__iar_lz77_init_single3)
    1 source range, total size 0xa0 (8% of destination):
          0x1008'557a   0xa0
    1 destination range, total size 0x784:
          0x2802'0000  0x784



*******************************************************************************
*** MODULE SUMMARY
***

    Module                 ro code  ro data  rw data
    ------                 -------  -------  -------
command line/config:
    ------------------------------------------------
    Total:

D:\CYT4BB7_Library-master\Seekfree_CYT4BB_Opensource_Library\project\iar\Debug_m7_0\Obj\adc_11722776235721520015.dir: [1]
    ------------------------------------------------
    Total:

D:\CYT4BB7_Library-master\Seekfree_CYT4BB_Opensource_Library\project\iar\Debug_m7_0\Obj\audioss_1346650047966882938.dir: [2]
    ------------------------------------------------
    Total:

D:\CYT4BB7_Library-master\Seekfree_CYT4BB_Opensource_Library\project\iar\Debug_m7_0\Obj\button_4990804375159372270.dir: [3]
    ------------------------------------------------
    Total:

D:\CYT4BB7_Library-master\Seekfree_CYT4BB_Opensource_Library\project\iar\Debug_m7_0\Obj\canfd_1800690984773873875.dir: [4]
    ------------------------------------------------
    Total:

D:\CYT4BB7_Library-master\Seekfree_CYT4BB_Opensource_Library\project\iar\Debug_m7_0\Obj\code_17896468042025673432.dir: [5]
    encoder.o                   64                 4
    ------------------------------------------------
    Total:                      64                 4

D:\CYT4BB7_Library-master\Seekfree_CYT4BB_Opensource_Library\project\iar\Debug_m7_0\Obj\cpu_15938736945165268644.dir: [6]
    ------------------------------------------------
    Total:

D:\CYT4BB7_Library-master\Seekfree_CYT4BB_Opensource_Library\project\iar\Debug_m7_0\Obj\crypto_1190170608956581615.dir: [7]
    ------------------------------------------------
    Total:

D:\CYT4BB7_Library-master\Seekfree_CYT4BB_Opensource_Library\project\iar\Debug_m7_0\Obj\dma_12106025507578611576.dir: [8]
    ------------------------------------------------
    Total:

D:\CYT4BB7_Library-master\Seekfree_CYT4BB_Opensource_Library\project\iar\Debug_m7_0\Obj\eth_phy_18133017486186456677.dir: [9]
    ------------------------------------------------
    Total:

D:\CYT4BB7_Library-master\Seekfree_CYT4BB_Opensource_Library\project\iar\Debug_m7_0\Obj\ethernet_6029839089178797009.dir: [10]
    ------------------------------------------------
    Total:

D:\CYT4BB7_Library-master\Seekfree_CYT4BB_Opensource_Library\project\iar\Debug_m7_0\Obj\evtgen_3404189088603873129.dir: [11]
    ------------------------------------------------
    Total:

D:\CYT4BB7_Library-master\Seekfree_CYT4BB_Opensource_Library\project\iar\Debug_m7_0\Obj\flash_8529866181315662935.dir: [12]
    ------------------------------------------------
    Total:

D:\CYT4BB7_Library-master\Seekfree_CYT4BB_Opensource_Library\project\iar\Debug_m7_0\Obj\flash_864493325053435817.dir: [13]
    ------------------------------------------------
    Total:

D:\CYT4BB7_Library-master\Seekfree_CYT4BB_Opensource_Library\project\iar\Debug_m7_0\Obj\gpio_3999404635324069351.dir: [14]
    cy_gpio.o                  404
    ------------------------------------------------
    Total:                     404

D:\CYT4BB7_Library-master\Seekfree_CYT4BB_Opensource_Library\project\iar\Debug_m7_0\Obj\ipc_10145506163450686023.dir: [15]
    ------------------------------------------------
    Total:

D:\CYT4BB7_Library-master\Seekfree_CYT4BB_Opensource_Library\project\iar\Debug_m7_0\Obj\lin_18429031207028094880.dir: [16]
    ------------------------------------------------
    Total:

D:\CYT4BB7_Library-master\Seekfree_CYT4BB_Opensource_Library\project\iar\Debug_m7_0\Obj\lvd_6353935867039560245.dir: [17]
    ------------------------------------------------
    Total:

D:\CYT4BB7_Library-master\Seekfree_CYT4BB_Opensource_Library\project\iar\Debug_m7_0\Obj\mcwdt_4052485907822033969.dir: [18]
    ------------------------------------------------
    Total:

D:\CYT4BB7_Library-master\Seekfree_CYT4BB_Opensource_Library\project\iar\Debug_m7_0\Obj\mpu_5663187252346826382.dir: [19]
    ------------------------------------------------
    Total:

D:\CYT4BB7_Library-master\Seekfree_CYT4BB_Opensource_Library\project\iar\Debug_m7_0\Obj\power_14453085144426420577.dir: [20]
    ------------------------------------------------
    Total:

D:\CYT4BB7_Library-master\Seekfree_CYT4BB_Opensource_Library\project\iar\Debug_m7_0\Obj\prot_10722960861768657883.dir: [21]
    ------------------------------------------------
    Total:

D:\CYT4BB7_Library-master\Seekfree_CYT4BB_Opensource_Library\project\iar\Debug_m7_0\Obj\rev_b_4986922561640112550.dir: [22]
    system_tviibh4m_cm7.o      336      144       20
    ------------------------------------------------
    Total:                     336      144       20

D:\CYT4BB7_Library-master\Seekfree_CYT4BB_Opensource_Library\project\iar\Debug_m7_0\Obj\rev_b_6162237342861132223.dir: [23]
    cy_interrupt_map.o         408      179    1'776
    ------------------------------------------------
    Total:                     408      179    1'776

D:\CYT4BB7_Library-master\Seekfree_CYT4BB_Opensource_Library\project\iar\Debug_m7_0\Obj\scb_15490842639181808494.dir: [24]
    cy_scb_uart.o              788       40
    ------------------------------------------------
    Total:                     788       40

D:\CYT4BB7_Library-master\Seekfree_CYT4BB_Opensource_Library\project\iar\Debug_m7_0\Obj\sd_host_2982766354293506895.dir: [25]
    ------------------------------------------------
    Total:

D:\CYT4BB7_Library-master\Seekfree_CYT4BB_Opensource_Library\project\iar\Debug_m7_0\Obj\semihosting_143864889731838620.dir: [26]
    ------------------------------------------------
    Total:

D:\CYT4BB7_Library-master\Seekfree_CYT4BB_Opensource_Library\project\iar\Debug_m7_0\Obj\smartio_5451710003740070188.dir: [27]
    ------------------------------------------------
    Total:

D:\CYT4BB7_Library-master\Seekfree_CYT4BB_Opensource_Library\project\iar\Debug_m7_0\Obj\smif_427648126384146252.dir: [28]
    ------------------------------------------------
    Total:

D:\CYT4BB7_Library-master\Seekfree_CYT4BB_Opensource_Library\project\iar\Debug_m7_0\Obj\smif_mem_6470536964353725183.dir: [29]
    ------------------------------------------------
    Total:

D:\CYT4BB7_Library-master\Seekfree_CYT4BB_Opensource_Library\project\iar\Debug_m7_0\Obj\srom_13018798572330080582.dir: [30]
    ------------------------------------------------
    Total:

D:\CYT4BB7_Library-master\Seekfree_CYT4BB_Opensource_Library\project\iar\Debug_m7_0\Obj\startup_479057977785470282.dir: [31]
    startup.o                  516       24
    startup_cm7.o              442               128
    ------------------------------------------------
    Total:                     958       24      128

D:\CYT4BB7_Library-master\Seekfree_CYT4BB_Opensource_Library\project\iar\Debug_m7_0\Obj\sw_timer_4215635015939382130.dir: [32]
    ------------------------------------------------
    Total:

D:\CYT4BB7_Library-master\Seekfree_CYT4BB_Opensource_Library\project\iar\Debug_m7_0\Obj\sysclk_16149231235676103872.dir: [33]
    cy_sysclk.o              2'280      240       25
    ------------------------------------------------
    Total:                   2'280      240       25

D:\CYT4BB7_Library-master\Seekfree_CYT4BB_Opensource_Library\project\iar\Debug_m7_0\Obj\sysflt_12293435975120599261.dir: [34]
    ------------------------------------------------
    Total:

D:\CYT4BB7_Library-master\Seekfree_CYT4BB_Opensource_Library\project\iar\Debug_m7_0\Obj\sysint_7435970359207984181.dir: [35]
    cy_sysint.o                172        8
    ------------------------------------------------
    Total:                     172        8

D:\CYT4BB7_Library-master\Seekfree_CYT4BB_Opensource_Library\project\iar\Debug_m7_0\Obj\syslib_16330585751512546975.dir: [36]
    cy_syslib.o                182               140
    cy_syslib_iar.o             30
    ------------------------------------------------
    Total:                     212               140

D:\CYT4BB7_Library-master\Seekfree_CYT4BB_Opensource_Library\project\iar\Debug_m7_0\Obj\syspm_10887939769544754770.dir: [37]
    ------------------------------------------------
    Total:

D:\CYT4BB7_Library-master\Seekfree_CYT4BB_Opensource_Library\project\iar\Debug_m7_0\Obj\sysreghc_17676636058511625587.dir: [38]
    ------------------------------------------------
    Total:

D:\CYT4BB7_Library-master\Seekfree_CYT4BB_Opensource_Library\project\iar\Debug_m7_0\Obj\sysreset_14586141425677365288.dir: [39]
    ------------------------------------------------
    Total:

D:\CYT4BB7_Library-master\Seekfree_CYT4BB_Opensource_Library\project\iar\Debug_m7_0\Obj\sysrtc_10747768817563771611.dir: [40]
    ------------------------------------------------
    Total:

D:\CYT4BB7_Library-master\Seekfree_CYT4BB_Opensource_Library\project\iar\Debug_m7_0\Obj\systick_16016591671695740695.dir: [41]
    ------------------------------------------------
    Total:

D:\CYT4BB7_Library-master\Seekfree_CYT4BB_Opensource_Library\project\iar\Debug_m7_0\Obj\syswdt_9118657615806274156.dir: [42]
    ------------------------------------------------
    Total:

D:\CYT4BB7_Library-master\Seekfree_CYT4BB_Opensource_Library\project\iar\Debug_m7_0\Obj\tcpwm_422923530147891246.dir: [43]
    cy_tcpwm.o                  24
    cy_tcpwm_counter.o         430       20
    cy_tcpwm_quaddec.o         400       20
    ------------------------------------------------
    Total:                     854       40

D:\CYT4BB7_Library-master\Seekfree_CYT4BB_Opensource_Library\project\iar\Debug_m7_0\Obj\trigmux_9729677290734583340.dir: [44]
    ------------------------------------------------
    Total:

D:\CYT4BB7_Library-master\Seekfree_CYT4BB_Opensource_Library\project\iar\Debug_m7_0\Obj\user_8514941877209965082.dir: [45]
    cm7_0_isr.o                520
    main_cm7_0.o                72       64
    ------------------------------------------------
    Total:                     592       64

D:\CYT4BB7_Library-master\Seekfree_CYT4BB_Opensource_Library\project\iar\Debug_m7_0\Obj\zf_common_1201165462030747823.dir: [46]
    zf_common_clock.o           28                 4
    zf_common_debug.o        1'072      108      112
    zf_common_fifo.o         1'096      100
    zf_common_interrupt.o      226                 4
    ------------------------------------------------
    Total:                   2'422      208      120

D:\CYT4BB7_Library-master\Seekfree_CYT4BB_Opensource_Library\project\iar\Debug_m7_0\Obj\zf_components_14936052685886095442.dir: [47]
    ------------------------------------------------
    Total:

D:\CYT4BB7_Library-master\Seekfree_CYT4BB_Opensource_Library\project\iar\Debug_m7_0\Obj\zf_device_6570275422786408770.dir: [48]
    zf_device_gnss.o           276               413
    zf_device_tsl1401.o        124               514
    zf_device_type.o             2        1        8
    ------------------------------------------------
    Total:                     402        1      935

D:\CYT4BB7_Library-master\Seekfree_CYT4BB_Opensource_Library\project\iar\Debug_m7_0\Obj\zf_driver_11922370083829174090.dir: [49]
    zf_driver_adc.o            116        1       84
    zf_driver_delay.o          644        1        3
    zf_driver_encoder.o      1'036        2       28
    zf_driver_gpio.o            48
    zf_driver_pit.o            920        5       60
    zf_driver_pwm.o             32
    zf_driver_uart.o         2'088      103      320
    ------------------------------------------------
    Total:                   4'884      112      495

dl7M_tln.a: [50]
    abort.o                      6
    exit.o                       4
    printf.o                    40
    putchar.o                   32
    sprintf.o                   64
    strncmp.o                   42
    xfail_s.o                   64                 4
    xprintffull_nomb.o       3'758
    xprout.o                    22
    xsprout.o                   10
    ------------------------------------------------
    Total:                   4'042                 4

m7M_tlv.a: [51]
    DblCmpGe.o                  52
    DblCmpLe.o                  52
    DblDiv.o                    18
    DblMul.o                    18
    DblSub.o                    18
    DblToS32.o                  14
    DblToU32.o                  14
    S32ToDbl.o                  14
    U32ToDbl.o                  14
    fpinit_M.o                  34
    frexp.o                    112
    ldexp.o                    260
    ------------------------------------------------
    Total:                     620

rt7M_tl.a: [52]
    ABImemclr4.o                 6
    ABImemcpy.o                166
    ABImemset.o                102
    ABImemset48.o               50
    I64DivMod.o                560
    I64DivZer.o                  2
    cexit.o                     10
    cmain.o                     30
    cstartup_M.o                28
    data_init.o                 40
    lz77_init_single.o         126
    memchr.o                    88
    strchr.o                    22
    strlen.o                    54
    strncpy.o                  112
    zero_init3.o                56
    ------------------------------------------------
    Total:                   1'452

shb_l.a: [53]
    exit.o                      20
    ------------------------------------------------
    Total:                      20

    Gaps                        34        6
    Linker created                       32    8'192
----------------------------------------------------
    Grand Total:            20'944    1'098   11'839


*******************************************************************************
*** ENTRY LIST
***

Entry                       Address   Size  Type      Object
-----                       -------   ----  ----      ------
.iar.init_table$$Base   0x1008'52c8          --   Gb  - Linker created -
.iar.init_table$$Limit  0x1008'52e8          --   Gb  - Linker created -
?main                   0x1008'5391         Code  Gb  cmain.o [52]
BusFault_Handler        0x1008'5545         Code  Wk  startup_cm7.o [31]
CSTACK$$Base            0x2807'e000          --   Gb  - Linker created -
CSTACK$$Limit           0x2808'0000          --   Gb  - Linker created -
CopyVectorTable         0x1008'4b85   0x34  Code  Lc  startup.o [31]
CpuUserInt0_Handler     0x1008'4d67   0x26  Code  Gb  cy_interrupt_map.o [23]
CpuUserInt10_Handler    0x1008'5561         Code  Wk  startup_cm7.o [31]
CpuUserInt11_Handler    0x1008'5565         Code  Wk  startup_cm7.o [31]
CpuUserInt12_Handler    0x1008'5569         Code  Wk  startup_cm7.o [31]
CpuUserInt13_Handler    0x1008'556d         Code  Wk  startup_cm7.o [31]
CpuUserInt14_Handler    0x1008'5571         Code  Wk  startup_cm7.o [31]
CpuUserInt15_Handler    0x1008'5575         Code  Wk  startup_cm7.o [31]
CpuUserInt1_Handler     0x1008'4d8d   0x26  Code  Gb  cy_interrupt_map.o [23]
CpuUserInt2_Handler     0x1008'4db3   0x26  Code  Gb  cy_interrupt_map.o [23]
CpuUserInt3_Handler     0x1008'4dd9   0x26  Code  Gb  cy_interrupt_map.o [23]
CpuUserInt4_Handler     0x1008'4dff   0x26  Code  Gb  cy_interrupt_map.o [23]
CpuUserInt5_Handler     0x1008'4e25   0x26  Code  Gb  cy_interrupt_map.o [23]
CpuUserInt6_Handler     0x1008'4e4b   0x26  Code  Gb  cy_interrupt_map.o [23]
CpuUserInt7_Handler     0x1008'4e71   0x26  Code  Gb  cy_interrupt_map.o [23]
CpuUserInt8_Handler     0x1008'5559         Code  Wk  startup_cm7.o [31]
CpuUserInt9_Handler     0x1008'555d         Code  Wk  startup_cm7.o [31]
Cy_DefaultUserHandler   0x1008'4d65    0x2  Code  Gb  cy_interrupt_map.o [23]
Cy_GPIO_ClearInterrupt  0x1008'2d7b    0xe  Code  Lc  cy_gpio.o [14]
Cy_GPIO_Pin_Init        0x1008'2dbf   0x72  Code  Gb  cy_gpio.o [14]
Cy_GPIO_Read            0x1008'3d79    0xa  Code  Lc  zf_driver_gpio.o [49]
Cy_GPIO_SetDriveSel     0x1008'2d5d   0x1e  Code  Lc  cy_gpio.o [14]
Cy_GPIO_SetDrivemode    0x1008'2d0d   0x1c  Code  Lc  cy_gpio.o [14]
Cy_GPIO_SetHSIOM        0x1008'2ca9   0x4c  Code  Lc  cy_gpio.o [14]
Cy_GPIO_SetInterruptEdge
                        0x1008'2da3   0x1c  Code  Lc  cy_gpio.o [14]
Cy_GPIO_SetInterruptMask
                        0x1008'2d89   0x1a  Code  Lc  cy_gpio.o [14]
Cy_GPIO_SetSlewRate     0x1008'2d43   0x1a  Code  Lc  cy_gpio.o [14]
Cy_GPIO_SetVtrip        0x1008'2d29   0x1a  Code  Lc  cy_gpio.o [14]
Cy_GPIO_Write           0x1008'2cf5   0x18  Code  Lc  cy_gpio.o [14]
Cy_RestoreIRQ           0x1008'4d41         Code  Gb  startup_cm7.o [31]
Cy_SCB_ClearRxInterrupt
                        0x1008'4573    0xa  Code  Lc  cm7_0_isr.o [45]
Cy_SCB_ClearTxInterrupt
                        0x1008'4583    0xa  Code  Lc  cm7_0_isr.o [45]
Cy_SCB_GetNumInRxFifo   0x1008'21f3    0xa  Code  Lc  zf_driver_uart.o [49]
Cy_SCB_GetNumInTxFifo   0x1008'2203    0xa  Code  Lc  zf_driver_uart.o [49]
Cy_SCB_GetRxInterruptMask
                        0x1008'456d    0x6  Code  Lc  cm7_0_isr.o [45]
Cy_SCB_GetRxInterruptMask
                        0x1008'223f    0x6  Code  Lc  zf_driver_uart.o [49]
Cy_SCB_GetTxInterruptMask
                        0x1008'457d    0x6  Code  Lc  cm7_0_isr.o [45]
Cy_SCB_GetTxInterruptMask
                        0x1008'224b    0x6  Code  Lc  zf_driver_uart.o [49]
Cy_SCB_GetTxSrValid     0x1008'220d    0xa  Code  Lc  zf_driver_uart.o [49]
Cy_SCB_IsTxComplete     0x1008'2217   0x22  Code  Lc  zf_driver_uart.o [49]
Cy_SCB_ReadRxFifo       0x1008'21ed    0x6  Code  Lc  zf_driver_uart.o [49]
Cy_SCB_SetRxInterruptMask
                        0x1008'2239    0x6  Code  Lc  zf_driver_uart.o [49]
Cy_SCB_SetTxInterruptMask
                        0x1008'2245    0x6  Code  Lc  zf_driver_uart.o [49]
Cy_SCB_UART_DeInit      0x1008'30c1   0x5c  Code  Gb  cy_scb_uart.o [24]
Cy_SCB_UART_Enable      0x1008'2251    0xa  Code  Lc  zf_driver_uart.o [49]
Cy_SCB_UART_Init        0x1008'2e3d  0x284  Code  Gb  cy_scb_uart.o [24]
Cy_SCB_WriteTxFifo      0x1008'21fd    0x6  Code  Lc  zf_driver_uart.o [49]
Cy_SaveIRQ              0x1008'4d39         Code  Gb  startup_cm7.o [31]
Cy_SysClk_CheckDividerExisting
                        0x1008'42e9   0x2a  Code  Lc  zf_driver_delay.o [49]
Cy_SysClk_CheckDividerExisting
                        0x1008'37bd   0x2c  Code  Lc  zf_driver_encoder.o [49]
Cy_SysClk_CheckDividerExisting
                        0x1008'3f51   0x2c  Code  Lc  zf_driver_pit.o [49]
Cy_SysClk_CheckDividerExisting
                        0x1008'2049   0x2c  Code  Lc  zf_driver_uart.o [49]
Cy_SysClk_ClkPathGetSource
                        0x1008'1755   0x54  Code  Gb  cy_sysclk.o [33]
Cy_SysClk_EcoGetStatus  0x1008'15e1   0x1a  Code  Lc  cy_sysclk.o [33]
Cy_SysClk_Fast0ClkGetDivider
                        0x1008'1729   0x16  Code  Lc  cy_sysclk.o [33]
Cy_SysClk_Fast1ClkGetDivider
                        0x1008'173f   0x16  Code  Lc  cy_sysclk.o [33]
Cy_SysClk_FllGetConfiguration
                        0x1008'17b1   0x7e  Code  Gb  cy_sysclk.o [33]
Cy_SysClk_FllGetLockStatus
                        0x1008'15fb    0xc  Code  Lc  cy_sysclk.o [33]
Cy_SysClk_GetClockGroup
                        0x1008'4391    0x8  Code  Lc  zf_driver_delay.o [49]
Cy_SysClk_GetClockGroup
                        0x1008'386b    0x8  Code  Lc  zf_driver_encoder.o [49]
Cy_SysClk_GetClockGroup
                        0x1008'3fff    0x8  Code  Lc  zf_driver_pit.o [49]
Cy_SysClk_GetClockGroup
                        0x1008'212d    0x8  Code  Lc  zf_driver_uart.o [49]
Cy_SysClk_GetCoreFrequency
                        0x1008'1e75   0x2a  Code  Gb  cy_sysclk.o [33]
Cy_SysClk_GetEcoFrequency
                        0x1008'197d   0x32  Code  Gb  cy_sysclk.o [33]
Cy_SysClk_GetExtFrequency
                        0x1008'19b1   0x1e  Code  Gb  cy_sysclk.o [33]
Cy_SysClk_GetFast0Frequency
                        0x1008'1dc9   0x56  Code  Gb  cy_sysclk.o [33]
Cy_SysClk_GetFast1Frequency
                        0x1008'1e1f   0x56  Code  Gb  cy_sysclk.o [33]
Cy_SysClk_GetFllInputFrequency
                        0x1008'1ad1    0xc  Code  Gb  cy_sysclk.o [33]
Cy_SysClk_GetFllOutputFrequency
                        0x1008'1af9   0x78  Code  Gb  cy_sysclk.o [33]
Cy_SysClk_GetHfClkFrequency
                        0x1008'1d4b   0x7a  Code  Gb  cy_sysclk.o [33]
Cy_SysClk_GetIlo0Frequency
                        0x1008'19cf   0x32  Code  Gb  cy_sysclk.o [33]
Cy_SysClk_GetIlo1Frequency
                        0x1008'1a01   0x32  Code  Gb  cy_sysclk.o [33]
Cy_SysClk_GetImoFrequency
                        0x1008'194b   0x32  Code  Gb  cy_sysclk.o [33]
Cy_SysClk_GetPathFrequency
                        0x1008'1d19   0x32  Code  Gb  cy_sysclk.o [33]
Cy_SysClk_GetPathSourceFrequency
                        0x1008'1a6d   0x64  Code  Gb  cy_sysclk.o [33]
Cy_SysClk_GetPll400MNo  0x1008'1645   0x14  Code  Lc  cy_sysclk.o [33]
Cy_SysClk_GetPllInputFrequency
                        0x1008'1add   0x1c  Code  Gb  cy_sysclk.o [33]
Cy_SysClk_GetPllNo      0x1008'1609   0x12  Code  Lc  cy_sysclk.o [33]
Cy_SysClk_GetPllOutputFrequency
                        0x1008'1b75  0x1a0  Code  Gb  cy_sysclk.o [33]
Cy_SysClk_GetWcoFrequency
                        0x1008'1a33   0x32  Code  Gb  cy_sysclk.o [33]
Cy_SysClk_HfClockGetDivider
                        0x1008'16e7   0x42  Code  Lc  cy_sysclk.o [33]
Cy_SysClk_HfClockGetSource
                        0x1008'1693   0x54  Code  Lc  cy_sysclk.o [33]
Cy_SysClk_InitGetFreqParams
                        0x1008'1931   0x1a  Code  Gb  cy_sysclk.o [33]
Cy_SysClk_PeriphAssignDivider
                        0x1008'4399   0x68  Code  Lc  zf_driver_delay.o [49]
Cy_SysClk_PeriphAssignDivider
                        0x1008'3873   0x6a  Code  Lc  zf_driver_encoder.o [49]
Cy_SysClk_PeriphAssignDivider
                        0x1008'4007   0x68  Code  Lc  zf_driver_pit.o [49]
Cy_SysClk_PeriphAssignDivider
                        0x1008'2135   0x6a  Code  Lc  zf_driver_uart.o [49]
Cy_SysClk_PeriphEnableDivider
                        0x1008'4401   0x4c  Code  Lc  zf_driver_delay.o [49]
Cy_SysClk_PeriphEnableDivider
                        0x1008'38dd   0x4e  Code  Lc  zf_driver_encoder.o [49]
Cy_SysClk_PeriphEnableDivider
                        0x1008'406f   0x4c  Code  Lc  zf_driver_pit.o [49]
Cy_SysClk_PeriphEnableDivider
                        0x1008'219f   0x4e  Code  Lc  zf_driver_uart.o [49]
Cy_SysClk_PeriphSetDivider
                        0x1008'4313   0x7e  Code  Lc  zf_driver_delay.o [49]
Cy_SysClk_PeriphSetDivider
                        0x1008'37e9   0x82  Code  Lc  zf_driver_encoder.o [49]
Cy_SysClk_PeriphSetDivider
                        0x1008'3f7d   0x82  Code  Lc  zf_driver_pit.o [49]
Cy_SysClk_PeriphSetFracDivider
                        0x1008'2075   0xb8  Code  Lc  zf_driver_uart.o [49]
Cy_SysClk_Pll400MGetConfiguration
                        0x1008'189d   0x84  Code  Gb  cy_sysclk.o [33]
Cy_SysClk_Pll400MGetLockStatus
                        0x1008'1659   0x2a  Code  Lc  cy_sysclk.o [33]
Cy_SysClk_PllGetConfiguration
                        0x1008'1849   0x48  Code  Gb  cy_sysclk.o [33]
Cy_SysClk_PllGetLockStatus
                        0x1008'161b   0x28  Code  Lc  cy_sysclk.o [33]
Cy_SysClk_WcoOkay       0x1008'1685    0xe  Code  Lc  cy_sysclk.o [33]
Cy_SysInt_InitIRQ       0x1008'3711   0x7e  Code  Gb  cy_sysint.o [35]
Cy_SysInt_SetSystemIrqVector
                        0x1008'378f   0x12  Code  Gb  cy_sysint.o [35]
Cy_SysInt_SystemIrqUserTableRamPointer
                        0x2802'06ec    0x4  Data  Gb  cy_interrupt_map.o [23]
Cy_SysLib_DelayCycles   0x1008'5371         Code  Gb  cy_syslib_iar.o [36]
Cy_SysLib_EnterCriticalSection
                        0x1008'5381         Code  Gb  cy_syslib_iar.o [36]
Cy_SysLib_ExitCriticalSection
                        0x1008'5389         Code  Gb  cy_syslib_iar.o [36]
Cy_SysLib_FaultHandler  0x1008'1f3d   0x90  Code  Gb  cy_syslib.o [36]
Cy_SysLib_Halt          0x1008'1f39    0x4  Code  Gb  cy_syslib.o [36]
Cy_SysLib_ProcessingFault
                        0x1008'2047    0x2  Code  Wk  cy_syslib.o [36]
Cy_SysLib_SvcHandler    0x1008'54b1    0xc  Code  Wk  cy_syslib.o [36]
Cy_SystemInitFpuEnable  0x1008'4cd9   0x1e  Code  Gb  system_tviibh4m_cm7.o [22]
Cy_SystemIrqUserTable   0x2802'0000  0x6ec  Data  Gb  cy_interrupt_map.o [23]
Cy_Tcpwm_Counter_ClearTC_Intr
                        0x1008'3d67   0x10  Code  Gb  cy_tcpwm_counter.o [43]
Cy_Tcpwm_Counter_Enable
                        0x1008'3d49    0xa  Code  Gb  cy_tcpwm_counter.o [43]
Cy_Tcpwm_Counter_GetCounter
                        0x1008'3d57    0x4  Code  Gb  cy_tcpwm_counter.o [43]
Cy_Tcpwm_Counter_Init   0x1008'3bc9  0x16c  Code  Gb  cy_tcpwm_counter.o [43]
Cy_Tcpwm_Counter_SetCounter
                        0x1008'3d53    0x4  Code  Gb  cy_tcpwm_counter.o [43]
Cy_Tcpwm_Counter_SetTC_IntrMask
                        0x1008'3d5b    0xc  Code  Gb  cy_tcpwm_counter.o [43]
Cy_Tcpwm_QuadDec_DeInit
                        0x1008'3ee9   0x3e  Code  Gb  cy_tcpwm_quaddec.o [43]
Cy_Tcpwm_QuadDec_Enable
                        0x1008'3f27    0xa  Code  Gb  cy_tcpwm_quaddec.o [43]
Cy_Tcpwm_QuadDec_GetCounter
                        0x1008'3f35    0x4  Code  Gb  cy_tcpwm_quaddec.o [43]
Cy_Tcpwm_QuadDec_Init   0x1008'3da9  0x12a  Code  Gb  cy_tcpwm_quaddec.o [43]
Cy_Tcpwm_QuadDec_SetCounter
                        0x1008'3f31    0x4  Code  Gb  cy_tcpwm_quaddec.o [43]
Cy_Tcpwm_TriggerReloadOrIndex
                        0x1008'3f45    0xc  Code  Gb  cy_tcpwm.o [43]
Cy_Tcpwm_TriggerStart   0x1008'3f39    0xc  Code  Gb  cy_tcpwm.o [43]
Cy_u32StartupStackEndAddress
                        0x1008'4f8c         Data  Gb  startup_cm7.o [31]
Cy_u32StartupStackStartAddress
                        0x1008'4f88         Data  Gb  startup_cm7.o [31]
DebugMon_Handler        0x1008'554d         Code  Wk  startup_cm7.o [31]
HEAP_STACK$$Base        0x2807'e000          --   Gb  - Linker created -
HEAP_STACK$$Limit       0x2808'0000          --   Gb  - Linker created -
HardFault_Handler       0x1008'5329         Code  Wk  startup_cm7.o [31]
InitRamEcc              0x1008'4a73  0x100  Code  Lc  startup.o [31]
InitRamEccClearArea     0x1008'4b73   0x12  Code  Lc  startup.o [31]
MemManage_Handler       0x1008'5541         Code  Wk  startup_cm7.o [31]
NMI_Handler             0x1008'553d         Code  Wk  startup_cm7.o [31]
PendSV_Handler          0x1008'5551         Code  Wk  startup_cm7.o [31]
Region$$Table$$Base     0x1008'52c8          --   Gb  - Linker created -
Region$$Table$$Limit    0x1008'52e8          --   Gb  - Linker created -
Reset_Handler           0x1008'4ee1         Code  Wk  startup_cm7.o [31]
SVC_Handler             0x1008'53e1         Code  Wk  startup_cm7.o [31]
Startup_Init            0x1008'49e5   0x8e  Code  Gb  startup.o [31]
SysTick_Handler         0x1008'5555         Code  Wk  startup_cm7.o [31]
SystemCoreClock         0x2802'0d90    0x4  Data  Gb  system_tviibh4m_cm7.o [22]
SystemCoreClockUpdate   0x1008'4c45   0x94  Code  Gb  system_tviibh4m_cm7.o [22]
SystemInit              0x1008'4be9   0x5c  Code  Gb  system_tviibh4m_cm7.o [22]
UsageFault_Handler      0x1008'5549         Code  Wk  startup_cm7.o [31]
_LC                     0x1008'0081    0x6  Code  Lc  xprintffull_nomb.o [50]
_LitobFullNoMb          0x1008'0d4d  0x114  Code  Lc  xprintffull_nomb.o [50]
_PrintfFullNoMb         0x1008'0087  0xc98  Code  Gb  xprintffull_nomb.o [50]
_Prout                  0x1008'5461   0x16  Code  Gb  xprout.o [50]
_PutcharsFullNoMb       0x1008'0eb9   0x2e  Code  Lc  xprintffull_nomb.o [50]
_SProut                 0x1008'0fc3    0xa  Code  Gb  xsprout.o [50]
__NVIC_ClearPendingIRQ  0x1008'4d49   0x1c  Code  Lc  cy_interrupt_map.o [23]
__NVIC_ClearPendingIRQ  0x1008'316d   0x1c  Code  Lc  zf_common_interrupt.o [46]
__NVIC_EnableIRQ        0x1008'3151   0x1c  Code  Lc  zf_common_interrupt.o [46]
__NVIC_SetPriority      0x1008'3189   0x24  Code  Lc  zf_common_interrupt.o [46]
__Vectors               0x1008'0000          --   Gb  startup_cm7.o [31]
__Vectors_End           0x1008'0080         Data  Gb  startup_cm7.o [31]
__Vectors_Size {Abs}           0x80          --   Gb  startup_cm7.o [31]
__aeabi_cdcmple         0x1008'11b5         Code  Gb  DblCmpLe.o [51]
__aeabi_cdrcmple        0x1008'11e9         Code  Gb  DblCmpGe.o [51]
__aeabi_d2iz            0x1008'1321    0xe  Code  Gb  DblToS32.o [51]
__aeabi_d2uiz           0x1008'1361    0xe  Code  Gb  DblToU32.o [51]
__aeabi_ddiv            0x1008'134f   0x12  Code  Gb  DblDiv.o [51]
__aeabi_dmul            0x1008'137d   0x12  Code  Gb  DblMul.o [51]
__aeabi_dsub            0x1008'133d   0x12  Code  Gb  DblSub.o [51]
__aeabi_i2d             0x1008'132f    0xe  Code  Gb  S32ToDbl.o [51]
__aeabi_ldiv0           0x1008'15c9         Code  Gb  I64DivZer.o [52]
__aeabi_memclr4         0x1008'2ca1         Code  Gb  ABImemclr4.o [52]
__aeabi_memcpy          0x1008'109d         Code  Gb  ABImemcpy.o [52]
__aeabi_memcpy4         0x1008'10bd         Code  Gb  ABImemcpy.o [52]
__aeabi_memcpy8         0x1008'10bd         Code  Gb  ABImemcpy.o [52]
__aeabi_memset          0x1008'1fe1         Code  Gb  ABImemset.o [52]
__aeabi_ui2d            0x1008'136f    0xe  Code  Gb  U32ToDbl.o [51]
__aeabi_uldivmod        0x1008'1391         Code  Gb  I64DivMod.o [52]
__cmain                 0x1008'5391         Code  Gb  cmain.o [52]
__ecc_init_dtcm_end_address {Abs}
                        0x2000'3fff         Data  Gb  <internal module>
__ecc_init_dtcm_start_address {Abs}
                        0x2000'0000         Data  Gb  <internal module>
__ecc_init_itcm_end_address {Abs}
                             0x3fff         Data  Gb  <internal module>
__ecc_init_itcm_start_address {Abs}
                                0x0         Data  Gb  <internal module>
__ecc_init_sram_end_address {Abs}
                        0x2807'ffff         Data  Gb  <internal module>
__ecc_init_sram_start_address {Abs}
                        0x2802'0000         Data  Gb  <internal module>
__exit                  0x1008'15cd   0x14  Code  Gb  exit.o [53]
__iar_Fail_s            0x1008'0fcd   0x1c  Code  Gb  xfail_s.o [50]
__iar_Memchr            0x1008'1045         Code  Gb  memchr.o [52]
__iar_Memset            0x1008'1fe1         Code  Gb  ABImemset.o [52]
__iar_Memset4_word      0x1008'36bd         Code  Gb  ABImemset48.o [52]
__iar_Memset8_word      0x1008'36bd         Code  Gb  ABImemset48.o [52]
__iar_Memset_word       0x1008'1fe9         Code  Gb  ABImemset.o [52]
__iar_Strchr            0x1008'0fad         Code  Gb  strchr.o [52]
__iar_data_init3        0x1008'527d   0x28  Code  Gb  data_init.o [52]
__iar_frexp             0x1008'1151         Code  Gb  frexp.o [51]
__iar_frexpl            0x1008'1151         Code  Gb  frexp.o [51]
__iar_init_vfp          0x1008'52a5         Code  Gb  fpinit_M.o [51]
__iar_ldexp64           0x1008'1231         Code  Gb  ldexp.o [51]
__iar_lz77_init_single3
                        0x1008'0f2f   0x7e  Code  Gb  lz77_init_single.o [52]
__iar_program_start     0x1008'53fd         Code  Gb  cstartup_M.o [52]
__iar_scalbln64         0x1008'1231         Code  Gb  ldexp.o [51]
__iar_scalbn64          0x1008'1231         Code  Gb  ldexp.o [51]
__iar_softfp___iar_frexp64
                        0x1008'1145         Code  Gb  frexp.o [51]
__iar_softfp___iar_ldexp64
                        0x1008'121d         Code  Gb  ldexp.o [51]
__iar_softfp___iar_scalbln64
                        0x1008'121d         Code  Gb  ldexp.o [51]
__iar_softfp___iar_scalbn64
                        0x1008'121d         Code  Gb  ldexp.o [51]
__iar_softfp_frexp      0x1008'1145         Code  Gb  frexp.o [51]
__iar_softfp_frexpl     0x1008'1145         Code  Gb  frexp.o [51]
__iar_softfp_ldexp      0x1008'121d         Code  Gb  ldexp.o [51]
__iar_softfp_ldexpl     0x1008'121d         Code  Gb  ldexp.o [51]
__iar_softfp_scalbln    0x1008'121d         Code  Gb  ldexp.o [51]
__iar_softfp_scalblnl   0x1008'121d         Code  Gb  ldexp.o [51]
__iar_softfp_scalbn     0x1008'121d         Code  Gb  ldexp.o [51]
__iar_softfp_scalbnl    0x1008'121d         Code  Gb  ldexp.o [51]
__iar_zero_init3        0x1008'5245   0x38  Code  Gb  zero_init3.o [52]
__low_level_init        0x1008'53b1         Code  Gb  startup_cm7.o [31]
__ramVectors            0x2802'0e00         Data  Gb  startup_cm7.o [31]
__vector_table          0x1008'0000         Data  Gb  startup_cm7.o [31]
__vector_table_0x1c     0x1008'001c         Data  Gb  startup_cm7.o [31]
__write                 0x1008'2b8f   0x12  Code  Gb  zf_common_debug.o [46]
_call_main              0x1008'539d         Code  Gb  cmain.o [52]
_exit                   0x1008'53b9         Code  Gb  cexit.o [52]
abort                   0x1008'15c1    0x6  Code  Gb  abort.o [50]
adc_convert             0x1008'4945   0x6c  Code  Gb  zf_driver_adc.o [49]
adc_resolution          0x2802'0c8c   0x48  Data  Lc  zf_driver_adc.o [49]
assert_interrupt_config
                        0x1008'31e5    0xc  Code  Gb  zf_common_interrupt.o [46]
clock_init              0x1008'5201   0x16  Code  Gb  zf_common_clock.o [46]
cy_assertFileName       0x2802'0d2c   0x18  Data  Gb  cy_syslib.o [36]
cy_assertLine           0x2802'0d88    0x4  Data  Gb  cy_syslib.o [36]
cy_delay32kMs           0x2802'0da0    0x4  Data  Gb  system_tviibh4m_cm7.o [22]
cy_delayFreqHz          0x2802'0d94    0x4  Data  Gb  system_tviibh4m_cm7.o [22]
cy_delayFreqKhz         0x2802'0d98    0x4  Data  Gb  system_tviibh4m_cm7.o [22]
cy_delayFreqMhz         0x2802'0d9c    0x4  Data  Gb  system_tviibh4m_cm7.o [22]
cy_faultFrame           0x2802'0c1c   0x70  Data  Gb  cy_syslib.o [36]
debug_assert_handler    0x1008'2ba1   0x3c  Code  Gb  zf_common_debug.o [46]
debug_assert_handler::assert_nest_index
                        0x2802'0db7    0x1  Data  Lc  zf_common_debug.o [46]
debug_delay             0x1008'2871   0x36  Code  Lc  zf_common_debug.o [46]
debug_info_init         0x1008'2c27   0x18  Code  Gb  zf_common_debug.o [46]
debug_init              0x1008'2c3f   0x2a  Code  Gb  zf_common_debug.o [46]
debug_interrupr_handler
                        0x1008'2b6f   0x20  Code  Gb  zf_common_debug.o [46]
debug_output            0x1008'28b3  0x2bc  Code  Lc  zf_common_debug.o [46]
debug_output_info       0x2802'0d74   0x14  Data  Lc  zf_common_debug.o [46]
debug_output_init       0x1008'2bfd   0x2a  Code  Gb  zf_common_debug.o [46]
debug_output_struct_init
                        0x1008'2bdd   0x20  Code  Gb  zf_common_debug.o [46]
debug_uart_buffer       0x2802'0cd4   0x40  Data  Gb  zf_common_debug.o [46]
debug_uart_data         0x2802'0db6    0x1  Data  Gb  zf_common_debug.o [46]
debug_uart_fifo         0x2802'0d44   0x18  Data  Gb  zf_common_debug.o [46]
debug_uart_str_output   0x1008'28a7    0xc  Code  Lc  zf_common_debug.o [46]
delay_clk               0x2802'0780    0x2  Data  Lc  zf_driver_delay.o [49]
divNumLocator           0x1008'54bc    0x8  Data  Gb  cy_sysclk.o [33]
encoder_clear_count     0x1008'3a23   0x2e  Code  Gb  zf_driver_encoder.o [49]
encoder_clk             0x2802'0704    0x8  Data  Gb  zf_driver_encoder.o [49]
encoder_data_dir        0x2802'0d8c    0x4  Data  Gb  encoder.o [5]
encoder_get_count       0x1008'39c3   0x60  Code  Gb  zf_driver_encoder.o [49]
encoder_init            0x1008'4775   0x18  Code  Gb  encoder.o [5]
encoder_mode            0x2802'0dac    0x4  Data  Lc  zf_driver_encoder.o [49]
encoder_module          0x2802'070c   0x10  Data  Gb  zf_driver_encoder.o [49]
encoder_quad_get_count  0x1008'478d   0x24  Code  Gb  encoder.o [5]
encoder_quad_init       0x1008'3a51  0x15a  Code  Gb  zf_driver_encoder.o [49]
exit                    0x1008'53b5    0x4  Code  Gb  exit.o [50]
fifo_clear              0x1008'32a9   0x74  Code  Gb  zf_common_fifo.o [46]
fifo_end_offset         0x1008'328f   0x1a  Code  Lc  zf_common_fifo.o [46]
fifo_head_offset        0x1008'3275   0x1a  Code  Lc  zf_common_fifo.o [46]
fifo_init               0x1008'367f   0x3a  Code  Gb  zf_common_fifo.o [46]
fifo_read_buffer        0x1008'34df  0x1a0  Code  Gb  zf_common_fifo.o [46]
fifo_used               0x1008'331d   0x22  Code  Gb  zf_common_fifo.o [46]
fifo_write_buffer       0x1008'333f  0x1a0  Code  Gb  zf_common_fifo.o [46]
get_ch1_hsiom           0x1008'3951   0x26  Code  Lc  zf_driver_encoder.o [49]
get_ch1_pin             0x1008'392b   0x26  Code  Lc  zf_driver_encoder.o [49]
get_ch2_hsiom           0x1008'399d   0x26  Code  Lc  zf_driver_encoder.o [49]
get_ch2_pin             0x1008'3977   0x26  Code  Lc  zf_driver_encoder.o [49]
get_scb_module          0x1008'23a7   0x44  Code  Gb  zf_driver_uart.o [49]
get_uart_config         0x1008'225b  0x14c  Code  Lc  zf_driver_uart.o [49]
gnss_flag               0x2802'0db8    0x1  Data  Gb  zf_device_gnss.o [48]
gnss_gga_state          0x2802'0dba    0x1  Data  Lc  zf_device_gnss.o [48]
gnss_receiver_fifo      0x2802'0d5c   0x18  Data  Lc  zf_device_gnss.o [48]
gnss_rmc_state          0x2802'0dbb    0x1  Data  Lc  zf_device_gnss.o [48]
gnss_state              0x2802'0db9    0x1  Data  Lc  zf_device_gnss.o [48]
gnss_ths_state          0x2802'0dbc    0x1  Data  Lc  zf_device_gnss.o [48]
gnss_uart_callback      0x1008'4831   0xe2  Code  Gb  zf_device_gnss.o [48]
gpio_get_level          0x1008'3d83   0x22  Code  Gb  zf_driver_gpio.o [49]
gps_gga_buffer          0x2802'0a9c   0x80  Data  Lc  zf_device_gnss.o [48]
gps_rmc_buffer          0x2802'0b1c   0x80  Data  Lc  zf_device_gnss.o [48]
gps_ths_buffer          0x2802'0b9c   0x80  Data  Lc  zf_device_gnss.o [48]
intFreqInitialized      0x2802'0db4    0x1  Data  Gb  cy_sysclk.o [33]
internalBaseFreqInfo    0x2802'0d14   0x18  Data  Gb  cy_sysclk.o [33]
interrupt_global_disable
                        0x1008'31bd   0x14  Code  Gb  zf_common_interrupt.o [46]
interrupt_global_enable
                        0x1008'31ad   0x10  Code  Gb  zf_common_interrupt.o [46]
interrupt_global_flag   0x2802'0da8    0x4  Data  Lc  zf_common_interrupt.o [46]
interrupt_init          0x1008'31fd   0x36  Code  Gb  zf_common_interrupt.o [46]
interrupt_set_priority  0x1008'31f1    0xc  Code  Gb  zf_common_interrupt.o [46]
ldexp                   0x1008'1231         Code  Gb  ldexp.o [51]
ldexpl                  0x1008'1231         Code  Gb  ldexp.o [51]
main                    0x1008'51b9   0x48  Code  Gb  main_cm7_0.o [45]
memchr                  0x1008'1045         Code  Gb  memchr.o [52]
pit0_ch0_isr            0x1008'458d    0xe  Code  Gb  cm7_0_isr.o [45]
pit0_ch10_isr           0x1008'45af    0xa  Code  Gb  cm7_0_isr.o [45]
pit0_ch11_isr           0x1008'45b9    0xa  Code  Gb  cm7_0_isr.o [45]
pit0_ch12_isr           0x1008'45c3    0xa  Code  Gb  cm7_0_isr.o [45]
pit0_ch13_isr           0x1008'45cd    0xa  Code  Gb  cm7_0_isr.o [45]
pit0_ch14_isr           0x1008'45d7    0xa  Code  Gb  cm7_0_isr.o [45]
pit0_ch15_isr           0x1008'45e1    0xa  Code  Gb  cm7_0_isr.o [45]
pit0_ch16_isr           0x1008'45eb    0xa  Code  Gb  cm7_0_isr.o [45]
pit0_ch17_isr           0x1008'45f5    0xa  Code  Gb  cm7_0_isr.o [45]
pit0_ch18_isr           0x1008'45ff    0xa  Code  Gb  cm7_0_isr.o [45]
pit0_ch19_isr           0x1008'4609    0xa  Code  Gb  cm7_0_isr.o [45]
pit0_ch1_isr            0x1008'459b    0xa  Code  Gb  cm7_0_isr.o [45]
pit0_ch20_isr           0x1008'4613    0xa  Code  Gb  cm7_0_isr.o [45]
pit0_ch21_isr           0x1008'461d    0xe  Code  Gb  cm7_0_isr.o [45]
pit0_ch2_isr            0x1008'45a5    0xa  Code  Gb  cm7_0_isr.o [45]
pit_init                0x1008'40e5  0x1ee  Code  Gb  zf_driver_pit.o [49]
pit_isr_flag_clear      0x1008'40bb   0x2a  Code  Gb  zf_driver_pit.o [49]
pit_isr_func            0x2802'071c   0x3c  Data  Gb  zf_driver_pit.o [49]
printf                  0x1008'521d   0x28  Code  Gb  printf.o [50]
putchar                 0x1008'5349   0x20  Code  Gb  putchar.o [50]
pwm_all_channel_close   0x1008'36f1   0x1a  Code  Gb  zf_driver_pwm.o [49]
sar_adc                 0x2802'06f8    0xc  Data  Lc  zf_driver_adc.o [49]
scalbln                 0x1008'1231         Code  Gb  ldexp.o [51]
scalblnl                0x1008'1231         Code  Gb  ldexp.o [51]
scalbn                  0x1008'1231         Code  Gb  ldexp.o [51]
scalbnl                 0x1008'1231         Code  Gb  ldexp.o [51]
scale                   0x1008'0e61   0x46  Code  Lc  xprintffull_nomb.o [50]
scb_module              0x2802'076c   0x14  Data  Gb  zf_driver_uart.o [49]
sec_hand                0x2802'0db0    0x4  Data  Lc  xfail_s.o [50]
sprintf                 0x1008'3235   0x40  Code  Gb  sprintf.o [50]
strchr                  0x1008'0fad         Code  Gb  strchr.o [52]
strlen                  0x1008'100d         Code  Gb  strlen.o [52]
strncmp                 0x1008'49b9   0x2a  Code  Gb  strncmp.o [50]
strncpy                 0x1008'1ec9         Code  Gb  strncpy.o [52]
system_clock            0x2802'0da4    0x4  Data  Gb  zf_common_clock.o [46]
system_delay_init       0x1008'44ab   0xa6  Code  Gb  zf_driver_delay.o [49]
system_delay_ms         0x1008'444d   0x5e  Code  Gb  zf_driver_delay.o [49]
timer_ch                0x2802'0783    0x1  Data  Lc  zf_driver_delay.o [49]
tsl1401_collect_pit_handler
                        0x1008'47b5   0x68  Code  Gb  zf_device_tsl1401.o [48]
tsl1401_data            0x2802'0784  0x200  Data  Gb  zf_device_tsl1401.o [48]
tsl1401_finish_flag     0x2802'0dbe    0x1  Data  Gb  zf_device_tsl1401.o [48]
tsl1401_init_state      0x2802'0dbd    0x1  Data  Lc  zf_device_tsl1401.o [48]
type_default_callback   0x1008'5579    0x2  Code  Lc  zf_device_type.o [48]
uart0_isr               0x1008'462b   0x40  Code  Gb  cm7_0_isr.o [45]
uart1_isr               0x1008'466b   0x42  Code  Gb  cm7_0_isr.o [45]
uart2_isr               0x1008'46ad   0x40  Code  Gb  cm7_0_isr.o [45]
uart3_isr               0x1008'46ed   0x3c  Code  Gb  cm7_0_isr.o [45]
uart4_isr               0x1008'4729   0x42  Code  Gb  cm7_0_isr.o [45]
uart_context            0x2802'0984  0x118  Data  Gb  zf_driver_uart.o [49]
uart_init               0x1008'2699  0x190  Code  Gb  zf_driver_uart.o [49]
uart_isr_func           0x2802'0758   0x14  Data  Gb  zf_driver_uart.o [49]
uart_query_byte         0x1008'244d   0x32  Code  Gb  zf_driver_uart.o [49]
uart_receiver_handler   0x2802'06f4    0x4  Data  Gb  zf_device_type.o [48]
uart_rx_interrupt       0x1008'259b   0xfe  Code  Gb  zf_driver_uart.o [49]
uart_tx_interrupt       0x1008'247f  0x11c  Code  Gb  zf_driver_uart.o [49]
uart_write_buffer       0x1008'2413   0x1e  Code  Gb  zf_driver_uart.o [49]
uart_write_byte         0x1008'23eb   0x28  Code  Gb  zf_driver_uart.o [49]
uart_write_string       0x1008'2431   0x1c  Code  Gb  zf_driver_uart.o [49]
wireless_module_uart_handler
                        0x2802'06f0    0x4  Data  Gb  zf_device_type.o [48]
zf_debug_assert_enable  0x2802'0782    0x1  Data  Lc  zf_common_debug.o [46]
zf_debug_init_flag      0x2802'0db5    0x1  Data  Lc  zf_common_debug.o [46]


[1] = D:\CYT4BB7_Library-master\Seekfree_CYT4BB_Opensource_Library\project\iar\Debug_m7_0\Obj\adc_11722776235721520015.dir
[2] = D:\CYT4BB7_Library-master\Seekfree_CYT4BB_Opensource_Library\project\iar\Debug_m7_0\Obj\audioss_1346650047966882938.dir
[3] = D:\CYT4BB7_Library-master\Seekfree_CYT4BB_Opensource_Library\project\iar\Debug_m7_0\Obj\button_4990804375159372270.dir
[4] = D:\CYT4BB7_Library-master\Seekfree_CYT4BB_Opensource_Library\project\iar\Debug_m7_0\Obj\canfd_1800690984773873875.dir
[5] = D:\CYT4BB7_Library-master\Seekfree_CYT4BB_Opensource_Library\project\iar\Debug_m7_0\Obj\code_17896468042025673432.dir
[6] = D:\CYT4BB7_Library-master\Seekfree_CYT4BB_Opensource_Library\project\iar\Debug_m7_0\Obj\cpu_15938736945165268644.dir
[7] = D:\CYT4BB7_Library-master\Seekfree_CYT4BB_Opensource_Library\project\iar\Debug_m7_0\Obj\crypto_1190170608956581615.dir
[8] = D:\CYT4BB7_Library-master\Seekfree_CYT4BB_Opensource_Library\project\iar\Debug_m7_0\Obj\dma_12106025507578611576.dir
[9] = D:\CYT4BB7_Library-master\Seekfree_CYT4BB_Opensource_Library\project\iar\Debug_m7_0\Obj\eth_phy_18133017486186456677.dir
[10] = D:\CYT4BB7_Library-master\Seekfree_CYT4BB_Opensource_Library\project\iar\Debug_m7_0\Obj\ethernet_6029839089178797009.dir
[11] = D:\CYT4BB7_Library-master\Seekfree_CYT4BB_Opensource_Library\project\iar\Debug_m7_0\Obj\evtgen_3404189088603873129.dir
[12] = D:\CYT4BB7_Library-master\Seekfree_CYT4BB_Opensource_Library\project\iar\Debug_m7_0\Obj\flash_8529866181315662935.dir
[13] = D:\CYT4BB7_Library-master\Seekfree_CYT4BB_Opensource_Library\project\iar\Debug_m7_0\Obj\flash_864493325053435817.dir
[14] = D:\CYT4BB7_Library-master\Seekfree_CYT4BB_Opensource_Library\project\iar\Debug_m7_0\Obj\gpio_3999404635324069351.dir
[15] = D:\CYT4BB7_Library-master\Seekfree_CYT4BB_Opensource_Library\project\iar\Debug_m7_0\Obj\ipc_10145506163450686023.dir
[16] = D:\CYT4BB7_Library-master\Seekfree_CYT4BB_Opensource_Library\project\iar\Debug_m7_0\Obj\lin_18429031207028094880.dir
[17] = D:\CYT4BB7_Library-master\Seekfree_CYT4BB_Opensource_Library\project\iar\Debug_m7_0\Obj\lvd_6353935867039560245.dir
[18] = D:\CYT4BB7_Library-master\Seekfree_CYT4BB_Opensource_Library\project\iar\Debug_m7_0\Obj\mcwdt_4052485907822033969.dir
[19] = D:\CYT4BB7_Library-master\Seekfree_CYT4BB_Opensource_Library\project\iar\Debug_m7_0\Obj\mpu_5663187252346826382.dir
[20] = D:\CYT4BB7_Library-master\Seekfree_CYT4BB_Opensource_Library\project\iar\Debug_m7_0\Obj\power_14453085144426420577.dir
[21] = D:\CYT4BB7_Library-master\Seekfree_CYT4BB_Opensource_Library\project\iar\Debug_m7_0\Obj\prot_10722960861768657883.dir
[22] = D:\CYT4BB7_Library-master\Seekfree_CYT4BB_Opensource_Library\project\iar\Debug_m7_0\Obj\rev_b_4986922561640112550.dir
[23] = D:\CYT4BB7_Library-master\Seekfree_CYT4BB_Opensource_Library\project\iar\Debug_m7_0\Obj\rev_b_6162237342861132223.dir
[24] = D:\CYT4BB7_Library-master\Seekfree_CYT4BB_Opensource_Library\project\iar\Debug_m7_0\Obj\scb_15490842639181808494.dir
[25] = D:\CYT4BB7_Library-master\Seekfree_CYT4BB_Opensource_Library\project\iar\Debug_m7_0\Obj\sd_host_2982766354293506895.dir
[26] = D:\CYT4BB7_Library-master\Seekfree_CYT4BB_Opensource_Library\project\iar\Debug_m7_0\Obj\semihosting_143864889731838620.dir
[27] = D:\CYT4BB7_Library-master\Seekfree_CYT4BB_Opensource_Library\project\iar\Debug_m7_0\Obj\smartio_5451710003740070188.dir
[28] = D:\CYT4BB7_Library-master\Seekfree_CYT4BB_Opensource_Library\project\iar\Debug_m7_0\Obj\smif_427648126384146252.dir
[29] = D:\CYT4BB7_Library-master\Seekfree_CYT4BB_Opensource_Library\project\iar\Debug_m7_0\Obj\smif_mem_6470536964353725183.dir
[30] = D:\CYT4BB7_Library-master\Seekfree_CYT4BB_Opensource_Library\project\iar\Debug_m7_0\Obj\srom_13018798572330080582.dir
[31] = D:\CYT4BB7_Library-master\Seekfree_CYT4BB_Opensource_Library\project\iar\Debug_m7_0\Obj\startup_479057977785470282.dir
[32] = D:\CYT4BB7_Library-master\Seekfree_CYT4BB_Opensource_Library\project\iar\Debug_m7_0\Obj\sw_timer_4215635015939382130.dir
[33] = D:\CYT4BB7_Library-master\Seekfree_CYT4BB_Opensource_Library\project\iar\Debug_m7_0\Obj\sysclk_16149231235676103872.dir
[34] = D:\CYT4BB7_Library-master\Seekfree_CYT4BB_Opensource_Library\project\iar\Debug_m7_0\Obj\sysflt_12293435975120599261.dir
[35] = D:\CYT4BB7_Library-master\Seekfree_CYT4BB_Opensource_Library\project\iar\Debug_m7_0\Obj\sysint_7435970359207984181.dir
[36] = D:\CYT4BB7_Library-master\Seekfree_CYT4BB_Opensource_Library\project\iar\Debug_m7_0\Obj\syslib_16330585751512546975.dir
[37] = D:\CYT4BB7_Library-master\Seekfree_CYT4BB_Opensource_Library\project\iar\Debug_m7_0\Obj\syspm_10887939769544754770.dir
[38] = D:\CYT4BB7_Library-master\Seekfree_CYT4BB_Opensource_Library\project\iar\Debug_m7_0\Obj\sysreghc_17676636058511625587.dir
[39] = D:\CYT4BB7_Library-master\Seekfree_CYT4BB_Opensource_Library\project\iar\Debug_m7_0\Obj\sysreset_14586141425677365288.dir
[40] = D:\CYT4BB7_Library-master\Seekfree_CYT4BB_Opensource_Library\project\iar\Debug_m7_0\Obj\sysrtc_10747768817563771611.dir
[41] = D:\CYT4BB7_Library-master\Seekfree_CYT4BB_Opensource_Library\project\iar\Debug_m7_0\Obj\systick_16016591671695740695.dir
[42] = D:\CYT4BB7_Library-master\Seekfree_CYT4BB_Opensource_Library\project\iar\Debug_m7_0\Obj\syswdt_9118657615806274156.dir
[43] = D:\CYT4BB7_Library-master\Seekfree_CYT4BB_Opensource_Library\project\iar\Debug_m7_0\Obj\tcpwm_422923530147891246.dir
[44] = D:\CYT4BB7_Library-master\Seekfree_CYT4BB_Opensource_Library\project\iar\Debug_m7_0\Obj\trigmux_9729677290734583340.dir
[45] = D:\CYT4BB7_Library-master\Seekfree_CYT4BB_Opensource_Library\project\iar\Debug_m7_0\Obj\user_8514941877209965082.dir
[46] = D:\CYT4BB7_Library-master\Seekfree_CYT4BB_Opensource_Library\project\iar\Debug_m7_0\Obj\zf_common_1201165462030747823.dir
[47] = D:\CYT4BB7_Library-master\Seekfree_CYT4BB_Opensource_Library\project\iar\Debug_m7_0\Obj\zf_components_14936052685886095442.dir
[48] = D:\CYT4BB7_Library-master\Seekfree_CYT4BB_Opensource_Library\project\iar\Debug_m7_0\Obj\zf_device_6570275422786408770.dir
[49] = D:\CYT4BB7_Library-master\Seekfree_CYT4BB_Opensource_Library\project\iar\Debug_m7_0\Obj\zf_driver_11922370083829174090.dir
[50] = dl7M_tln.a
[51] = m7M_tlv.a
[52] = rt7M_tl.a
[53] = shb_l.a
[54] = zf_device_config.a

  20'944 bytes of readonly  code memory
   1'098 bytes of readonly  data memory
  11'839 bytes of readwrite data memory

Errors: none
Warnings: none
